04-04 10:55:47.609   790   822 V WindowManagerShell: onTransitionReady (#38) android.os.BinderProxy@26e937b: {id=38 t=OPEN f=0x0 trk=0 r=[0@Point(0, 0)] c=[{WCT{android.window.IWindowContainerToken$Stub$Proxy@58e9f0c} m=OPEN f=NONE leash=Surface(name=Task=17)/@0x8bd14e0 sb=Rect(0, 0 - 1080, 2400) eb=Rect(0, 0 - 1080, 2400) d=0 taskParent=-1},{WCT{android.window.IWindowContainerToken$Stub$Proxy@1779055} m=TO_BACK f=SHOW_WALLPAPER leash=Surface(name=Task=1)/@0xa1e5399 sb=Rect(0, 0 - 1080, 2400) eb=Rect(0, 0 - 1080, 2400) d=0 taskParent=-1}]}
04-04 10:55:47.610   790   822 V WindowManagerShell: Transition (#38) android.os.BinderProxy@26e937b@0 ready while (#37) android.os.BinderProxy@38acb5a@0 is still animating. Notify the animating transition in case they can be merged
04-04 10:55:47.610   790   822 V WindowManagerShell:    Merge into remote: RemoteTransition { remoteTransition = android.window.IRemoteTransition$Stub$Proxy@4c90fe, appThread = android.app.IApplicationThread$Stub$Proxy@73b505f, debugName = QuickstepLaunchHome }
04-04 10:55:47.641   542  1591 W UserManagerService: Requested status bar icon for non-badged user 0
04-04 10:55:47.650  1034  1038 I s.nexuslauncher: Background concurrent mark compact GC freed 4209KB AllocSpace bytes, 68(1464KB) LOS objects, 49% free, 7805KB/15MB, paused 1.037ms,16.701ms total 195.690ms
04-04 10:55:47.652  1034  1040 W System  : A resource failed to call release. 
04-04 10:55:47.652  1034  1040 W s.nexuslauncher: ApkAssets: Deleting an ApkAssets object '<empty> and /data/app/~~NU91qWmDvTP879IdaB6dSg==/de.gaffga.android.zazentimer-bUUPOrcIIs5i8bwewNcXSg==/base.apk' with 1 weak references
04-04 10:55:47.653  1034  1040 W System  : A resource failed to call release. 
04-04 10:55:47.653  1034  1040 W System  : A resource failed to call release. 
04-04 10:55:47.653  1034  1040 W System  : A resource failed to call release. 
04-04 10:55:47.658   790   822 V WindowManagerShell: Transition animation finished (aborted=false), notifying core (#37) android.os.BinderProxy@38acb5a@0
04-04 10:55:47.662  5762  5762 D CompatChangeReporter: Compat change id reported: 242716250; UID 10209; state: ENABLED
04-04 10:55:47.663   542   569 V WindowManager: Finish Transition (#37): created at 04-04 10:55:46.978 collect-started=0.034ms request-sent=0.122ms started=9.96ms ready=13.45ms sent=120.378ms finished=682.577ms
04-04 10:55:47.666   790   822 V WindowManagerShell: Playing animation for (#38) android.os.BinderProxy@26e937b@0
04-04 10:55:47.677   790   822 V WindowManagerShell:  try handler com.android.wm.shell.transition.DefaultMixedHandler@44fcc89
04-04 10:55:47.677   790   822 V WindowManagerShell:  try handler com.android.wm.shell.keyguard.KeyguardTransitionHandler@2fb9ccb
04-04 10:55:47.677   790   822 V WindowManagerShell:  try handler com.android.wm.shell.pip.PipTransition@ee9cca8
04-04 10:55:47.677   790   822 V WindowManagerShell:  try handler com.android.wm.shell.activityembedding.ActivityEmbeddingController@7d783c1
04-04 10:55:47.677   790   822 V WindowManagerShell:  try handler com.android.wm.shell.recents.RecentsTransitionHandler@92e1766
04-04 10:55:47.678   790   822 V ShellRecents: RecentsTransitionHandler.startAnimation: no controller found
04-04 10:55:47.678   790   822 V WindowManagerShell:  try handler com.android.wm.shell.splitscreen.StageCoordinator@2a53aa7
04-04 10:55:47.678   790   822 V WindowManagerShell:  try handler com.android.wm.shell.transition.RemoteTransitionHandler@c630b54
04-04 10:55:47.678   790   822 V WindowManagerShell: Transition doesn't have explicit remote, search filters for match for {id=38 t=OPEN f=0x0 trk=0 r=[0@Point(0, 0)] c=[{WCT{android.window.IWindowContainerToken$Stub$Proxy@58e9f0c} m=OPEN f=NONE leash=Surface(name=Task=17)/@0x8bd14e0 sb=Rect(0, 0 - 1080, 2400) eb=Rect(0, 0 - 1080, 2400) d=0 taskParent=-1},{WCT{android.window.IWindowContainerToken$Stub$Proxy@1779055} m=TO_BACK f=SHOW_WALLPAPER leash=Surface(name=Task=1)/@0xa1e5399 sb=Rect(0, 0 - 1080, 2400) eb=Rect(0, 0 - 1080, 2400) d=0 taskParent=-1}]}
04-04 10:55:47.678   790   822 V WindowManagerShell:  Checking filter Pair{{types=[] flags=0x0] notFlags=0x0 checks=[{atype=undefined independent=true modes=[OPEN,TO_FRONT] flags=IN_TASK_WITH_EMBEDDED_ACTIVITY mustBeTask=false order=ANY topActivity=ComponentInfo{com.google.android.apps.nexuslauncher/com.google.android.apps.nexuslauncher.NexusLauncherActivity} launchCookie=null},{atype=undefined independent=true modes=[CLOSE,TO_BACK] flags=IN_TASK_WITH_EMBEDDED_ACTIVITY mustBeTask=false order=ANY topActivity=null launchCookie=null}]} RemoteTransition { remoteTransition = android.window.IRemoteTransition$Stub$Proxy@bd76bb2, appThread = android.app.IApplicationThread$Stub$Proxy@b354703, debugName = OverlaySwipeBack }}
04-04 10:55:47.678   790   822 V WindowManagerShell:  Checking filter Pair{{types=[] flags=0x0] notFlags=0x0 checks=[{atype=dream independent=true modes=[OPEN,TO_FRONT] flags=NONE mustBeTask=false order=ANY topActivity=null launchCookie=null},{atype=home independent=true modes=[CLOSE,TO_BACK] flags=NONE mustBeTask=false order=ANY topActivity=null launchCookie=null}]} RemoteTransition { remoteTransition = android.window.IRemoteTransition$Stub$Proxy@a45680, appThread = android.app.IApplicationThread$Stub$Proxy@f5404b9, debugName = LauncherToDream }}
04-04 10:55:47.679   790   822 V WindowManagerShell:  Checking filter Pair{{types=[] flags=0x0] notFlags=0x100 checks=[{atype=home independent=true modes=[OPEN,TO_FRONT] flags=NONE mustBeTask=false order=TOP topActivity=ComponentInfo{com.google.android.apps.nexuslauncher/com.google.android.apps.nexuslauncher.NexusLauncherActivity} launchCookie=null},{atype=standard independent=true modes=[CLOSE,TO_BACK] flags=NONE mustBeTask=false order=ANY topActivity=null launchCookie=null}]} RemoteTransition { remoteTransition = android.window.IRemoteTransition$Stub$Proxy@4c90fe, appThread = android.app.IApplicationThread$Stub$Proxy@73b505f, debugName = QuickstepLaunchHome }}
04-04 10:55:47.688   790   822 V WindowManagerShell:  Delegate animation for (#38) to null
04-04 10:55:47.688   790   822 V WindowManagerShell:  try handler com.android.wm.shell.transition.DefaultTransitionHandler@d914ebb
04-04 10:55:47.688   790   822 V WindowManagerShell: start default transition animation, info = {id=38 t=OPEN f=0x0 trk=0 r=[0@Point(0, 0)] c=[{WCT{android.window.IWindowContainerToken$Stub$Proxy@58e9f0c} m=OPEN f=NONE leash=Surface(name=Task=17)/@0x8bd14e0 sb=Rect(0, 0 - 1080, 2400) eb=Rect(0, 0 - 1080, 2400) d=0 taskParent=-1},{WCT{android.window.IWindowContainerToken$Stub$Proxy@1779055} m=TO_BACK f=SHOW_WALLPAPER leash=Surface(name=Task=1)/@0xa1e5399 sb=Rect(0, 0 - 1080, 2400) eb=Rect(0, 0 - 1080, 2400) d=0 taskParent=-1}]}
04-04 10:55:47.690   790   822 V WindowManagerShell: loadAnimation: anim=android.view.animation.AnimationSet@434e336 animAttr=0x13 type=OPEN isEntrance=false
04-04 10:55:47.694   790   822 V WindowManagerShell: loadAnimation: anim=android.view.animation.AnimationSet@1e3fcc2 animAttr=0x12 type=OPEN isEntrance=true
04-04 10:55:47.696  5762  5762 D ApplicationLoaders: Returning zygote-cached class loader: /system_ext/framework/androidx.window.extensions.jar
04-04 10:55:47.698  5762  5762 D ApplicationLoaders: Returning zygote-cached class loader: /system_ext/framework/androidx.window.sidecar.jar
04-04 10:55:47.699  5762  5762 W ziparchive: Unable to open '/data/app/~~NU91qWmDvTP879IdaB6dSg==/de.gaffga.android.zazentimer-bUUPOrcIIs5i8bwewNcXSg==/base.dm': No such file or directory
04-04 10:55:47.711  1034  1034 I TopTaskTracker: onTaskRemoved: taskId=16
04-04 10:55:47.711  1034  1034 I TopTaskTracker: onTaskRemoved: taskId=16
04-04 10:55:47.722   790   822 V WindowManagerShell:  animated by com.android.wm.shell.transition.DefaultTransitionHandler@d914ebb
04-04 10:55:47.723   790   890 D EGL_emulation: app_time_stats: avg=2602.08ms min=2.62ms max=23299.46ms count=9
04-04 10:55:47.728  5762  5762 W ziparchive: Unable to open '/data/app/~~NU91qWmDvTP879IdaB6dSg==/de.gaffga.android.zazentimer-bUUPOrcIIs5i8bwewNcXSg==/base.dm': No such file or directory
04-04 10:55:47.761  1034  1034 D SsBaseTemplateCard: No text view can be set up
04-04 10:55:47.761  1034  1034 D SsBaseTemplateCard: Passed-in item info is null
04-04 10:55:47.761  1034  1034 D SsBaseTemplateCard: Passed-in item info is null
04-04 10:55:47.761  1034  1034 D SsBaseTemplateCard: Passed-in item info is null
04-04 10:55:47.761  1034  1034 I SsBaseTemplateCard: Secondary card pane is null
04-04 10:55:47.767   542  1550 W UserManagerService: Requested status bar icon for non-badged user 0
04-04 10:55:47.772   542  1550 W UserManagerService: Requested status bar icon for non-badged user 0
04-04 10:55:47.872  5762  5762 D nativeloader: Configuring clns-7 for other apk /data/app/~~NU91qWmDvTP879IdaB6dSg==/de.gaffga.android.zazentimer-bUUPOrcIIs5i8bwewNcXSg==/base.apk. target_sdk_version=34, uses_libraries=, library_path=/data/app/~~NU91qWmDvTP879IdaB6dSg==/de.gaffga.android.zazentimer-bUUPOrcIIs5i8bwewNcXSg==/lib/x86_64, permitted_path=/data:/mnt/expand:/data/user/0/de.gaffga.android.zazentimer
04-04 10:55:47.898  5762  5762 V GraphicsEnvironment: Currently set values for:
04-04 10:55:47.898  5762  5762 V GraphicsEnvironment:   angle_gl_driver_selection_pkgs=[]
04-04 10:55:47.899  5762  5762 V GraphicsEnvironment:   angle_gl_driver_selection_values=[]
04-04 10:55:47.899  5762  5762 V GraphicsEnvironment: Global.Settings values are invalid: number of packages: 0, number of values: 0
04-04 10:55:47.899  5762  5762 V GraphicsEnvironment: Neither updatable production driver nor prerelease driver is supported.
04-04 10:55:47.940   542  1591 W OptProp : Cannot read opt property android.window.PROPERTY_COMPAT_ENABLE_FAKE_FOCUS
04-04 10:55:47.994  5762  5762 D AppCompatDelegate: Checking for metadata for AppLocalesMetadataHolderService : Service not found
04-04 10:55:48.010  5762  5762 D ZMT_ZazenTimerActivity: onCreate
04-04 10:55:48.041   790   822 V WindowManagerShell: Transition animation finished (aborted=false), notifying core (#38) android.os.BinderProxy@26e937b@0
04-04 10:55:48.044   542   569 V WindowManager: Finish Transition (#38): created at 04-04 10:55:47.179 collect-started=0.177ms request-sent=33.563ms started=85.137ms ready=373.77ms sent=393.886ms finished=864.886ms
04-04 10:55:48.045   790   822 V WindowManagerShell: Track 0 became idle
04-04 10:55:48.045   790   822 V WindowManagerShell: All active transition animations finished
04-04 10:55:48.045  1034  1034 D VRI[NexusLauncherActivity]: visibilityChanged oldVisibility=true newVisibility=false
04-04 10:55:48.046   542  1591 W UserManagerService: Requested status bar icon for non-badged user 0
04-04 10:55:48.046   542  1591 W UserManagerService: Requested status bar icon for non-badged user 0
04-04 10:55:48.050  1034  1034 D NexusLauncherModelDelegate: notifySmartspaceEvent: SmartspaceTargetEvent{mSmartspaceTarget=null, mSmartspaceActionId='null', mEventType=7}
04-04 10:55:48.055  5762  5762 D ZMT_ZazenTimerActivity: converting Bell Indices to URIs...
04-04 10:55:48.096  5762  5762 D ZMT_ZazenTimerActivity: done converting Bell Indices
04-04 10:55:48.124  5762  5762 W roid.zazentimer: Accessing hidden method Landroid/view/View;->computeFitSystemWindows(Landroid/graphics/Rect;Landroid/graphics/Rect;)Z (unsupported, reflection, allowed)
04-04 10:55:48.124  5762  5762 W roid.zazentimer: Accessing hidden method Landroid/view/ViewGroup;->makeOptionalFitsSystemWindows()V (unsupported, reflection, allowed)
04-04 10:55:48.166  5762  5762 D ZMT_MainFragment: Constructor
04-04 10:55:48.194  5762  5762 D ZMT_MainFragment: onAttach (Activity)
04-04 10:55:48.194  5762  5762 D ZMT_MainFragment: onAttach (Context)
04-04 10:55:48.194  5762  5762 D ZMT_MainFragment: onCreate
04-04 10:55:48.195  5762  5762 D ZMT_MainFragment: onCreateView
04-04 10:55:48.232  5762  5762 D ZMT_ZazenTimerActivity: onResume
04-04 10:55:48.236  5762  5762 E TransactionExecutor: Failed to execute the transaction: tId:-226588305 ClientTransaction{
04-04 10:55:48.236  5762  5762 E TransactionExecutor: tId:-226588305   transactionItems=[
04-04 10:55:48.236  5762  5762 E TransactionExecutor: tId:-226588305     LaunchActivityItem{activityToken=android.os.BinderProxy@b45b418,intent=Intent { flg=0x10000000 cmp=de.gaffga.android.zazentimer/.ZazenTimerActivity },ident=6332808,info=ActivityInfo{d7ff629 de.gaffga.android.zazentimer.ZazenTimerActivity},curConfig={1.0 310mcc260mnc [en_US] ldltr sw411dp w411dp h838dp 420dpi nrml long port finger qwerty/v/v -nav/h winConfig={ mBounds=Rect(0, 0 - 1080, 2400) mAppBounds=Rect(0, 136 - 1080, 2337) mMaxBounds=Rect(0, 0 - 1080, 2400) mDisplayRotation=ROTATION_0 mWindowingMode=fullscreen mActivityType=undefined mAlwaysOnTop=undefined mRotation=ROTATION_0} as.2 s.35 fontWeightAdjustment=0},overrideConfig={1.0 310mcc260mnc [en_US] ldltr sw411dp w411dp h838dp 420dpi nrml long port finger qwerty/v/v -nav/h winConfig={ mBounds=Rect(0, 0 - 1080, 2400) mAppBounds=Rect(0, 136 - 1080, 2337) mMaxBounds=Rect(0, 0 - 1080, 2400) mDisplayRotation=ROTATION_0 mWindowingMode=fullscreen mActivityType=standard mAlwaysOnTop=undefined mRotation=ROTATION_0} as.2 s.3 fontWeightAdjustment=0},deviceId=0,referrer=com.android.shell,procState=2,state=null,persistentState=null,pendingResults=null,pendingNewIntents=null,sceneTransitionInfo=null,profilerInfo=null,assistToken=android.os.BinderProxy@1ceed62,shareableActivityToken=android.os.BinderProxy@d3b1ef3,activityWindowInfo=ActivityWindowInfo{isEmbedded=false, taskBounds=Rect(0, 0 - 1080, 2400), taskFragmentBounds=Rect(0, 0 - 1080, 2400)}}
04-04 10:55:48.236  5762  5762 E TransactionExecutor: tId:-226588305     ResumeActivityItem{mActivityToken=android.os.BinderProxy@b45b418,procState=-1,updateProcState=false,isForward=true,shouldSendCompatFakeFocus=false}
04-04 10:55:48.236  5762  5762 E TransactionExecutor: tId:-226588305     Target activity: de.gaffga.android.zazentimer.ZazenTimerActivity
04-04 10:55:48.236  5762  5762 E TransactionExecutor: tId:-226588305   ]
04-04 10:55:48.236  5762  5762 E TransactionExecutor: tId:-226588305 }
04-04 10:55:48.237  5762  5762 D AndroidRuntime: Shutting down VM
--------- beginning of crash
04-04 10:55:48.241  5762  5762 E AndroidRuntime: FATAL EXCEPTION: main
04-04 10:55:48.241  5762  5762 E AndroidRuntime: Process: de.gaffga.android.zazentimer, PID: 5762
04-04 10:55:48.241  5762  5762 E AndroidRuntime: java.lang.RuntimeException: Unable to resume activity {de.gaffga.android.zazentimer/de.gaffga.android.zazentimer.ZazenTimerActivity}: java.lang.SecurityException: de.gaffga.android.zazentimer: One of RECEIVER_EXPORTED or RECEIVER_NOT_EXPORTED should be specified when a receiver isn't being registered exclusively for system broadcasts
04-04 10:55:48.241  5762  5762 E AndroidRuntime: 	at android.app.ActivityThread.performResumeActivity(ActivityThread.java:5309)
04-04 10:55:48.241  5762  5762 E AndroidRuntime: 	at android.app.ActivityThread.handleResumeActivity(ActivityThread.java:5342)
04-04 10:55:48.241  5762  5762 E AndroidRuntime: 	at android.app.servertransaction.ResumeActivityItem.execute(ResumeActivityItem.java:57)
04-04 10:55:48.241  5762  5762 E AndroidRuntime: 	at android.app.servertransaction.ActivityTransactionItem.execute(ActivityTransactionItem.java:60)
04-04 10:55:48.241  5762  5762 E AndroidRuntime: 	at android.app.servertransaction.TransactionExecutor.executeLifecycleItem(TransactionExecutor.java:225)
04-04 10:55:48.241  5762  5762 E AndroidRuntime: 	at android.app.servertransaction.TransactionExecutor.executeTransactionItems(TransactionExecutor.java:107)
04-04 10:55:48.241  5762  5762 E AndroidRuntime: 	at android.app.servertransaction.TransactionExecutor.execute(TransactionExecutor.java:81)
04-04 10:55:48.241  5762  5762 E AndroidRuntime: 	at android.app.ActivityThread$H.handleMessage(ActivityThread.java:2636)
04-04 10:55:48.241  5762  5762 E AndroidRuntime: 	at android.os.Handler.dispatchMessage(Handler.java:107)
04-04 10:55:48.241  5762  5762 E AndroidRuntime: 	at android.os.Looper.loopOnce(Looper.java:232)
04-04 10:55:48.241  5762  5762 E AndroidRuntime: 	at android.os.Looper.loop(Looper.java:317)
04-04 10:55:48.241  5762  5762 E AndroidRuntime: 	at android.app.ActivityThread.main(ActivityThread.java:8705)
04-04 10:55:48.241  5762  5762 E AndroidRuntime: 	at java.lang.reflect.Method.invoke(Native Method)
04-04 10:55:48.241  5762  5762 E AndroidRuntime: 	at com.android.internal.os.RuntimeInit$MethodAndArgsCaller.run(RuntimeInit.java:580)
04-04 10:55:48.241  5762  5762 E AndroidRuntime: 	at com.android.internal.os.ZygoteInit.main(ZygoteInit.java:886)
04-04 10:55:48.241  5762  5762 E AndroidRuntime: Caused by: java.lang.SecurityException: de.gaffga.android.zazentimer: One of RECEIVER_EXPORTED or RECEIVER_NOT_EXPORTED should be specified when a receiver isn't being registered exclusively for system broadcasts
04-04 10:55:48.241  5762  5762 E AndroidRuntime: 	at android.os.Parcel.createExceptionOrNull(Parcel.java:3242)
04-04 10:55:48.241  5762  5762 E AndroidRuntime: 	at android.os.Parcel.createException(Parcel.java:3226)
04-04 10:55:48.241  5762  5762 E AndroidRuntime: 	at android.os.Parcel.readException(Parcel.java:3209)
04-04 10:55:48.241  5762  5762 E AndroidRuntime: 	at android.os.Parcel.readException(Parcel.java:3151)
04-04 10:55:48.241  5762  5762 E AndroidRuntime: 	at android.app.IActivityManager$Stub$Proxy.registerReceiverWithFeature(IActivityManager.java:6092)
04-04 10:55:48.241  5762  5762 E AndroidRuntime: 	at android.app.ContextImpl.registerReceiverInternal(ContextImpl.java:1881)
04-04 10:55:48.241  5762  5762 E AndroidRuntime: 	at android.app.ContextImpl.registerReceiver(ContextImpl.java:1821)
04-04 10:55:48.241  5762  5762 E AndroidRuntime: 	at android.app.ContextImpl.registerReceiver(ContextImpl.java:1809)
04-04 10:55:48.241  5762  5762 E AndroidRuntime: 	at android.content.ContextWrapper.registerReceiver(ContextWrapper.java:757)
04-04 10:55:48.241  5762  5762 E AndroidRuntime: 	at android.content.ContextWrapper.registerReceiver(ContextWrapper.java:757)
04-04 10:55:48.241  5762  5762 E AndroidRuntime: 	at de.gaffga.android.zazentimer.ZazenTimerActivity.onResume(ZazenTimerActivity.java:175)
04-04 10:55:48.241  5762  5762 E AndroidRuntime: 	at android.app.Instrumentation.callActivityOnResume(Instrumentation.java:1722)
04-04 10:55:48.241  5762  5762 E AndroidRuntime: 	at android.app.Activity.performResume(Activity.java:9160)
04-04 10:55:48.241  5762  5762 E AndroidRuntime: 	at android.app.ActivityThread.performResumeActivity(ActivityThread.java:5299)
04-04 10:55:48.241  5762  5762 E AndroidRuntime: 	... 14 more
04-04 10:55:48.241  5762  5762 E AndroidRuntime: Caused by: android.os.RemoteException: Remote stack trace:
04-04 10:55:48.241  5762  5762 E AndroidRuntime: 	at com.android.server.am.ActivityManagerService.registerReceiverWithFeatureTraced(ActivityManagerService.java:14828)
04-04 10:55:48.241  5762  5762 E AndroidRuntime: 	at com.android.server.am.ActivityManagerService.registerReceiverWithFeature(ActivityManagerService.java:14630)
04-04 10:55:48.241  5762  5762 E AndroidRuntime: 	at android.app.IActivityManager$Stub.onTransact(IActivityManager.java:2757)
04-04 10:55:48.241  5762  5762 E AndroidRuntime: 	at com.android.server.am.ActivityManagerService.onTransact(ActivityManagerService.java:2812)
04-04 10:55:48.241  5762  5762 E AndroidRuntime: 	at android.os.Binder.execTransactInternal(Binder.java:1500)
04-04 10:55:48.241  5762  5762 E AndroidRuntime: 
04-04 10:55:48.246   542  5781 I DropBoxManagerService: add tag=data_app_crash isTagEnabled=true flags=0x2
04-04 10:55:48.246   542  1591 W ActivityTaskManager:   Force finishing activity de.gaffga.android.zazentimer/.ZazenTimerActivity
04-04 10:55:48.247   790   822 V WindowManagerShell: Transition requested (#39): android.os.BinderProxy@979230e TransitionRequestInfo { type = CLOSE, triggerTask = null, pipTask = null, remoteTransition = null, displayChange = null, flags = 16, debugId = 39 }
04-04 10:55:48.252  1034  1034 D VRI[NexusLauncherActivity]: visibilityChanged oldVisibility=false newVisibility=true
04-04 10:55:48.255  5762  5762 I Process : Sending signal. PID: 5762 SIG: 9
04-04 10:55:48.264   542  1556 I ActivityManager: Process de.gaffga.android.zazentimer (pid 5762) has died: fg  TOP 
04-04 10:55:48.264   421   421 I adbd    : Remote process closed the socket (on MSG_PEEK)
04-04 10:55:48.264   542   583 I libprocessgroup: Removed cgroup /sys/fs/cgroup/uid_10209/pid_5762
04-04 10:55:48.265   343   343 I Zygote  : Process 5762 exited due to signal 9 (Killed)
04-04 10:55:48.266   413   413 I BpBinder: onLastStrongRef automatically unlinking death recipients: 
04-04 10:55:48.271   542   570 D DisplayManagerService: Drop pending events for gone uid 10209
04-04 10:55:48.272  1034  1034 D NexusLauncherModelDelegate: notifySmartspaceEvent: SmartspaceTargetEvent{mSmartspaceTarget=null, mSmartspaceActionId='null', mEventType=6}
04-04 10:55:48.300  1034  1034 I TopTaskTracker: onTaskMovedToFront: (moved taskInfo to front) taskId=6, baseIntent=Intent { act=android.intent.action.MAIN cat=[android.intent.category.HOME] flg=0x10000100 cmp=com.google.android.apps.nexuslauncher/.NexusLauncherActivity }
04-04 10:55:48.302   790   822 D WindowManagerShell: setLauncherKeepClearAreaHeight: visible=true, height=527
04-04 10:55:48.303  1034  1034 D StatsLog: LAUNCHER_ONRESUME
04-04 10:55:48.306   542  1343 W AppSearchIcing: icing-search-engine.cc:321: Error: 5, Message: Document (com.google.android.googlequicksearchbox$OneSearchZeroStateGoogleSuggestions/default, zp) not found.
04-04 10:55:48.309  1034  1719 D OneSearchSuggestProvider: AppSearch 0-state cache not available, fallback to AGA
04-04 10:55:48.309  1034  1719 D OneSearchSuggestProvider: java.util.concurrent.CompletionException: java.util.NoSuchElementException: No value present
04-04 10:55:48.309  1034  1719 D OneSearchSuggestProvider: 	at java.util.concurrent.CompletableFuture.encodeThrowable(CompletableFuture.java:308)
04-04 10:55:48.309  1034  1719 D OneSearchSuggestProvider: 	at java.util.concurrent.CompletableFuture.completeThrowable(CompletableFuture.java:323)
04-04 10:55:48.309  1034  1719 D OneSearchSuggestProvider: 	at java.util.concurrent.CompletableFuture$UniAccept.tryFire(CompletableFuture.java:684)
04-04 10:55:48.309  1034  1719 D OneSearchSuggestProvider: 	at java.util.concurrent.CompletableFuture.postComplete(CompletableFuture.java:486)
04-04 10:55:48.309  1034  1719 D OneSearchSuggestProvider: 	at java.util.concurrent.CompletableFuture.completeExceptionally(CompletableFuture.java:2138)
04-04 10:55:48.309  1034  1719 D OneSearchSuggestProvider: 	at com.google.android.apps.nexuslauncher.allapps.E0.onResult(go/retraceme 2855a437b73635ce9cad76b9289087e631bbb67fc90008a0da13d343a00e5041:67)
04-04 10:55:48.309  1034  1719 D OneSearchSuggestProvider: 	at android.app.appsearch.SearchSessionUtil$1.lambda$onResult$0(go/retraceme 64eee9e9f568ff45978879ad2ff83146f2618ee8a88278736fbdf5fae931976e:144)
04-04 10:55:48.309  1034  1719 D OneSearchSuggestProvider: 	at android.app.appsearch.SearchSessionUtil$1.$r8$lambda$CEk3q8sDAQVhU3rQwVueB8FAj_M(go/retraceme 64eee9e9f568ff45978879ad2ff83146f2618ee8a88278736fbdf5fae931976e:1)
04-04 10:55:48.309  1034  1719 D OneSearchSuggestProvider: 	at android.app.appsearch.SearchSessionUtil$1$$ExternalSyntheticLambda0.run(go/retraceme 64eee9e9f568ff45978879ad2ff83146f2618ee8a88278736fbdf5fae931976e:22)
04-04 10:55:48.309  1034  1719 D OneSearchSuggestProvider: 	at android.os.Handler.handleCallback(Handler.java:959)
04-04 10:55:48.309  1034  1719 D OneSearchSuggestProvider: 	at android.os.Handler.dispatchMessage(Handler.java:100)
04-04 10:55:48.309  1034  1719 D OneSearchSuggestProvider: 	at android.os.Looper.loopOnce(Looper.java:232)
04-04 10:55:48.309  1034  1719 D OneSearchSuggestProvider: 	at android.os.Looper.loop(Looper.java:317)
04-04 10:55:48.309  1034  1719 D OneSearchSuggestProvider: 	at android.os.HandlerThread.run(HandlerThread.java:85)
04-04 10:55:48.309  1034  1719 D OneSearchSuggestProvider: Caused by: java.util.NoSuchElementException: No value present
04-04 10:55:48.309  1034  1719 D OneSearchSuggestProvider: 	at java.util.Optional.get(Optional.java:143)
04-04 10:55:48.309  1034  1719 D OneSearchSuggestProvider: 	at com.google.android.apps.nexuslauncher.allapps.E0.onResult(go/retraceme 2855a437b73635ce9cad76b9289087e631bbb67fc90008a0da13d343a00e5041:28)
04-04 10:55:48.309  1034  1719 D OneSearchSuggestProvider: 	... 8 more
04-04 10:55:48.311  1311  1658 I AiAiEcho: Predicting[0]:  [CONTEXT sampling_count=5 ]
04-04 10:55:48.311  1311  1658 I AiAiEcho: EchoTargets: 
04-04 10:55:48.311  1311  1658 I AiAiEcho: Filtered by AiAi flag check: 
04-04 10:55:48.311  1311  1658 I AiAiEcho: [CONTEXT ratelimit_period="10 SECONDS" ]
04-04 10:55:48.312  1311  1658 I AiAiEcho: Ranked targets strategy: SORT, count: 0, ranking metadata:  [CONTEXT ratelimit_period="10 SECONDS" ]
04-04 10:55:48.313  1311  1658 I AiAiEcho: #remoteViewsTwiddler: feature disabled.
04-04 10:55:48.333  1034  1719 D OneSearchSuggestProvider: Established or reuse existing binder channel authority=com.google.android.googlequicksearchbox
04-04 10:55:48.335  1034  1042 E FrameEvents: addRelease: Did not find frame.
04-04 10:55:48.338  1034  1097 D QuickstepModelDelegate: notifyAppTargetEvent action=1 launchLocation=workspace/0/[-1,-1]/[1,1]
04-04 10:55:48.339   542   569 V WindowManager: Sent Transition (#39) createdAt=04-04 10:55:48.246 via request=TransitionRequestInfo { type = CLOSE, triggerTask = null, pipTask = null, remoteTransition = null, displayChange = null, flags = 16, debugId = 39 }
04-04 10:55:48.340   790  5082 V WindowManagerShell: onTransitionReady(transaction=2327872275837)
04-04 10:55:48.340   542   569 V WindowManager:     startWCT=WindowContainerTransaction { changes = {} hops = [] errorCallbackToken=null taskFragmentOrganizer=null }
04-04 10:55:48.340   542   569 V WindowManager:     info={id=39 t=CLOSE f=0x10 trk=0 r=[0@Point(0, 0)] c=[
04-04 10:55:48.340   542   569 V WindowManager:         {WCT{RemoteToken{b89d40f Task{1d28c65 #1 type=home}}} m=TO_FRONT f=SHOW_WALLPAPER|MOVE_TO_TOP leash=Surface(name=Task=1)/@0xb2645b7 sb=Rect(0, 0 - 1080, 2400) eb=Rect(0, 0 - 1080, 2400) d=0 taskParent=-1},
04-04 10:55:48.340   542   569 V WindowManager:         {WCT{RemoteToken{9a8e800 Task{18c6721 #17 type=standard A=10209:de.gaffga.android.zazentimer}}} m=CLOSE f=NONE leash=Surface(name=Task=17)/@0x920a90b sb=Rect(0, 0 - 1080, 2400) eb=Rect(0, 0 - 1080, 2400) d=0 taskParent=-1},
04-04 10:55:48.340   542   569 V WindowManager:         {null m=TO_FRONT f=IS_WALLPAPER leash=Surface(name=WallpaperWindowToken{2db878 token=android.os.Binder@58f95db})/@0xc246334 sb=Rect(0, 0 - 1080, 2400) eb=Rect(0, 0 - 1080, 2400) d=0}
04-04 10:55:48.340   542   569 V WindowManager:     ]}
04-04 10:55:48.342   790   822 V WindowManagerShell: onTransitionReady (#39) android.os.BinderProxy@979230e: {id=39 t=CLOSE f=0x10 trk=0 r=[0@Point(0, 0)] c=[{WCT{android.window.IWindowContainerToken$Stub$Proxy@731e14b} m=TO_FRONT f=SHOW_WALLPAPER|MOVE_TO_TOP leash=Surface(name=Task=1)/@0xc16612f sb=Rect(0, 0 - 1080, 2400) eb=Rect(0, 0 - 1080, 2400) d=0 taskParent=-1},{WCT{android.window.IWindowContainerToken$Stub$Proxy@de3f728} m=CLOSE f=NONE leash=Surface(name=Task=17)/@0x7de33c sb=Rect(0, 0 - 1080, 2400) eb=Rect(0, 0 - 1080, 2400) d=0 taskParent=-1},{null m=TO_FRONT f=IS_WALLPAPER leash=Surface(name=WallpaperWindowToken{2db878 token=android.os.Binder@58f95db})/@0xd3e38c5 sb=Rect(0, 0 - 1080, 2400) eb=Rect(0, 0 - 1080, 2400) d=0}]}
04-04 10:55:48.342   790   822 V WindowManagerShell: Playing animation for (#39) android.os.BinderProxy@979230e@0
04-04 10:55:48.342   790   822 V WindowManagerShell:  try handler com.android.wm.shell.transition.DefaultMixedHandler@44fcc89
04-04 10:55:48.342   790   822 V WindowManagerShell:  try handler com.android.wm.shell.keyguard.KeyguardTransitionHandler@2fb9ccb
04-04 10:55:48.342   790   822 V WindowManagerShell:  try handler com.android.wm.shell.pip.PipTransition@ee9cca8
04-04 10:55:48.342   790   822 V WindowManagerShell:  try handler com.android.wm.shell.activityembedding.ActivityEmbeddingController@7d783c1
04-04 10:55:48.342   790   822 V WindowManagerShell:  try handler com.android.wm.shell.recents.RecentsTransitionHandler@92e1766
04-04 10:55:48.342  1311  1658 I AiAiEcho: #postPredictionTargets: Sending updates to UISurface home with targets# 0 (types=[])
04-04 10:55:48.342   790   822 V ShellRecents: RecentsTransitionHandler.startAnimation: no controller found
04-04 10:55:48.342   790   822 V WindowManagerShell:  try handler com.android.wm.shell.splitscreen.StageCoordinator@2a53aa7
04-04 10:55:48.342   790   822 V WindowManagerShell:  try handler com.android.wm.shell.transition.RemoteTransitionHandler@c630b54
04-04 10:55:48.342   790   822 V WindowManagerShell: Transition doesn't have explicit remote, search filters for match for {id=39 t=CLOSE f=0x10 trk=0 r=[0@Point(0, 0)] c=[{WCT{android.window.IWindowContainerToken$Stub$Proxy@731e14b} m=TO_FRONT f=SHOW_WALLPAPER|MOVE_TO_TOP leash=Surface(name=Task=1)/@0xc16612f sb=Rect(0, 0 - 1080, 2400) eb=Rect(0, 0 - 1080, 2400) d=0 taskParent=-1},{WCT{android.window.IWindowContainerToken$Stub$Proxy@de3f728} m=CLOSE f=NONE leash=Surface(name=Task=17)/@0x7de33c sb=Rect(0, 0 - 1080, 2400) eb=Rect(0, 0 - 1080, 2400) d=0 taskParent=-1},{null m=TO_FRONT f=IS_WALLPAPER leash=Surface(name=WallpaperWindowToken{2db878 token=android.os.Binder@58f95db})/@0xd3e38c5 sb=Rect(0, 0 - 1080, 2400) eb=Rect(0, 0 - 1080, 2400) d=0}]}
04-04 10:55:48.342   790   822 V WindowManagerShell:  Checking filter Pair{{types=[] flags=0x0] notFlags=0x0 checks=[{atype=undefined independent=true modes=[OPEN,TO_FRONT] flags=IN_TASK_WITH_EMBEDDED_ACTIVITY mustBeTask=false order=ANY topActivity=ComponentInfo{com.google.android.apps.nexuslauncher/com.google.android.apps.nexuslauncher.NexusLauncherActivity} launchCookie=null},{atype=undefined independent=true modes=[CLOSE,TO_BACK] flags=IN_TASK_WITH_EMBEDDED_ACTIVITY mustBeTask=false order=ANY topActivity=null launchCookie=null}]} RemoteTransition { remoteTransition = android.window.IRemoteTransition$Stub$Proxy@bd76bb2, appThread = android.app.IApplicationThread$Stub$Proxy@b354703, debugName = OverlaySwipeBack }}
04-04 10:55:48.342   790   822 V WindowManagerShell:  Checking filter Pair{{types=[] flags=0x0] notFlags=0x0 checks=[{atype=dream independent=true modes=[OPEN,TO_FRONT] flags=NONE mustBeTask=false order=ANY topActivity=null launchCookie=null},{atype=home independent=true modes=[CLOSE,TO_BACK] flags=NONE mustBeTask=false order=ANY topActivity=null launchCookie=null}]} RemoteTransition { remoteTransition = android.window.IRemoteTransition$Stub$Proxy@a45680, appThread = android.app.IApplicationThread$Stub$Proxy@f5404b9, debugName = LauncherToDream }}
04-04 10:55:48.342   790   822 V WindowManagerShell:  Checking filter Pair{{types=[] flags=0x0] notFlags=0x100 checks=[{atype=home independent=true modes=[OPEN,TO_FRONT] flags=NONE mustBeTask=false order=TOP topActivity=ComponentInfo{com.google.android.apps.nexuslauncher/com.google.android.apps.nexuslauncher.NexusLauncherActivity} launchCookie=null},{atype=standard independent=true modes=[CLOSE,TO_BACK] flags=NONE mustBeTask=false order=ANY topActivity=null launchCookie=null}]} RemoteTransition { remoteTransition = android.window.IRemoteTransition$Stub$Proxy@4c90fe, appThread = android.app.IApplicationThread$Stub$Proxy@73b505f, debugName = QuickstepLaunchHome }}
04-04 10:55:48.342   790   822 D RemoteTransitionHandler: Found filterPair{{types=[] flags=0x0] notFlags=0x100 checks=[{atype=home independent=true modes=[OPEN,TO_FRONT] flags=NONE mustBeTask=false order=TOP topActivity=ComponentInfo{com.google.android.apps.nexuslauncher/com.google.android.apps.nexuslauncher.NexusLauncherActivity} launchCookie=null},{atype=standard independent=true modes=[CLOSE,TO_BACK] flags=NONE mustBeTask=false order=ANY topActivity=null launchCookie=null}]} RemoteTransition { remoteTransition = android.window.IRemoteTransition$Stub$Proxy@4c90fe, appThread = android.app.IApplicationThread$Stub$Proxy@73b505f, debugName = QuickstepLaunchHome }}
04-04 10:55:48.342   790   822 V WindowManagerShell:  Delegate animation for (#39) to RemoteTransition { remoteTransition = android.window.IRemoteTransition$Stub$Proxy@4c90fe, appThread = android.app.IApplicationThread$Stub$Proxy@73b505f, debugName = QuickstepLaunchHome }
04-04 10:55:48.344  1034  1034 D SsBaseTemplateCard: No text view can be set up
04-04 10:55:48.344  1034  1034 D SsBaseTemplateCard: Passed-in item info is null
04-04 10:55:48.344  1034  1034 D SsBaseTemplateCard: Passed-in item info is null
04-04 10:55:48.344  1034  1034 D SsBaseTemplateCard: Passed-in item info is null
04-04 10:55:48.344  1034  1034 I SsBaseTemplateCard: Secondary card pane is null
04-04 10:55:48.348   790   822 V WindowManagerShell:  animated by com.android.wm.shell.transition.RemoteTransitionHandler@c630b54
04-04 10:55:48.352  1034  1034 D StateManager: createAtomicAnimation - fromState: Background, toState: Normal, partial trace:
04-04 10:55:48.352  1034  1034 D StateManager: 	at com.android.quickstep.util.StaggeredWorkspaceAnim.prepareToAnimate(go/retraceme 2855a437b73635ce9cad76b9289087e631bbb67fc90008a0da13d343a00e5041:22)
04-04 10:55:48.352  1034  1034 D StateManager: 	at com.android.quickstep.util.StaggeredWorkspaceAnim.<init>(go/retraceme 2855a437b73635ce9cad76b9289087e631bbb67fc90008a0da13d343a00e5041:4)
04-04 10:55:48.352  1034  1034 D StateManager: 	at com.android.quickstep.util.StaggeredWorkspaceAnim.<init>(go/retraceme 2855a437b73635ce9cad76b9289087e631bbb67fc90008a0da13d343a00e5041:1)
04-04 10:55:48.371   542  1591 W UserManagerService: Requested status bar icon for non-badged user 0
04-04 10:55:48.373   542   665 I ImeTracker: com.google.android.apps.nexuslauncher:4ba2e141: onRequestHide at ORIGIN_SERVER reason HIDE_SAME_WINDOW_FOCUSED_WITHOUT_EDITOR fromUser false
04-04 10:55:48.373   542   665 I ImeTracker: com.google.android.apps.nexuslauncher:4ba2e141: onCancelled at PHASE_SERVER_SHOULD_HIDE
04-04 10:55:48.380  1234  1234 I GoogleInputMethodService: GoogleInputMethodService.onFinishInput():3157 
04-04 10:55:48.383   413   413 E SurfaceFlinger: Out of order buffers detected for RequestedLayerState{com.google.android.apps.nexuslauncher/com.google.android.apps.nexuslauncher.NexusLauncherActivity#301 parentId=106} producedId=13 frameNumber=16 -> producedId=13 frameNumber=2
04-04 10:55:48.386  1234  1234 I GoogleInputMethodService: GoogleInputMethodService.updateDeviceLockedStatus():2248 repeatCheckTimes = 0, locked = false
04-04 10:55:48.389  1234  1234 I GoogleInputMethodService: GoogleInputMethodService.onStartInput():1986 onStartInput(EditorInfo{EditorInfo{packageName=com.google.android.apps.nexuslauncher, inputType=0, inputTypeString=NULL, enableLearning=false, autoCorrection=false, autoComplete=false, imeOptions=0, privateImeOptions=null, actionName=UNSPECIFIED, actionLabel=null, initialSelStart=-1, initialSelEnd=-1, initialCapsMode=0, label=null, fieldId=0, fieldName=null, extras=null, hintText=null, hintLocales=[]}}, false)
04-04 10:55:48.391  1234  1234 I GoogleInputMethodService: GoogleInputMethodService.updateDeviceLockedStatus():2248 repeatCheckTimes = 1, locked = false
04-04 10:55:48.397   790   865 W WindowOnBackDispatcher: sendCancelIfRunning: isInProgress=false callback=android.view.ViewRootImpl$$ExternalSyntheticLambda11@9879947
04-04 10:55:48.397   542  1591 D CoreBackPreview: Window{a45f382 u0 Splash Screen de.gaffga.android.zazentimer EXITING}: Setting back callback null
04-04 10:55:48.397   542  1520 W InputManager-JNI: Input channel object 'a45f382 Splash Screen de.gaffga.android.zazentimer (client)' was disposed without first being removed with the input manager!
04-04 10:55:48.398  1234  1234 I AndroidIME: InputBundleManager.loadActiveInputBundleId():450 loadActiveInputBundleId: und-Latn-x-password, password
04-04 10:55:48.399   542  1591 W PackageConfigPersister: App-specific configuration not found for packageName: com.google.android.apps.nexuslauncher and userId: 0
04-04 10:55:48.399   413   413 E SurfaceFlinger: Out of order buffers detected for RequestedLayerState{com.google.android.apps.nexuslauncher/com.google.android.apps.nexuslauncher.NexusLauncherActivity#301 parentId=106} producedId=13 frameNumber=16 -> producedId=13 frameNumber=3
04-04 10:55:48.422  1034  1446 D EGL_emulation: app_time_stats: avg=27.33ms min=1.48ms max=202.33ms count=32
04-04 10:55:48.441  1034  1034 D SearchTargetUtil: queryLength=0 size=15
04-04 10:55:48.441  1034  1034 D SearchTargetUtil: layoutType=short_icon_row resultType=131072 packageName=com.google.android.googlequicksearchbox extras=Bundle{suggestion_type=33,suggest_truncate_start=false,is_answer=false,is_entity=false,is_personal=false,suggest_raw_text=walt disney world new parking policy,input_query=android.app.search.Query@1f260ea,group_id=web2580422,response_id=8eb30185-26d1-4c47-9ba4-7b60b84485e6,support_query_builder=false,} searchAction=walt disney world new parking policy searchActionExtras=Bundle{learn_more_url=https://support.google.com/websearch/answer/106230?hl=106230,suggestion_action_text=Report this,should_start_for_result=true,allow_pinning=true,skip_logging_in_target_handler=true,suggestion_action_rpc=2,}ParentID: null targetID: 3a557705-a2cd-41b9-bdc4-2d78715a9d30
04-04 10:55:48.441  1034  1034 D SearchTargetUtil: layoutType=short_icon_row resultType=131072 packageName=com.google.android.googlequicksearchbox extras=Bundle{suggestion_type=33,suggest_truncate_start=false,is_answer=false,is_entity=false,is_personal=false,suggest_raw_text=dhs government shutdown,input_query=android.app.search.Query@1f260ea,group_id=web2580422,response_id=8eb30185-26d1-4c47-9ba4-7b60b84485e6,support_query_builder=false,} searchAction=dhs government shutdown searchActionExtras=Bundle{learn_more_url=https://support.google.com/websearch/answer/106230?hl=106230,suggestion_action_text=Report this,should_start_for_result=true,allow_pinning=true,skip_logging_in_target_handler=true,suggestion_action_rpc=2,}ParentID: null targetID: cd0f74e6-18ad-4329-977e-df9e27d79fc1
04-04 10:55:48.441  1034  1034 D SearchTargetUtil: layoutType=short_icon_row resultType=131072 packageName=com.google.android.googlequicksearchbox extras=Bundle{suggestion_type=33,suggest_truncate_start=false,is_answer=false,is_entity=false,is_personal=false,suggest_raw_text=aj dybantsa staying at byu,input_query=android.app.search.Query@1f260ea,group_id=web2580422,response_id=8eb30185-26d1-4c47-9ba4-7b60b84485e6,support_query_builder=false,} searchAction=aj dybantsa staying at byu searchActionExtras=Bundle{learn_more_url=https://support.google.com/websearch/answer/106230?hl=106230,suggestion_action_text=Report this,should_start_for_result=true,allow_pinning=true,skip_logging_in_target_handler=true,suggestion_action_rpc=2,}ParentID: null targetID: be43c616-2bd4-4593-ad03-f5fa646425e2
04-04 10:55:48.441  1034  1034 D SearchTargetUtil: layoutType=short_icon_row resultType=131072 packageName=com.google.android.googlequicksearchbox extras=Bundle{suggestion_type=33,suggest_truncate_start=false,is_answer=false,is_entity=false,is_personal=false,suggest_raw_text=oracle layoffs,input_query=android.app.search.Query@1f260ea,group_id=web2580422,response_id=8eb30185-26d1-4c47-9ba4-7b60b84485e6,support_query_builder=false,} searchAction=oracle layoffs searchActionExtras=Bundle{learn_more_url=https://support.google.com/websearch/answer/106230?hl=106230,suggestion_action_text=Report this,should_start_for_result=true,allow_pinning=true,skip_logging_in_target_handler=true,suggestion_action_rpc=2,}ParentID: null targetID: 1b32bde0-c5b8-4785-b025-39ac4e2249c7
04-04 10:55:48.441  1034  1034 D SearchTargetUtil: layoutType=short_icon_row resultType=131072 packageName=com.google.android.googlequicksearchbox extras=Bundle{suggestion_type=33,suggest_truncate_start=false,is_answer=false,is_entity=false,is_personal=false,suggest_raw_text=rec room game shutting down,input_query=android.app.search.Query@1f260ea,group_id=web2580422,response_id=8eb30185-26d1-4c47-9ba4-7b60b84485e6,support_query_builder=false,} searchAction=rec room game shutting down searchActionExtras=Bundle{learn_more_url=https://support.google.com/websearch/answer/106230?hl=106230,suggestion_action_text=Report this,should_start_for_result=true,allow_pinning=true,skip_logging_in_target_handler=true,suggestion_action_rpc=2,}ParentID: null targetID: 87c463c0-30ff-4370-a1f9-2310dff3f9a9
04-04 10:55:48.441  1034  1034 D SearchTargetUtil: layoutType=short_icon_row resultType=131072 packageName=com.google.android.googlequicksearchbox extras=Bundle{suggestion_type=33,suggest_truncate_start=false,is_answer=false,is_entity=false,is_personal=false,suggest_raw_text=elizabeth taylor swift music video,input_query=android.app.search.Query@1f260ea,group_id=web2580422,response_id=8eb30185-26d1-4c47-9ba4-7b60b84485e6,support_query_builder=false,} searchAction=elizabeth taylor swift music video searchActionExtras=Bundle{learn_more_url=https://support.google.com/websearch/answer/106230?hl=106230,suggestion_action_text=Report this,should_start_for_result=true,allow_pinning=true,skip_logging_in_target_handler=true,suggestion_action_rpc=2,}ParentID: null targetID: e3aa917c-fe6a-46d3-9b8e-a90c8923b13e
04-04 10:55:48.441  1034  1034 D SearchTargetUtil: layoutType=short_icon_row resultType=131072 packageName=com.google.android.googlequicksearchbox extras=Bundle{suggestion_type=33,suggest_truncate_start=false,is_answer=false,is_entity=false,is_personal=false,suggest_raw_text=texas state record crappie,input_query=android.app.search.Query@1f260ea,group_id=web2580422,response_id=8eb30185-26d1-4c47-9ba4-7b60b84485e6,support_query_builder=false,} searchAction=texas state record crappie searchActionExtras=Bundle{learn_more_url=https://support.google.com/websearch/answer/106230?hl=106230,suggestion_action_text=Report this,should_start_for_result=true,allow_pinning=true,skip_logging_in_target_handler=true,suggestion_action_rpc=2,}ParentID: null targetID: f7c10cf9-4fac-4099-bd44-b487cbdcffa3
04-04 10:55:48.441  1034  1034 D SearchTargetUtil: layoutType=short_icon_row resultType=131072 packageName=com.google.android.googlequicksearchbox extras=Bundle{suggestion_type=33,suggest_truncate_start=false,is_answer=false,is_entity=false,is_personal=false,suggest_raw_text=nasa artemis rocket launch astronauts,input_query=android.app.search.Query@1f260ea,group_id=web2580422,response_id=8eb30185-26d1-4c47-9ba4-7b60b84485e6,support_query_builder=false,} searchAction=nasa artemis rocket launch astronauts searchActionExtras=Bundle{learn_more_url=https://support.google.com/websearch/answer/106230?hl=106230,suggestion_action_text=Report this,should_start_for_result=true,allow_pinning=true,skip_logging_in_target_handler=true,suggestion_action_rpc=2,}ParentID: null targetID: d09895e9-f4f8-4d0e-8ada-a43c9456b510
04-04 10:55:48.442  1034  1034 D SearchTargetUtil: layoutType=extra_tall_icon_row resultType=131072 packageName=com.google.android.googlequicksearchbox extras=Bundle{bitmap_url=data:image/jpeg;base64,/9j/4AAQSkZJRgABAQAAAQABAAD/2wCEAAkGBwgHBgkIBwgKCgkLDRYPDQwMDRsUFRAWIB0iIiAdHx8kKDQsJCYxJx8fLT0tMTU3Ojo6Iys/RD84QzQ5OjcBCgoKDQwNGg8PGjclHyU3Nzc3Nzc3Nzc3Nzc3Nzc3Nzc3Nzc3Nzc3Nzc3Nzc3Nzc3Nzc3Nzc3Nzc3Nzc3Nzc3N//AABEIAFcAfAMBIgACEQEDEQH/xAAbAAADAAMBAQAAAAAAAAAAAAADBAUAAgYBB//EADgQAAEDAwMCBAQEBQQDAQAAAAECAwQFESEAEjETQQYiUWEUcYGRFTIzsSNSc6HwQlPB4WLR8XL/xAAYAQADAQEAAAAAAAAAAAAAAAABAgMABP/EACYRAAICAwEAAQQBBQAAAAAAAAECABEDEiExQRMiUWGRMoGhweH/2gAMAwEAAhEDEQA/APo8haGg86sKISo4Tyc6kQvEUCVUFQgl1LiVlsqKbpCgbbSexuP8vq2pIWp1KgCCogg99SqZBpgddVDaIUlVllRvuyTf73OsSb9mENOmiGshUV5YuLKBACsf4PrrJNSiRKV+JSStDG0HAuc8D660qSKdMkttSlkuIUNgsdu7Nr+vfvbGt5FNbciMRXG2X2W07VfEZHbzW7n6j56bcEGviKqkOLNj+3+JlIqMSrREvxlKST+ZpZAWg+hGh1Crw4LiULDq1FwNq2Jwkn/L40SBT2YZb+Cbjoj7t/8ACuB+Uji5BvccW476cQpCW1JShpW43UrePNc98fy4+ukLEDnZUhdjBTHmojXUWlavQJz2J/YaQotdg1hRTHDgNtySoHaoex1QfhMyYvwzibMm42IOLHt8rG2lKZHpqHFfA7hsWokZAUruRf8AN8xoFqqz7Fr8RKreJYdKmKYkRpSkJtufSnyA+lza/wBL8Edjp56qQ232WUr3rdR1AbmwTg3NgT3HAPI40n4iokqrNutsOsbFC6UrScL7ZF7cnNr5tjN3GaOhpmKW3XmH2Y4YLiCDvSAAQoEEKBt6enoLN2jJrYc35MiVOLL+JQ0bvR770BXoOx+o5A5+eiQJjM0uJSkoUg5G8G/P/rU6nS4yq1KjLjznnnSpLkuQi6XLcjiwGCB2xbTShFhVBtKnm0FbhUhAj3INuNwwB31sofGRfBGTJiZSQYv4i8SU+glLTyXpEpSdwYYTuITe11H/AEjm1+bHXtK8RU+p0+TKaS+25FbLj0d1G1xIAvweRggHjGvPEdDjzz8auQqM403YuNthRUL3z69+LcnOh0ukU+mUmQuRJJbmNBtx98JQuyvKBf3JwM5PfWs3+o9Lr+5vDq8lyZFZlw2m0SVlsKaeKtqghSu6RcWQrj7a6WmK3NO/+LpH7a4Xw8+zPrqEP1EqkRCpbbKohaU6NpRu3dRYUkAkWFjcdrEa7ml/pO5v/GVoKbW4XChvtiFS2mJLCnOmCSNwF7Z9NS6FGDj6ZbbzqQhGxbLjQBUf5r3PP21SrDrbFOnOut9RCEqJQL3V7C2b/LUrwxOYkMustsBkbN52qKlf2HuePtprYHnkArX9zJtMjfiCWnJSUfEOE7N56ir7jb1HJtkDtqvU465MbY2pCV7gobxjXFQ/ElKa8Rpb/B5rLjrgDKluuBxZNwCWVWABufvf5dhPWy0lZMVp3AWsKIST2vkZNh+2ojErKwI9lCHwsrH/AFN4EXoRltKWkldydnbGpMmltyHJO+pObG3UhSOlbpqO0gAixPI9eSDjGm2ZdPQ06/Jjxo7KEoKVlSSFAklPyN03t8tTlVSjqkOufibiC4vcoANkXFufKTYYsT9ONEKEXVZPJ9R2D6kgnsszWkOxF0xMhTbzzSglabgi98gjQqHSlUtt/qvJdceXvUpIUB9iTrZiXTaqouR3kOLYydpG4DnSv480EBZiVNQyNvQF+OCOfb/4dXRXfg8kshTGRtwwtUpjEyUmQ3MDDqRtWg2W25/+kE8i3Ise2jU2mohul1t/cCmxCE2B9L5N7XPvpDxRWU0ZuItpEdXXcu5vaKj0xyRYjOdGrPiGHSHmmXGXXeogLBa22AvYckempmgbMuA5UV8zWIwv8TRJ2UzqO5UttC96knuL4vYH7aSrTkA1ezlWhsKG3eh0+ZNjfHY8nB4vo9Cn0+pTVqjNSELZTu85SU5J9L91nWOeHqW5McfS9JR1V9RbabgEn6X1spTMBvOV8Go1jddqEOHAQh51SS8AWFoRv8ySCDyBzY5NtaSfw+uUJt+StciG2rqL2p2B4ouOD23C4seQM6NUo8WQ6wlxte+P5mVtu7VpvcYB5Fh+2i01uJFglhptDUVoH8ywoW5JJ+d76xBPk6BQAuJxINKg+ISGo6zUX463A+vO1oLHkHplQ7Z7nV+lfpPW/wB5Wud8PVE1FSJC4kdhbiFEbU+bYD5c85Gba6OlfpO/1laylapfjn8QEMD2KSmw61IQWUv3Js0q1lnsM+9tT6O3tceeMSPHThKChratXJP0Fh/3g6enrebjyVRkb3rkIT7k21z1FqFSdqhacW+62DZzehNki5AOACD8sazOAQDGVSVJEemz+nVh50hlsoQu6E3ByTyLkW9OLHVZ9xTZTZsr5vYX/wA/61KqEiphxfwa2tlyADFUvbYK7hQvew+V++jwJUwCaucttxtnKNjJbVYAk4JN+1vrosbFDkQEX5HGnHFkBbG1Pck/8anU1+QusTkPlwx03LIUMDNlfPPHt99TKafEbPiF741TbjLiygt/EIKUgHylKb3B+nf7WKzUnYVEXUIrKXFhKVhLhsAk2uSfYZ+mmxXRX242bH9wo/xIUmuVMVVgtto+FS4d4S+yAtHHdRPv21ardVXDhNvRlN2cFwtYuO1gMgXN/XSPhmtTqrJdalQoaUN4Upp3zN4uApBzm/t30u14ladqMsPSg002+YzEFTAPWsL9QrxtubgDOMnOA7DU0RAVYxyoVNIoqJzkNMl9xOxADZKM9zzj99bvvRFUuFOfpbMlTgQ3/EaSktpyf9XAGe/f30h46r0+gojORGW1tuIWNy2d4Q4LWubiwIKvtq8tbEumMSJ0byq6bnSdAO1Rta+bckd7DntpCp9hGRK1I6ICiux3VOKjUkwxaxdDbaUr9gUm6vna2huVh918txIjpQl/Z1QNwVtPmFrY4IzbsdBkVxTVWgstPsutSnOn0NtnLHAWnPAtm/uRqdVfEMei1OoJap7PUZShe9cooTdRyVCxCAckEXufnpA2ygiTc9NS7Wql+FlhxMbql1ewlJ81ucC2flcaxtxFToKn3Y8cCQ0VLbWOog/O48wx6aHX578WmNSYrLQfcUEpVIsA1cXN/fFvnrShT5EqjuuSUxkuIJG5kgoI9SL49xq30203EmMo+rpEfBU9VTTIfXDaZ6aumra0lKkrAFxjPFuR+2utpX6T39ZX/GotOln8RdiKW0vyle5O0G9//HkWODybas0r9J7+srUggQUJYknpi0la225C207lpJIAF7n5aVpYZKFuohoYdV5lFLQQVjsffA17W5pptKqU5JZ3Rm1ujrqIQbZsSM54x3tqV4drgqFQbipTAbC4YkbWpHUWr8nmTY22eYixyLfXU2DfUBB5CP6ZrB8RSJFXTFW2jpqcUkAA7hza/bFv7ad8QVRyEG2moweDn6pcVtQEZvn19MfbnU6F4jluz4bD0NgIfkrYLiCf9Kb3H/PzGhueIWpPiNMWXRHgiKtXSeWvcsebZ1A0Bfbe9lX4CjwDqrY3ThMCZUc2BGK9WHoECIIsJr+OSoB1Vgmy09sG53Xv250Wp1tiJ4fjPLZZ3Sm0hEd1V07SM7vUAf3IGnKk3CqTyYE6MXUBYIVkWUBfn07c540d9cQKHUiKcO0C4jFVh2HH9tAcaz5K
04-04 10:55:48.442  1034  1034 D SearchTargetUtil: layoutType=short_icon_row resultType=131072 packageName=com.google.android.googlequicksearchbox extras=Bundle{suggestion_type=33,suggest_truncate_start=false,is_answer=false,is_entity=false,is_personal=false,suggest_raw_text=stolen kitkats,input_query=android.app.search.Query@1f260ea,group_id=web2580422,response_id=8eb30185-26d1-4c47-9ba4-7b60b84485e6,support_query_builder=false,} searchAction=stolen kitkats searchActionExtras=Bundle{learn_more_url=https://support.google.com/websearch/answer/106230?hl=106230,suggestion_action_text=Report this,should_start_for_result=true,allow_pinning=true,skip_logging_in_target_handler=true,suggestion_action_rpc=2,}ParentID: null targetID: 43c6e569-fe4c-448c-8885-f56c8da05cfc
04-04 10:55:48.442  1034  1034 D SearchTargetUtil: layoutType=short_icon_row resultType=131072 packageName=com.google.android.googlequicksearchbox extras=Bundle{suggestion_type=33,suggest_truncate_start=false,is_answer=false,is_entity=false,is_personal=false,suggest_raw_text=overwatch patch notes april fools,input_query=android.app.search.Query@1f260ea,group_id=web2580422,response_id=8eb30185-26d1-4c47-9ba4-7b60b84485e6,support_query_builder=false,} searchAction=overwatch patch notes april fools searchActionExtras=Bundle{learn_more_url=https://support.google.com/websearch/answer/106230?hl=106230,suggestion_action_text=Report this,should_start_for_result=true,allow_pinning=true,skip_logging_in_target_handler=true,suggestion_action_rpc=2,}ParentID: null targetID: 3abc5b07-b882-44ce-b309-9a5aa15763d3
04-04 10:55:48.442  1034  1034 D SearchTargetUtil: layoutType=short_icon_row resultType=131072 packageName=com.google.android.googlequicksearchbox extras=Bundle{suggestion_type=33,suggest_truncate_start=false,is_answer=false,is_entity=false,is_personal=false,suggest_raw_text=heavy snow warning,input_query=android.app.search.Query@1f260ea,group_id=web2580422,response_id=8eb30185-26d1-4c47-9ba4-7b60b84485e6,support_query_builder=false,} searchAction=heavy snow warning searchActionExtras=Bundle{learn_more_url=https://support.google.com/websearch/answer/106230?hl=106230,suggestion_action_text=Report this,should_start_for_result=true,allow_pinning=true,skip_logging_in_target_handler=true,suggestion_action_rpc=2,}ParentID: null targetID: c316c64d-109e-4422-ae18-e5c581ee0e26
