04-04 10:55:22.932   542   932 W ActivityManager: Slow operation: 215ms so far, now at finishAttachApplicationInner: after mServices.attachApplicationLocked
04-04 10:55:22.932   542   932 W ActivityManager: Slow operation: 215ms so far, now at finishAttachApplicationInner: after dispatching broadcasts
04-04 10:55:22.933  1795  1972 E Finsky  : [51] [Counters] attempted to use a non-positive increment for: 4753
04-04 10:55:22.954  1795  2111 D TrafficStats: tagSocket(5) with statsTag=0x4be64f9b, statsUid=-1
04-04 10:55:22.958  1795  1795 I Finsky  : [2] aiky - Received: android.intent.action.PACKAGE_ADDED, [9GXP714aR4ivWqUaQwpeNaEUQ89c3Xw_8jCkF4DCpH8]
04-04 10:55:22.994  1795  1985 I Finsky  : [52] AIM: AppInfoManager-Perf > ItemModel > CacheSize=0, cacheHitCount=0, cacheMissCount=1, total appsWithNoServerDataCount=0. Missed  in cache (limit 10) : [de.gaffga.android.zazentimer]
04-04 10:55:22.996   542   553 I system_server: Background concurrent mark compact GC freed 25MB AllocSpace bytes, 37(1048KB) LOS objects, 44% free, 29MB/53MB, paused 4.886ms,1.569ms total 1.406s
04-04 10:55:22.999  1795  1985 I Finsky  : [52] AIM: AppInfoManager-Perf > ItemModel > ItemStore Called 1 apps cacheOptions = USE_CACHE
04-04 10:55:23.006  1795  1985 I Finsky  : [52] AIM: ItemModel fetch - unauth(1), auth()
04-04 10:55:23.014  1795  1991 I Finsky  : [53] ItemStore: Not cached: de.gaffga.android.zazentimer
04-04 10:55:23.035  1311  1999 I AiAiTextClassifier: [VisualCortexAdapter]: provideRegistration: Registered Prominent Screen Entities for updates.
04-04 10:55:23.041  1311  1999 I AiAiTextClassifier: [VisualCortexAdapter]: provideRegistration: Registered Prominent Screen Entities for updates.
04-04 10:55:23.044  1311  1999 I AiAiTextClassifier: [VisualCortexAdapter]: provideRegistration: Registered Prominent Screen Entities for updates.
04-04 10:55:23.052  1311  1999 I AiAiTextClassifier: [VisualCortexAdapter]: provideRegistration: Registered Prominent Screen Entities for updates.
04-04 10:55:23.056  1311  1999 I AiAiTextClassifier: [VisualCortexAdapter]: provideRegistration: Registered Prominent Screen Entities for updates.
04-04 10:55:23.059  1311  1999 I AiAiTextClassifier: [VisualCortexAdapter]: provideRegistration: Registered Prominent Screen Entities for updates.
04-04 10:55:23.061  1311  1999 I AiAiTextClassifier: [VisualCortexAdapter]: provideRegistration: Registered Prominent Screen Entities for updates.
04-04 10:55:23.063   790   796 I ndroid.systemui: Background concurrent mark compact GC freed 5669KB AllocSpace bytes, 34(3368KB) LOS objects, 49% free, 20MB/40MB, paused 453us,8.445ms total 1.471s
04-04 10:55:23.081  1795  1795 I Finsky  : [2] aiky - Deduping intent android.intent.action.PACKAGE_ADDED
04-04 10:55:23.095  1795  1795 I Finsky  : [2] aiky - Received: android.intent.action.PACKAGE_ADDED, [9GXP714aR4ivWqUaQwpeNaEUQ89c3Xw_8jCkF4DCpH8]
04-04 10:55:23.104   790   798 W ndroid.systemui: ApkAssets: Deleting an ApkAssets object '<empty> and /data/app/~~zEGqsd-cyRhmle5_pXA2CQ==/de.gaffga.android.zazentimer-dqqdVJ70KoAQ2nUlKRgMYA==/base.apk' with 2 weak references
04-04 10:55:23.105   790   798 W System  : A resource failed to call release. 
04-04 10:55:23.105   790   798 W System  : A resource failed to call release. 
04-04 10:55:23.105   790   798 W System  : A resource failed to call release. 
04-04 10:55:23.105   790   798 W System  : A resource failed to call release. 
04-04 10:55:23.105   790   798 W System  : A resource failed to call release. 
04-04 10:55:23.105   790   798 W System  : A resource failed to call release. 
04-04 10:55:23.105   790   798 W System  : A resource failed to call release. 
04-04 10:55:23.105   790   798 W System  : A resource failed to call release. 
04-04 10:55:23.105   790   798 W System  : A resource failed to call release. 
04-04 10:55:23.105   790   798 W System  : A resource failed to call release. 
04-04 10:55:23.105   790   798 W System  : A resource failed to call release. 
04-04 10:55:23.105   790   798 W System  : A resource failed to call release. 
04-04 10:55:23.105   790   798 W System  : A resource failed to call release. 
04-04 10:55:23.105   790   798 W System  : A resource failed to call release. 
04-04 10:55:23.105   790   798 W System  : A resource failed to call release. 
04-04 10:55:23.105   790   798 W System  : A resource failed to call release. 
04-04 10:55:23.105   790   798 W System  : A resource failed to call release. 
04-04 10:55:23.105   790   798 W System  : A resource failed to call release. 
04-04 10:55:23.130   542   555 W system_server: ApkAssets: Deleting an ApkAssets object '<empty> and /product/app/CalendarGooglePrebuilt/CalendarGooglePrebuilt.apk' with 1 weak references
04-04 10:55:23.131   542   555 W system_server: ApkAssets: Deleting an ApkAssets object '<empty> and /product/app/PrebuiltGmail/PrebuiltGmail.apk' with 1 weak references
04-04 10:55:23.132   542   555 W system_server: ApkAssets: Deleting an ApkAssets object '<empty> and /data/app/~~yswIBIKptP-pmHtwkMQgGg==/com.google.android.gms-cWqypyc5iiCbLoMPXKROJw==/base.apk' with 1 weak references
04-04 10:55:23.132   542   555 W system_server: ApkAssets: Deleting an ApkAssets object '<empty> and /data/app/~~yswIBIKptP-pmHtwkMQgGg==/com.google.android.gms-cWqypyc5iiCbLoMPXKROJw==/split_AdsDynamite_installtime.apk' with 1 weak references
04-04 10:55:23.132   542   555 W system_server: ApkAssets: Deleting an ApkAssets object '<empty> and /data/app/~~yswIBIKptP-pmHtwkMQgGg==/com.google.android.gms-cWqypyc5iiCbLoMPXKROJw==/split_CronetDynamite_installtime.apk' with 1 weak references
04-04 10:55:23.132   542   555 W system_server: ApkAssets: Deleting an ApkAssets object '<empty> and /data/app/~~yswIBIKptP-pmHtwkMQgGg==/com.google.android.gms-cWqypyc5iiCbLoMPXKROJw==/split_DynamiteLoader_installtime.apk' with 1 weak references
04-04 10:55:23.132   542   555 W system_server: ApkAssets: Deleting an ApkAssets object '<empty> and /data/app/~~yswIBIKptP-pmHtwkMQgGg==/com.google.android.gms-cWqypyc5iiCbLoMPXKROJw==/split_DynamiteModulesA_installtime.apk' with 1 weak references
04-04 10:55:23.138   542   555 W system_server: ApkAssets: Deleting an ApkAssets object '<empty> and /data/app/~~yswIBIKptP-pmHtwkMQgGg==/com.google.android.gms-cWqypyc5iiCbLoMPXKROJw==/split_DynamiteModulesC_installtime.apk' with 1 weak references
04-04 10:55:23.138   542   555 W system_server: ApkAssets: Deleting an ApkAssets object '<empty> and /data/app/~~yswIBIKptP-pmHtwkMQgGg==/com.google.android.gms-cWqypyc5iiCbLoMPXKROJw==/split_GoogleCertificates_installtime.apk' with 1 weak references
04-04 10:55:23.138   542   555 W system_server: ApkAssets: Deleting an ApkAssets object '<empty> and /data/app/~~yswIBIKptP-pmHtwkMQgGg==/com.google.android.gms-cWqypyc5iiCbLoMPXKROJw==/split_MapsDynamite_installtime.apk' with 1 weak references
04-04 10:55:23.138   542   555 W system_server: ApkAssets: Deleting an ApkAssets object '<empty> and /data/app/~~yswIBIKptP-pmHtwkMQgGg==/com.google.android.gms-cWqypyc5iiCbLoMPXKROJw==/split_MeasurementDynamite_installtime.apk' with 1 weak references
04-04 10:55:23.138   542   555 W system_server: ApkAssets: Deleting an ApkAssets object '<empty> and /data/app/~~yswIBIKptP-pmHtwkMQgGg==/com.google.android.gms-cWqypyc5iiCbLoMPXKROJw==/split_all_locale_splits.apk' with 1 weak references
04-04 10:55:23.138   542   555 W system_server: ApkAssets: Deleting an ApkAssets object '<empty> and /data/app/~~yswIBIKptP-pmHtwkMQgGg==/com.google.android.gms-cWqypyc5iiCbLoMPXKROJw==/split_config.en.apk' with 1 weak references
04-04 10:55:23.138   542   555 W system_server: ApkAssets: Deleting an ApkAssets object '<empty> and /data/app/~~yswIBIKptP-pmHtwkMQgGg==/com.google.android.gms-cWqypyc5iiCbLoMPXKROJw==/split_config.xxhdpi.apk' with 1 weak references
04-04 10:55:23.138   542   555 W system_server: ApkAssets: Deleting an ApkAssets object '<empty> and /data/app/~~yswIBIKptP-pmHtwkMQgGg==/com.google.android.gms-cWqypyc5iiCbLoMPXKROJw==/split_maps_core_dynamite_ondemand.apk' with 1 weak references
04-04 10:55:23.139   542   555 W system_server: ApkAssets: Deleting an ApkAssets object '<empty> and /data/app/~~zEGqsd-cyRhmle5_pXA2CQ==/de.gaffga.android.zazentimer-dqqdVJ70KoAQ2nUlKRgMYA==/base.apk' with 1 weak references
04-04 10:55:23.143   542   555 W System  : A resource failed to call release. 
04-04 10:55:23.143   542   555 W System  : A resource failed to call HardwareBuffer.close. 
04-04 10:55:23.143   542   555 W System  : A resource failed to call release. 
04-04 10:55:23.144   542   628 V SafetySourceDataValidat: Package: com.android.vending has expected signature
04-04 10:55:23.144   542   628 V SafetySourceDataValidat: Package: com.android.vending has expected signature
04-04 10:55:23.161  1795  1795 I Finsky  : [2] aiky - Deduping intent android.intent.action.PACKAGE_ADDED
04-04 10:55:23.162  1795  1887 I Finsky  : [41] RECEIVER_PACKAGE_MONITOR#logWorkEndAndFinishGoAsync: SUCCESS
04-04 10:55:23.168  1795  1972 E Finsky  : [51] ItemStore: getItems RPC failed for item de.gaffga.android.zazentimer
04-04 10:55:23.168  1795  1972 E Finsky  : [51] ItemStore: getItems RPC failed for item de.gaffga.android.zazentimer
04-04 10:55:23.179  5623  5623 D AppCompatDelegate: Checking for metadata for AppLocalesMetadataHolderService : Service not found
04-04 10:55:23.201  1795  5676 D TrafficStats: tagSocket(134) with statsTag=0xffffffff, statsUid=-1
04-04 10:55:23.201  1795  5641 D TrafficStats: tagSocket(136) with statsTag=0xffffffff, statsUid=-1
04-04 10:55:23.206  1795  1795 I Finsky  : [2] Memory trim requested to level 40
04-04 10:55:23.206  1795  1795 I Finsky  : [2] Flushing in-memory image cache
04-04 10:55:23.206  2152  2152 I Finsky:background: [2] Memory trim requested to level 40
04-04 10:55:23.218   542   555 W System  : A resource failed to call HardwareBuffer.close. 
04-04 10:55:23.218   542   555 W System  : A resource failed to call release. 
04-04 10:55:23.218  5623  5623 D ZMT_ZazenTimerActivity: onCreate
04-04 10:55:23.218   542   555 W System  : A resource failed to call HardwareBuffer.close. 
04-04 10:55:23.219   542   555 W System  : A resource failed to call close. 
04-04 10:55:23.230   542   555 W system_server: ApkAssets: Deleting an ApkAssets object '<empty> and /product/app/LatinIMEGooglePrebuilt/LatinIMEGooglePrebuilt.apk' with 1 weak references
04-04 10:55:23.234   542   555 W system_server: ApkAssets: Deleting an ApkAssets object '<empty> and /system/priv-app/InputDevices/InputDevices.apk' with 1 weak references
04-04 10:55:23.234   542   555 W system_server: ApkAssets: Deleting an ApkAssets object '<empty> and /product/app/GoogleTTS/GoogleTTS.apk' with 1 weak references
04-04 10:55:23.234   542   555 W system_server: ApkAssets: Deleting an ApkAssets object '<empty> and /product/app/Drive/Drive.apk' with 1 weak references
04-04 10:55:23.235   542   555 W System  : A resource failed to call release. 
04-04 10:55:23.235   542   555 W system_server: ApkAssets: Deleting an ApkAssets object '<empty> and /system_ext/app/AccessibilityMenu/AccessibilityMenu.apk' with 1 weak references
04-04 10:55:23.235   542   555 W system_server: ApkAssets: Deleting an ApkAssets object '/product/overlay/AccessibilityMenu__sdk_gphone64_x86_64__auto_generated_rro_product.apk' with 1 weak references
04-04 10:55:23.235   542   555 W system_server: ApkAssets: Deleting an ApkAssets object '<empty> and /product/app/talkback/talkback.apk' with 1 weak references
04-04 10:55:23.236   542   555 W system_server: ApkAssets: Deleting an ApkAssets object '/vendor/overlay/EmulatorTalkBackOverlay/EmulatorTalkBackOverlay.apk' with 1 weak references
04-04 10:55:23.254  1020  5673 I Fitness : (REDACTED) FitCleanupIntentOperation received Intent %s
04-04 10:55:23.260  1451  2041 W SearchServiceCore: Abort, client detached.
04-04 10:55:23.275   542   833 W ProcessStats: Tracking association SourceState{a73aeb6 com.google.android.googlequicksearchbox:search/10145 BFgs #5064} whose proc state 4 is better than process ProcessState{348b725 com.google.android.webview:sandboxed_process0:org.chromium.content.app.SandboxedProcessService0:0/10145 pkg=com.google.android.googlequicksearchbox} proc state 14 (8 skipped)
04-04 10:55:23.276  1451  2041 W SearchServiceCore: Abort, client detached.
04-04 10:55:23.280  1451  2041 W SearchServiceCore: Abort, client detached.
04-04 10:55:23.291  1795  1910 I Finsky  : [48] WM::SCH: Logging work initialize for 12-1
04-04 10:55:23.300  5623  5623 D ZMT_ZazenTimerActivity: converting Bell Indices to URIs...
04-04 10:55:23.301  1795  1910 I Finsky  : [48] WM::SCH: Logging work initialize for 12-1
04-04 10:55:23.302  5623  5623 D ZMT_ZazenTimerActivity: done converting Bell Indices
04-04 10:55:23.306  1403  5662 W SQLiteLog: (28) double-quoted string literal: "de.gaffga.android.zazentimer"
04-04 10:55:23.308  1795  2000 I Finsky  : [55] SCH: Scheduling phonesky job Id: 12-1, CT: 1775292922542, Constraints: [{ L: 15000, D: 86400000, C: CHARGING_NONE, I: IDLE_NONE, N: NET_ANY, B: BATTERY_ANY }]
04-04 10:55:23.319  1795  1972 I Finsky  : [51] SCH: Scheduling 1 system job(s)
04-04 10:55:23.325  1795  1972 I Finsky  : [51] SCH: Scheduling system job Id: 9496, L: 14223, D: 80389262, C: false, I: false, N: 1
04-04 10:55:23.332  1020  5675 I ProximityAuth: [RecentAppsMediator] Package added: (user=UserHandle{0}) de.gaffga.android.zazentimer
04-04 10:55:23.347  1403  5685 I Auth    : (REDACTED) [SupervisedAccountIntentOperation] onHandleIntent: %s
04-04 10:55:23.364  5623  5623 W roid.zazentimer: Accessing hidden method Landroid/view/View;->computeFitSystemWindows(Landroid/graphics/Rect;Landroid/graphics/Rect;)Z (unsupported, reflection, allowed)
04-04 10:55:23.364  5623  5623 W roid.zazentimer: Accessing hidden method Landroid/view/ViewGroup;->makeOptionalFitsSystemWindows()V (unsupported, reflection, allowed)
04-04 10:55:23.370  1795  1991 I Finsky  : [53] SCH: Scheduling phonesky job Id: 12-1, CT: 1775292922513, Constraints: [{ L: 15000, D: 86400000, C: CHARGING_NONE, I: IDLE_NONE, N: NET_ANY, B: BATTERY_ANY }]
04-04 10:55:23.370  1795  1907 I Finsky  : [45] [ContentSync] finished, scheduled=true
04-04 10:55:23.375  1403  1403 D BoundBrokerSvc: onBind: Intent { act=com.google.android.gms.common.BIND_SHARED_PREFS pkg=com.google.android.gms }
04-04 10:55:23.375  1403  1403 D BoundBrokerSvc: Loading bound service for intent: Intent { act=com.google.android.gms.common.BIND_SHARED_PREFS pkg=com.google.android.gms }
04-04 10:55:23.383  1020  5673 I FontLog : (REDACTED) Package %s has no metadata
04-04 10:55:23.384  1795  1985 I Finsky  : [52] SCH: Scheduling 1 system job(s)
04-04 10:55:23.384  1795  1985 I Finsky  : [52] SCH: Scheduling system job Id: 9496, L: 14129, D: 80389197, C: false, I: false, N: 1
04-04 10:55:23.398  1403  5685 I NearbyDiscovery: (REDACTED) processGrantSlicePermission: %s
04-04 10:55:23.413  1795  1910 I Finsky  : [48] [ContentSync] finished, scheduled=true
04-04 10:55:23.439  5623  5623 D ZMT_MainFragment: Constructor
04-04 10:55:23.450  5623  5623 D ZMT_ZazenTimerActivity: This is the first run - create demo sessions
04-04 10:55:23.471  1403  4350 I Icing   : IndexChimeraService.getServiceInterface callingPackage=com.google.android.gms componentName=AppsCorpus serviceId=36
04-04 10:55:23.521  1403  1403 D BoundBrokerSvc: onBind: Intent { act=com.google.android.gms.feedback.internal.IFeedbackService dat=chimera-action:/... cmp=com.google.android.gms/.chimera.GmsBoundBrokerService }
04-04 10:55:23.521  1403  1403 D BoundBrokerSvc: Loading bound service for intent: Intent { act=com.google.android.gms.feedback.internal.IFeedbackService dat=chimera-action:/... cmp=com.google.android.gms/.chimera.GmsBoundBrokerService }
04-04 10:55:23.539  1403  4810 I Icing   : Usage reports ok 1, Failed Usage reports 0, indexed 0, rejected 0
04-04 10:55:23.564  1403  4127 I Icing   : IndexChimeraService.getServiceInterface callingPackage=com.google.android.gms componentName=null serviceId=30
04-04 10:55:23.592  5623  5623 D ZMT_MainFragment: onAttach (Activity)
04-04 10:55:23.592  5623  5623 D ZMT_MainFragment: onAttach (Context)
04-04 10:55:23.593  5623  5623 D ZMT_MainFragment: onCreate
04-04 10:55:23.593  5623  5623 D ZMT_MainFragment: onCreateView
04-04 10:55:23.630  5623  5623 D ZMT_ZazenTimerActivity: onResume
04-04 10:55:23.631   542   833 D CompatChangeReporter: Compat change id reported: 161145287; UID 10209; state: ENABLED
04-04 10:55:23.640  5623  5623 E TransactionExecutor: Failed to execute the transaction: tId:1582060619 ClientTransaction{
04-04 10:55:23.640  5623  5623 E TransactionExecutor: tId:1582060619   transactionItems=[
04-04 10:55:23.640  5623  5623 E TransactionExecutor: tId:1582060619     LaunchActivityItem{activityToken=android.os.BinderProxy@b45b418,intent=Intent { flg=0x10000000 cmp=de.gaffga.android.zazentimer/.ZazenTimerActivity },ident=60289974,info=ActivityInfo{d7ff629 de.gaffga.android.zazentimer.ZazenTimerActivity},curConfig={1.0 310mcc260mnc [en_US] ldltr sw411dp w411dp h838dp 420dpi nrml long port finger qwerty/v/v -nav/h winConfig={ mBounds=Rect(0, 0 - 1080, 2400) mAppBounds=Rect(0, 136 - 1080, 2337) mMaxBounds=Rect(0, 0 - 1080, 2400) mDisplayRotation=ROTATION_0 mWindowingMode=fullscreen mActivityType=undefined mAlwaysOnTop=undefined mRotation=ROTATION_0} as.2 s.35 fontWeightAdjustment=0},overrideConfig={1.0 310mcc260mnc [en_US] ldltr sw411dp w411dp h838dp 420dpi nrml long port finger qwerty/v/v -nav/h winConfig={ mBounds=Rect(0, 0 - 1080, 2400) mAppBounds=Rect(0, 136 - 1080, 2337) mMaxBounds=Rect(0, 0 - 1080, 2400) mDisplayRotation=ROTATION_0 mWindowingMode=fullscreen mActivityType=standard mAlwaysOnTop=undefined mRotation=ROTATION_0} as.2 s.3 fontWeightAdjustment=0},deviceId=0,referrer=com.android.shell,procState=2,state=null,persistentState=null,pendingResults=null,pendingNewIntents=null,sceneTransitionInfo=null,profilerInfo=null,assistToken=android.os.BinderProxy@1ceed62,shareableActivityToken=android.os.BinderProxy@d3b1ef3,activityWindowInfo=ActivityWindowInfo{isEmbedded=false, taskBounds=Rect(0, 0 - 1080, 2400), taskFragmentBounds=Rect(0, 0 - 1080, 2400)}}
04-04 10:55:23.640  5623  5623 E TransactionExecutor: tId:1582060619     ResumeActivityItem{mActivityToken=android.os.BinderProxy@b45b418,procState=-1,updateProcState=false,isForward=true,shouldSendCompatFakeFocus=false}
04-04 10:55:23.640  5623  5623 E TransactionExecutor: tId:1582060619     Target activity: de.gaffga.android.zazentimer.ZazenTimerActivity
04-04 10:55:23.640  5623  5623 E TransactionExecutor: tId:1582060619   ]
04-04 10:55:23.640  5623  5623 E TransactionExecutor: tId:1582060619 }
04-04 10:55:23.640  5623  5623 D AndroidRuntime: Shutting down VM
04-04 10:55:23.647  5623  5623 E AndroidRuntime: FATAL EXCEPTION: main
04-04 10:55:23.647  5623  5623 E AndroidRuntime: Process: de.gaffga.android.zazentimer, PID: 5623
04-04 10:55:23.647  5623  5623 E AndroidRuntime: java.lang.RuntimeException: Unable to resume activity {de.gaffga.android.zazentimer/de.gaffga.android.zazentimer.ZazenTimerActivity}: java.lang.SecurityException: de.gaffga.android.zazentimer: One of RECEIVER_EXPORTED or RECEIVER_NOT_EXPORTED should be specified when a receiver isn't being registered exclusively for system broadcasts
04-04 10:55:23.647  5623  5623 E AndroidRuntime: 	at android.app.ActivityThread.performResumeActivity(ActivityThread.java:5309)
04-04 10:55:23.647  5623  5623 E AndroidRuntime: 	at android.app.ActivityThread.handleResumeActivity(ActivityThread.java:5342)
04-04 10:55:23.647  5623  5623 E AndroidRuntime: 	at android.app.servertransaction.ResumeActivityItem.execute(ResumeActivityItem.java:57)
04-04 10:55:23.647  5623  5623 E AndroidRuntime: 	at android.app.servertransaction.ActivityTransactionItem.execute(ActivityTransactionItem.java:60)
04-04 10:55:23.647  5623  5623 E AndroidRuntime: 	at android.app.servertransaction.TransactionExecutor.executeLifecycleItem(TransactionExecutor.java:225)
04-04 10:55:23.647  5623  5623 E AndroidRuntime: 	at android.app.servertransaction.TransactionExecutor.executeTransactionItems(TransactionExecutor.java:107)
04-04 10:55:23.647  5623  5623 E AndroidRuntime: 	at android.app.servertransaction.TransactionExecutor.execute(TransactionExecutor.java:81)
04-04 10:55:23.647  5623  5623 E AndroidRuntime: 	at android.app.ActivityThread$H.handleMessage(ActivityThread.java:2636)
04-04 10:55:23.647  5623  5623 E AndroidRuntime: 	at android.os.Handler.dispatchMessage(Handler.java:107)
04-04 10:55:23.647  5623  5623 E AndroidRuntime: 	at android.os.Looper.loopOnce(Looper.java:232)
04-04 10:55:23.647  5623  5623 E AndroidRuntime: 	at android.os.Looper.loop(Looper.java:317)
04-04 10:55:23.647  5623  5623 E AndroidRuntime: 	at android.app.ActivityThread.main(ActivityThread.java:8705)
04-04 10:55:23.647  5623  5623 E AndroidRuntime: 	at java.lang.reflect.Method.invoke(Native Method)
04-04 10:55:23.647  5623  5623 E AndroidRuntime: 	at com.android.internal.os.RuntimeInit$MethodAndArgsCaller.run(RuntimeInit.java:580)
04-04 10:55:23.647  5623  5623 E AndroidRuntime: 	at com.android.internal.os.ZygoteInit.main(ZygoteInit.java:886)
04-04 10:55:23.647  5623  5623 E AndroidRuntime: Caused by: java.lang.SecurityException: de.gaffga.android.zazentimer: One of RECEIVER_EXPORTED or RECEIVER_NOT_EXPORTED should be specified when a receiver isn't being registered exclusively for system broadcasts
04-04 10:55:23.647  5623  5623 E AndroidRuntime: 	at android.os.Parcel.createExceptionOrNull(Parcel.java:3242)
04-04 10:55:23.647  5623  5623 E AndroidRuntime: 	at android.os.Parcel.createException(Parcel.java:3226)
04-04 10:55:23.647  5623  5623 E AndroidRuntime: 	at android.os.Parcel.readException(Parcel.java:3209)
04-04 10:55:23.647  5623  5623 E AndroidRuntime: 	at android.os.Parcel.readException(Parcel.java:3151)
04-04 10:55:23.647  5623  5623 E AndroidRuntime: 	at android.app.IActivityManager$Stub$Proxy.registerReceiverWithFeature(IActivityManager.java:6092)
04-04 10:55:23.647  5623  5623 E AndroidRuntime: 	at android.app.ContextImpl.registerReceiverInternal(ContextImpl.java:1881)
04-04 10:55:23.647  5623  5623 E AndroidRuntime: 	at android.app.ContextImpl.registerReceiver(ContextImpl.java:1821)
04-04 10:55:23.647  5623  5623 E AndroidRuntime: 	at android.app.ContextImpl.registerReceiver(ContextImpl.java:1809)
04-04 10:55:23.647  5623  5623 E AndroidRuntime: 	at android.content.ContextWrapper.registerReceiver(ContextWrapper.java:757)
04-04 10:55:23.647  5623  5623 E AndroidRuntime: 	at android.content.ContextWrapper.registerReceiver(ContextWrapper.java:757)
04-04 10:55:23.647  5623  5623 E AndroidRuntime: 	at de.gaffga.android.zazentimer.ZazenTimerActivity.onResume(ZazenTimerActivity.java:175)
04-04 10:55:23.647  5623  5623 E AndroidRuntime: 	at android.app.Instrumentation.callActivityOnResume(Instrumentation.java:1722)
04-04 10:55:23.647  5623  5623 E AndroidRuntime: 	at android.app.Activity.performResume(Activity.java:9160)
04-04 10:55:23.647  5623  5623 E AndroidRuntime: 	at android.app.ActivityThread.performResumeActivity(ActivityThread.java:5299)
04-04 10:55:23.647  5623  5623 E AndroidRuntime: 	... 14 more
04-04 10:55:23.647  5623  5623 E AndroidRuntime: Caused by: android.os.RemoteException: Remote stack trace:
04-04 10:55:23.647  5623  5623 E AndroidRuntime: 	at com.android.server.am.ActivityManagerService.registerReceiverWithFeatureTraced(ActivityManagerService.java:14828)
04-04 10:55:23.647  5623  5623 E AndroidRuntime: 	at com.android.server.am.ActivityManagerService.registerReceiverWithFeature(ActivityManagerService.java:14630)
04-04 10:55:23.647  5623  5623 E AndroidRuntime: 	at android.app.IActivityManager$Stub.onTransact(IActivityManager.java:2757)
04-04 10:55:23.647  5623  5623 E AndroidRuntime: 	at com.android.server.am.ActivityManagerService.onTransact(ActivityManagerService.java:2812)
04-04 10:55:23.647  5623  5623 E AndroidRuntime: 	at android.os.Binder.execTransactInternal(Binder.java:1500)
04-04 10:55:23.647  5623  5623 E AndroidRuntime: 
04-04 10:55:23.657   542   833 W ActivityTaskManager:   Force finishing activity de.gaffga.android.zazentimer/.ZazenTimerActivity
04-04 10:55:23.658   542  5696 I DropBoxManagerService: add tag=data_app_crash isTagEnabled=true flags=0x2
04-04 10:55:23.661  1034  1034 D VRI[NexusLauncherActivity]: visibilityChanged oldVisibility=false newVisibility=true
04-04 10:55:23.663   790   822 V WindowManagerShell: Transition requested (#31): android.os.BinderProxy@aa68d8e TransitionRequestInfo { type = CLOSE, triggerTask = null, pipTask = null, remoteTransition = null, displayChange = null, flags = 16, debugId = 31 }
04-04 10:55:23.664   542   570 I ActivityManager: Showing crash dialog for package de.gaffga.android.zazentimer u0
04-04 10:55:23.666   413   413 I BpBinder: onLastStrongRef automatically unlinking death recipients: 
04-04 10:55:23.666  1034  1034 D NexusLauncherModelDelegate: notifySmartspaceEvent: SmartspaceTargetEvent{mSmartspaceTarget=null, mSmartspaceActionId='null', mEventType=6}
04-04 10:55:23.695  1403  4810 I Icing   : Usage reports ok 0, Failed Usage reports 0, indexed 0, rejected 0
04-04 10:55:23.747  1034  1034 I TopTaskTracker: onTaskMovedToFront: (moved taskInfo to front) taskId=6, baseIntent=Intent { act=android.intent.action.MAIN cat=[android.intent.category.HOME] flg=0x10000100 cmp=com.google.android.apps.nexuslauncher/.NexusLauncherActivity }
04-04 10:55:23.754  1034  1078 E FrameEvents: addRelease: Did not find frame.
04-04 10:55:23.776   542   570 D CoreBackPreview: Window{e6697c u0 Application Error: de.gaffga.android.zazentimer}: Setting back callback OnBackInvokedCallbackInfo{mCallback=android.window.WindowOnBackInvokedDispatcher$OnBackInvokedCallbackWrapper@2544cbd, mPriority=0, mIsAnimationCallback=false}
04-04 10:55:23.792  1403  4810 I Icing   : Indexing com.google.android.gms-apps from com.google.android.gms
04-04 10:55:23.877  1403  4810 I Icing   : Indexing done com.google.android.gms-apps
04-04 10:55:24.137  1034  1446 D EGL_emulation: app_time_stats: avg=119.02ms min=1.11ms max=1571.68ms count=16
04-04 10:55:24.157   542   572 W ActivityTaskManager: Activity top resumed state loss timeout for ActivityRecord{397f3b6 u0 de.gaffga.android.zazentimer/.ZazenTimerActivity t15 f}}
04-04 10:55:24.159   542   572 W ActivityTaskManager: Activity pause timeout for ActivityRecord{397f3b6 u0 de.gaffga.android.zazentimer/.ZazenTimerActivity t15 f}}
04-04 10:55:24.162  1034  1034 D StatsLog: LAUNCHER_ONRESUME
04-04 10:55:24.163   790   822 D WindowManagerShell: setLauncherKeepClearAreaHeight: visible=true, height=527
04-04 10:55:24.163   542  1343 W AppSearchIcing: icing-search-engine.cc:321: Error: 5, Message: Document (com.google.android.googlequicksearchbox$OneSearchZeroStateGoogleSuggestions/default, zp) not found.
04-04 10:55:24.163  1034  1719 D OneSearchSuggestProvider: AppSearch 0-state cache not available, fallback to AGA
04-04 10:55:24.163  1034  1719 D OneSearchSuggestProvider: java.util.concurrent.CompletionException: java.util.NoSuchElementException: No value present
04-04 10:55:24.163  1034  1719 D OneSearchSuggestProvider: 	at java.util.concurrent.CompletableFuture.encodeThrowable(CompletableFuture.java:308)
04-04 10:55:24.163  1034  1719 D OneSearchSuggestProvider: 	at java.util.concurrent.CompletableFuture.completeThrowable(CompletableFuture.java:323)
04-04 10:55:24.163  1034  1719 D OneSearchSuggestProvider: 	at java.util.concurrent.CompletableFuture$UniAccept.tryFire(CompletableFuture.java:684)
04-04 10:55:24.163  1034  1719 D OneSearchSuggestProvider: 	at java.util.concurrent.CompletableFuture.postComplete(CompletableFuture.java:486)
04-04 10:55:24.163  1034  1719 D OneSearchSuggestProvider: 	at java.util.concurrent.CompletableFuture.completeExceptionally(CompletableFuture.java:2138)
04-04 10:55:24.163  1034  1719 D OneSearchSuggestProvider: 	at com.google.android.apps.nexuslauncher.allapps.E0.onResult(go/retraceme 2855a437b73635ce9cad76b9289087e631bbb67fc90008a0da13d343a00e5041:67)
04-04 10:55:24.163  1034  1719 D OneSearchSuggestProvider: 	at android.app.appsearch.SearchSessionUtil$1.lambda$onResult$0(go/retraceme 64eee9e9f568ff45978879ad2ff83146f2618ee8a88278736fbdf5fae931976e:144)
04-04 10:55:24.163  1034  1719 D OneSearchSuggestProvider: 	at android.app.appsearch.SearchSessionUtil$1.$r8$lambda$CEk3q8sDAQVhU3rQwVueB8FAj_M(go/retraceme 64eee9e9f568ff45978879ad2ff83146f2618ee8a88278736fbdf5fae931976e:1)
04-04 10:55:24.163  1034  1719 D OneSearchSuggestProvider: 	at android.app.appsearch.SearchSessionUtil$1$$ExternalSyntheticLambda0.run(go/retraceme 64eee9e9f568ff45978879ad2ff83146f2618ee8a88278736fbdf5fae931976e:22)
04-04 10:55:24.163  1034  1719 D OneSearchSuggestProvider: 	at android.os.Handler.handleCallback(Handler.java:959)
04-04 10:55:24.163  1034  1719 D OneSearchSuggestProvider: 	at android.os.Handler.dispatchMessage(Handler.java:100)
04-04 10:55:24.163  1034  1719 D OneSearchSuggestProvider: 	at android.os.Looper.loopOnce(Looper.java:232)
04-04 10:55:24.163  1034  1719 D OneSearchSuggestProvider: 	at android.os.Looper.loop(Looper.java:317)
04-04 10:55:24.163  1034  1719 D OneSearchSuggestProvider: 	at android.os.HandlerThread.run(HandlerThread.java:85)
04-04 10:55:24.163  1034  1719 D OneSearchSuggestProvider: Caused by: java.util.NoSuchElementException: No value present
04-04 10:55:24.163  1034  1719 D OneSearchSuggestProvider: 	at java.util.Optional.get(Optional.java:143)
04-04 10:55:24.163  1034  1719 D OneSearchSuggestProvider: 	at com.google.android.apps.nexuslauncher.allapps.E0.onResult(go/retraceme 2855a437b73635ce9cad76b9289087e631bbb67fc90008a0da13d343a00e5041:28)
04-04 10:55:24.163  1034  1719 D OneSearchSuggestProvider: 	... 8 more
04-04 10:55:24.164  1034  1719 D OneSearchSuggestProvider: Established or reuse existing binder channel authority=com.google.android.googlequicksearchbox
04-04 10:55:24.177  1034  1097 D QuickstepModelDelegate: notifyAppTargetEvent action=1 launchLocation=workspace/0/[-1,-1]/[1,1]
04-04 10:55:24.189  1451  1451 I A       : (REDACTED) Created gRPC endpoint for service %s
04-04 10:55:24.197   790   890 D EGL_emulation: app_time_stats: avg=497.81ms min=24.64ms max=1908.05ms count=4
04-04 10:55:24.198   790  1217 V WindowManagerShell: onTransitionReady(transaction=2327872275680)
04-04 10:55:24.212   790   822 V WindowManagerShell: onTransitionReady (#31) android.os.BinderProxy@aa68d8e: {id=31 t=CLOSE f=0x10 trk=0 r=[0@Point(0, 0)] c=[{WCT{android.window.IWindowContainerToken$Stub$Proxy@8420da8} m=TO_FRONT f=SHOW_WALLPAPER|MOVE_TO_TOP leash=Surface(name=Task=1)/@0x1dfb9af sb=Rect(0, 0 - 1080, 2400) eb=Rect(0, 0 - 1080, 2400) d=0 taskParent=-1},{WCT{android.window.IWindowContainerToken$Stub$Proxy@c3930c1} m=CLOSE f=NONE leash=Surface(name=Task=15)/@0x32f91bc sb=Rect(0, 0 - 1080, 2400) eb=Rect(0, 0 - 1080, 2400) d=0 taskParent=-1},{null m=TO_FRONT f=IS_WALLPAPER leash=Surface(name=WallpaperWindowToken{2db878 token=android.os.Binder@58f95db})/@0x101f49a sb=Rect(0, 0 - 1080, 2400) eb=Rect(0, 0 - 1080, 2400) d=0}]}
04-04 10:55:24.213   542   569 V WindowManager: Sent Transition (#31) createdAt=04-04 10:55:23.657 via request=TransitionRequestInfo { type = CLOSE, triggerTask = null, pipTask = null, remoteTransition = null, displayChange = null, flags = 16, debugId = 31 }
04-04 10:55:24.213   790   822 V WindowManagerShell: Playing animation for (#31) android.os.BinderProxy@aa68d8e@0
04-04 10:55:24.213   790   822 V WindowManagerShell:  try handler com.android.wm.shell.transition.DefaultMixedHandler@44fcc89
04-04 10:55:24.213   790   822 V WindowManagerShell:  try handler com.android.wm.shell.keyguard.KeyguardTransitionHandler@2fb9ccb
04-04 10:55:24.213   790   822 V WindowManagerShell:  try handler com.android.wm.shell.pip.PipTransition@ee9cca8
04-04 10:55:24.213   790   822 V WindowManagerShell:  try handler com.android.wm.shell.activityembedding.ActivityEmbeddingController@7d783c1
04-04 10:55:24.213   790   822 V WindowManagerShell:  try handler com.android.wm.shell.recents.RecentsTransitionHandler@92e1766
04-04 10:55:24.213   790   822 V ShellRecents: RecentsTransitionHandler.startAnimation: no controller found
04-04 10:55:24.213   790   822 V WindowManagerShell:  try handler com.android.wm.shell.splitscreen.StageCoordinator@2a53aa7
04-04 10:55:24.214   790   822 V WindowManagerShell:  try handler com.android.wm.shell.transition.RemoteTransitionHandler@c630b54
04-04 10:55:24.214   790   822 V WindowManagerShell: Transition doesn't have explicit remote, search filters for match for {id=31 t=CLOSE f=0x10 trk=0 r=[0@Point(0, 0)] c=[{WCT{android.window.IWindowContainerToken$Stub$Proxy@8420da8} m=TO_FRONT f=SHOW_WALLPAPER|MOVE_TO_TOP leash=Surface(name=Task=1)/@0x1dfb9af sb=Rect(0, 0 - 1080, 2400) eb=Rect(0, 0 - 1080, 2400) d=0 taskParent=-1},{WCT{android.window.IWindowContainerToken$Stub$Proxy@c3930c1} m=CLOSE f=NONE leash=Surface(name=Task=15)/@0x32f91bc sb=Rect(0, 0 - 1080, 2400) eb=Rect(0, 0 - 1080, 2400) d=0 taskParent=-1},{null m=TO_FRONT f=IS_WALLPAPER leash=Surface(name=WallpaperWindowToken{2db878 token=android.os.Binder@58f95db})/@0x101f49a sb=Rect(0, 0 - 1080, 2400) eb=Rect(0, 0 - 1080, 2400) d=0}]}
04-04 10:55:24.214   790   822 V WindowManagerShell:  Checking filter Pair{{types=[] flags=0x0] notFlags=0x0 checks=[{atype=undefined independent=true modes=[OPEN,TO_FRONT] flags=IN_TASK_WITH_EMBEDDED_ACTIVITY mustBeTask=false order=ANY topActivity=ComponentInfo{com.google.android.apps.nexuslauncher/com.google.android.apps.nexuslauncher.NexusLauncherActivity} launchCookie=null},{atype=undefined independent=true modes=[CLOSE,TO_BACK] flags=IN_TASK_WITH_EMBEDDED_ACTIVITY mustBeTask=false order=ANY topActivity=null launchCookie=null}]} RemoteTransition { remoteTransition = android.window.IRemoteTransition$Stub$Proxy@ad5d800, appThread = android.app.IApplicationThread$Stub$Proxy@4dd2839, debugName = OverlaySwipeBack }}
04-04 10:55:24.214   542   569 V WindowManager:     startWCT=WindowContainerTransaction { changes = {} hops = [] errorCallbackToken=null taskFragmentOrganizer=null }
04-04 10:55:24.214   790   822 V WindowManagerShell:  Checking filter Pair{{types=[] flags=0x0] notFlags=0x0 checks=[{atype=dream independent=true modes=[OPEN,TO_FRONT] flags=NONE mustBeTask=false order=ANY topActivity=null launchCookie=null},{atype=home independent=true modes=[CLOSE,TO_BACK] flags=NONE mustBeTask=false order=ANY topActivity=null launchCookie=null}]} RemoteTransition { remoteTransition = android.window.IRemoteTransition$Stub$Proxy@981ae7e, appThread = android.app.IApplicationThread$Stub$Proxy@2d5dfdf, debugName = LauncherToDream }}
04-04 10:55:24.214   790   822 V WindowManagerShell:  Checking filter Pair{{types=[] flags=0x0] notFlags=0x100 checks=[{atype=home independent=true modes=[OPEN,TO_FRONT] flags=NONE mustBeTask=false order=TOP topActivity=ComponentInfo{com.google.android.apps.nexuslauncher/com.google.android.apps.nexuslauncher.NexusLauncherActivity} launchCookie=null},{atype=standard independent=true modes=[CLOSE,TO_BACK] flags=NONE mustBeTask=false order=ANY topActivity=null launchCookie=null}]} RemoteTransition { remoteTransition = android.window.IRemoteTransition$Stub$Proxy@4c0742c, appThread = android.app.IApplicationThread$Stub$Proxy@f5f0ef5, debugName = QuickstepLaunchHome }}
04-04 10:55:24.214   790   822 D RemoteTransitionHandler: Found filterPair{{types=[] flags=0x0] notFlags=0x100 checks=[{atype=home independent=true modes=[OPEN,TO_FRONT] flags=NONE mustBeTask=false order=TOP topActivity=ComponentInfo{com.google.android.apps.nexuslauncher/com.google.android.apps.nexuslauncher.NexusLauncherActivity} launchCookie=null},{atype=standard independent=true modes=[CLOSE,TO_BACK] flags=NONE mustBeTask=false order=ANY topActivity=null launchCookie=null}]} RemoteTransition { remoteTransition = android.window.IRemoteTransition$Stub$Proxy@4c0742c, appThread = android.app.IApplicationThread$Stub$Proxy@f5f0ef5, debugName = QuickstepLaunchHome }}
04-04 10:55:24.215   790   822 V WindowManagerShell:  Delegate animation for (#31) to RemoteTransition { remoteTransition = android.window.IRemoteTransition$Stub$Proxy@4c0742c, appThread = android.app.IApplicationThread$Stub$Proxy@f5f0ef5, debugName = QuickstepLaunchHome }
04-04 10:55:24.216   542   569 V WindowManager:     info={id=31 t=CLOSE f=0x10 trk=0 r=[0@Point(0, 0)] c=[
04-04 10:55:24.216   542   569 V WindowManager:         {WCT{RemoteToken{b89d40f Task{1d28c65 #1 type=home}}} m=TO_FRONT f=SHOW_WALLPAPER|MOVE_TO_TOP leash=Surface(name=Task=1)/@0xb2645b7 sb=Rect(0, 0 - 1080, 2400) eb=Rect(0, 0 - 1080, 2400) d=0 taskParent=-1},
04-04 10:55:24.216   542   569 V WindowManager:         {WCT{RemoteToken{1bd899b Task{8b868b7 #15 type=standard A=10209:de.gaffga.android.zazentimer}}} m=CLOSE f=NONE leash=Surface(name=Task=15)/@0x3ab73d9 sb=Rect(0, 0 - 1080, 2400) eb=Rect(0, 0 - 1080, 2400) d=0 taskParent=-1},
04-04 10:55:24.216   542   569 V WindowManager:         {null m=TO_FRONT f=IS_WALLPAPER leash=Surface(name=WallpaperWindowToken{2db878 token=android.os.Binder@58f95db})/@0xc246334 sb=Rect(0, 0 - 1080, 2400) eb=Rect(0, 0 - 1080, 2400) d=0}
04-04 10:55:24.216   542   569 V WindowManager:     ]}
04-04 10:55:24.226  1311  1658 I AiAiEcho: Predicting[0]:  [CONTEXT sampling_count=5 ]
04-04 10:55:24.228  1311  1658 I AiAiEcho: EchoTargets: 
04-04 10:55:24.228  1311  1658 I AiAiEcho: Filtered by AiAi flag check: 
04-04 10:55:24.228  1311  1658 I AiAiEcho: [CONTEXT ratelimit_period="10 SECONDS" ]
04-04 10:55:24.228  1311  1658 I AiAiEcho: Ranked targets strategy: SORT, count: 0, ranking metadata:  [CONTEXT ratelimit_period="10 SECONDS" ]
04-04 10:55:24.229  1311  1658 I AiAiEcho: #remoteViewsTwiddler: feature disabled.
04-04 10:55:24.230  1311  1658 I AiAiEcho: #postPredictionTargets: Sending updates to UISurface home with targets# 0 (types=[])
04-04 10:55:24.231  1034  1034 D SsBaseTemplateCard: No text view can be set up
04-04 10:55:24.231  1034  1034 D SsBaseTemplateCard: Passed-in item info is null
04-04 10:55:24.231  1034  1034 D SsBaseTemplateCard: Passed-in item info is null
04-04 10:55:24.231  1034  1034 D SsBaseTemplateCard: Passed-in item info is null
04-04 10:55:24.231  1034  1034 I SsBaseTemplateCard: Secondary card pane is null
04-04 10:55:24.255   790   822 V WindowManagerShell:  animated by com.android.wm.shell.transition.RemoteTransitionHandler@c630b54
04-04 10:55:24.265   542  1597 W UserManagerService: Requested status bar icon for non-badged user 0
04-04 10:55:24.266   413   413 E SurfaceFlinger: Out of order buffers detected for RequestedLayerState{com.google.android.apps.nexuslauncher/com.google.android.apps.nexuslauncher.NexusLauncherActivity#109 parentId=106} producedId=11 frameNumber=327 -> producedId=11 frameNumber=2
04-04 10:55:24.288  1034  1034 D StateManager: createAtomicAnimation - fromState: Background, toState: Normal, partial trace:
04-04 10:55:24.288  1034  1034 D StateManager: 	at com.android.quickstep.util.StaggeredWorkspaceAnim.prepareToAnimate(go/retraceme 2855a437b73635ce9cad76b9289087e631bbb67fc90008a0da13d343a00e5041:22)
04-04 10:55:24.288  1034  1034 D StateManager: 	at com.android.quickstep.util.StaggeredWorkspaceAnim.<init>(go/retraceme 2855a437b73635ce9cad76b9289087e631bbb67fc90008a0da13d343a00e5041:4)
04-04 10:55:24.288  1034  1034 D StateManager: 	at com.android.quickstep.util.StaggeredWorkspaceAnim.<init>(go/retraceme 2855a437b73635ce9cad76b9289087e631bbb67fc90008a0da13d343a00e5041:1)
04-04 10:55:24.333   413   413 E SurfaceFlinger: Out of order buffers detected for RequestedLayerState{com.google.android.apps.nexuslauncher/com.google.android.apps.nexuslauncher.NexusLauncherActivity#109 parentId=106} producedId=11 frameNumber=327 -> producedId=11 frameNumber=3
04-04 10:55:24.335   371   397 I RanchuHwc: logCompositionFallbackIfChanged: layer 52 CompositionType fallback from 2 to 1
04-04 10:55:24.335   371   397 I RanchuHwc: logCompositionFallbackIfChanged: layer 53 CompositionType fallback from 3 to 1
04-04 10:55:24.383   413   413 E SurfaceFlinger: Out of order buffers detected for RequestedLayerState{com.google.android.apps.nexuslauncher/com.google.android.apps.nexuslauncher.NexusLauncherActivity#109 parentId=106} producedId=11 frameNumber=327 -> producedId=11 frameNumber=4
04-04 10:55:24.416   413   413 E SurfaceFlinger: Out of order buffers detected for RequestedLayerState{com.google.android.apps.nexuslauncher/com.google.android.apps.nexuslauncher.NexusLauncherActivity#109 parentId=106} producedId=11 frameNumber=327 -> producedId=11 frameNumber=5
04-04 10:55:24.433   413   413 E SurfaceFlinger: Out of order buffers detected for RequestedLayerState{com.google.android.apps.nexuslauncher/com.google.android.apps.nexuslauncher.NexusLauncherActivity#109 parentId=106} producedId=11 frameNumber=327 -> producedId=11 frameNumber=6
04-04 10:55:24.466   413   413 E SurfaceFlinger: Out of order buffers detected for RequestedLayerState{com.google.android.apps.nexuslauncher/com.google.android.apps.nexuslauncher.NexusLauncherActivity#109 parentId=106} producedId=11 frameNumber=327 -> producedId=11 frameNumber=7
04-04 10:55:24.500   413   413 E SurfaceFlinger: Out of order buffers detected for RequestedLayerState{com.google.android.apps.nexuslauncher/com.google.android.apps.nexuslauncher.NexusLauncherActivity#109 parentId=106} producedId=11 frameNumber=327 -> producedId=11 frameNumber=8
04-04 10:55:24.533   413   413 E SurfaceFlinger: Out of order buffers detected for RequestedLayerState{com.google.android.apps.nexuslauncher/com.google.android.apps.nexuslauncher.NexusLauncherActivity#109 parentId=106} producedId=11 frameNumber=327 -> producedId=11 frameNumber=9
04-04 10:55:24.545  1034  1034 D SearchTargetUtil: queryLength=0 size=15
04-04 10:55:24.545  1034  1034 D SearchTargetUtil: layoutType=short_icon_row resultType=131072 packageName=com.google.android.googlequicksearchbox extras=Bundle{suggestion_type=33,suggest_truncate_start=false,is_answer=false,is_entity=false,is_personal=false,suggest_raw_text=walt disney world new parking policy,input_query=android.app.search.Query@2494abb,group_id=web2556281,response_id=80ed6ef4-e707-4954-b58f-c699f8925a39,support_query_builder=false,} searchAction=walt disney world new parking policy searchActionExtras=Bundle{learn_more_url=https://support.google.com/websearch/answer/106230?hl=106230,suggestion_action_text=Report this,should_start_for_result=true,allow_pinning=true,skip_logging_in_target_handler=true,suggestion_action_rpc=2,}ParentID: null targetID: 403a2782-5595-4e57-94b1-9ad01b3bef39
04-04 10:55:24.545  1034  1034 D SearchTargetUtil: layoutType=short_icon_row resultType=131072 packageName=com.google.android.googlequicksearchbox extras=Bundle{suggestion_type=33,suggest_truncate_start=false,is_answer=false,is_entity=false,is_personal=false,suggest_raw_text=dhs government shutdown,input_query=android.app.search.Query@2494abb,group_id=web2556281,response_id=80ed6ef4-e707-4954-b58f-c699f8925a39,support_query_builder=false,} searchAction=dhs government shutdown searchActionExtras=Bundle{learn_more_url=https://support.google.com/websearch/answer/106230?hl=106230,suggestion_action_text=Report this,should_start_for_result=true,allow_pinning=true,skip_logging_in_target_handler=true,suggestion_action_rpc=2,}ParentID: null targetID: 1a92c5f5-f7b1-4ec7-8e53-a84685fddf22
04-04 10:55:24.545  1034  1034 D SearchTargetUtil: layoutType=short_icon_row resultType=131072 packageName=com.google.android.googlequicksearchbox extras=Bundle{suggestion_type=33,suggest_truncate_start=false,is_answer=false,is_entity=false,is_personal=false,suggest_raw_text=aj dybantsa staying at byu,input_query=android.app.search.Query@2494abb,group_id=web2556281,response_id=80ed6ef4-e707-4954-b58f-c699f8925a39,support_query_builder=false,} searchAction=aj dybantsa staying at byu searchActionExtras=Bundle{learn_more_url=https://support.google.com/websearch/answer/106230?hl=106230,suggestion_action_text=Report this,should_start_for_result=true,allow_pinning=true,skip_logging_in_target_handler=true,suggestion_action_rpc=2,}ParentID: null targetID: f670b1da-4441-460f-ada8-130d056d3ec3
04-04 10:55:24.545  1034  1034 D SearchTargetUtil: layoutType=short_icon_row resultType=131072 packageName=com.google.android.googlequicksearchbox extras=Bundle{suggestion_type=33,suggest_truncate_start=false,is_answer=false,is_entity=false,is_personal=false,suggest_raw_text=oracle layoffs,input_query=android.app.search.Query@2494abb,group_id=web2556281,response_id=80ed6ef4-e707-4954-b58f-c699f8925a39,support_query_builder=false,} searchAction=oracle layoffs searchActionExtras=Bundle{learn_more_url=https://support.google.com/websearch/answer/106230?hl=106230,suggestion_action_text=Report this,should_start_for_result=true,allow_pinning=true,skip_logging_in_target_handler=true,suggestion_action_rpc=2,}ParentID: null targetID: a033c40d-6f5e-4808-9497-5bcdb90b3cd4
04-04 10:55:24.545  1034  1034 D SearchTargetUtil: layoutType=short_icon_row resultType=131072 packageName=com.google.android.googlequicksearchbox extras=Bundle{suggestion_type=33,suggest_truncate_start=false,is_answer=false,is_entity=false,is_personal=false,suggest_raw_text=rec room game shutting down,input_query=android.app.search.Query@2494abb,group_id=web2556281,response_id=80ed6ef4-e707-4954-b58f-c699f8925a39,support_query_builder=false,} searchAction=rec room game shutting down searchActionExtras=Bundle{learn_more_url=https://support.google.com/websearch/answer/106230?hl=106230,suggestion_action_text=Report this,should_start_for_result=true,allow_pinning=true,skip_logging_in_target_handler=true,suggestion_action_rpc=2,}ParentID: null targetID: a6be6e6d-e23e-4032-837b-92868e85fd15
04-04 10:55:24.545  1034  1034 D SearchTargetUtil: layoutType=short_icon_row resultType=131072 packageName=com.google.android.googlequicksearchbox extras=Bundle{suggestion_type=33,suggest_truncate_start=false,is_answer=false,is_entity=false,is_personal=false,suggest_raw_text=elizabeth taylor swift music video,input_query=android.app.search.Query@2494abb,group_id=web2556281,response_id=80ed6ef4-e707-4954-b58f-c699f8925a39,support_query_builder=false,} searchAction=elizabeth taylor swift music video searchActionExtras=Bundle{learn_more_url=https://support.google.com/websearch/answer/106230?hl=106230,suggestion_action_text=Report this,should_start_for_result=true,allow_pinning=true,skip_logging_in_target_handler=true,suggestion_action_rpc=2,}ParentID: null targetID: eeab5373-6dec-40a3-a718-fe4328bf622f
04-04 10:55:24.545  1034  1034 D SearchTargetUtil: layoutType=short_icon_row resultType=131072 packageName=com.google.android.googlequicksearchbox extras=Bundle{suggestion_type=33,suggest_truncate_start=false,is_answer=false,is_entity=false,is_personal=false,suggest_raw_text=texas state record crappie,input_query=android.app.search.Query@2494abb,group_id=web2556281,response_id=80ed6ef4-e707-4954-b58f-c699f8925a39,support_query_builder=false,} searchAction=texas state record crappie searchActionExtras=Bundle{learn_more_url=https://support.google.com/websearch/answer/106230?hl=106230,suggestion_action_text=Report this,should_start_for_result=true,allow_pinning=true,skip_logging_in_target_handler=true,suggestion_action_rpc=2,}ParentID: null targetID: 3c7a9a5e-0060-43e1-a693-a1cb8e156524
04-04 10:55:24.546  1034  1034 D SearchTargetUtil: layoutType=short_icon_row resultType=131072 packageName=com.google.android.googlequicksearchbox extras=Bundle{suggestion_type=33,suggest_truncate_start=false,is_answer=false,is_entity=false,is_personal=false,suggest_raw_text=nasa artemis rocket launch astronauts,input_query=android.app.search.Query@2494abb,group_id=web2556281,response_id=80ed6ef4-e707-4954-b58f-c699f8925a39,support_query_builder=false,} searchAction=nasa artemis rocket launch astronauts searchActionExtras=Bundle{learn_more_url=https://support.google.com/websearch/answer/106230?hl=106230,suggestion_action_text=Report this,should_start_for_result=true,allow_pinning=true,skip_logging_in_target_handler=true,suggestion_action_rpc=2,}ParentID: null targetID: 33fd88f3-ea8a-49eb-9984-096aa1272152
