--------- beginning of system
04-04 10:53:33.874   542  1520 W ActivityTaskManager: callingPackage for (uid=2000, pid=5569) has no WPC
04-04 10:53:33.874   542  1520 W OptProp : Cannot read opt property android.window.PROPERTY_COMPAT_ALLOW_USER_ASPECT_RATIO_OVERRIDE
04-04 10:53:33.874   542  1520 W OptProp : Cannot read opt property android.window.PROPERTY_COMPAT_ALLOW_USER_ASPECT_RATIO_FULLSCREEN_OVERRIDE
04-04 10:53:33.875   542  1520 W OptProp : Cannot read opt property android.window.PROPERTY_COMPAT_ALLOW_ORIENTATION_OVERRIDE
--------- beginning of main
04-04 10:53:33.875   542  1520 V GrammaticalInflectionUtils: AttributionSource: android.content.AttributionSource@95d5846e does not have READ_SYSTEM_GRAMMATICAL_GENDER permission.
04-04 10:53:33.875   542  1520 W OptProp : Cannot read opt property android.window.PROPERTY_COMPAT_ALLOW_RESIZEABLE_ACTIVITY_OVERRIDES
04-04 10:53:33.875   542  1520 W OptProp : Cannot read opt property android.window.PROPERTY_COMPAT_ALLOW_MIN_ASPECT_RATIO_OVERRIDE
04-04 10:53:33.890   542  1520 I ActivityTaskManager: START u0 {flg=0x10000000 cmp=de.gaffga.android.zazentimer/.ZazenTimerActivity} with LAUNCH_MULTIPLE from uid 2000 (BAL_ALLOW_PERMISSION) result code=0
04-04 10:53:33.891   790   822 V WindowManagerShell: Transition requested (#28): android.os.BinderProxy@589e838 TransitionRequestInfo { type = OPEN, triggerTask = TaskInfo{userId=0 taskId=14 displayId=0 isRunning=true baseIntent=Intent { flg=0x10000000 cmp=de.gaffga.android.zazentimer/.ZazenTimerActivity } baseActivity=ComponentInfo{de.gaffga.android.zazentimer/de.gaffga.android.zazentimer.ZazenTimerActivity} topActivity=ComponentInfo{de.gaffga.android.zazentimer/de.gaffga.android.zazentimer.ZazenTimerActivity} origActivity=null realActivity=ComponentInfo{de.gaffga.android.zazentimer/de.gaffga.android.zazentimer.ZazenTimerActivity} numActivities=1 lastActiveTime=2446007 supportsMultiWindow=true resizeMode=1 isResizeable=true minWidth=-1 minHeight=-1 defaultMinSize=220 token=WCT{android.window.IWindowContainerToken$Stub$Proxy@3c92011} topActivityType=1 pictureInPictureParams=null shouldDockBigOverlays=false launchIntoPipHostTaskId=-1 lastParentTaskIdBeforePip=-1 displayCutoutSafeInsets=Rect(0, 136 - 0, 0) topActivityInfo=ActivityInfo{28e0576 de.gaffga.android.zazentimer.ZazenTimerActivity} launchCookies=[] positionInParent=Point(0, 0) parentTaskId=-1 isFocused=false isVisible=false isVisibleRequested=false isSleeping=false locusId=null displayAreaFeatureId=1 isTopActivityTransparent=false appCompatTaskInfo=AppCompatTaskInfo { topActivityInSizeCompat=false topActivityEligibleForLetterboxEducation= falseisLetterboxEducationEnabled= true isLetterboxDoubleTapEnabled= false topActivityEligibleForUserAspectRatioButton= false topActivityBoundsLetterboxed= false isFromLetterboxDoubleTap= false topActivityLetterboxVerticalPosition= -1 topActivityLetterboxHorizontalPosition= -1 topActivityLetterboxWidth=1080 topActivityLetterboxHeight=2400 isUserFullscreenOverrideEnabled=false isSystemFullscreenOverrideEnabled=false cameraCompatTaskInfo=CameraCompatTaskInfo { cameraCompatControlState=hidden freeformCameraCompatMode=inactive}}}, pipTask = null, remoteTransition = null, displayChange = null, flags = 0, debugId = 28 }
04-04 10:53:33.893   542   572 V GrammaticalInflectionUtils: AttributionSource: android.content.AttributionSource@95d5846e does not have READ_SYSTEM_GRAMMATICAL_GENDER permission.
04-04 10:53:33.897  1034  1034 W SplitSelectStateCtor: Missing session instanceIds
04-04 10:53:33.898  1034  1034 D StatsLog: LAUNCHER_SPLIT_SELECTION_EXIT_INTERRUPTED
04-04 10:53:33.915   542   628 D CoreBackPreview: Window{55456cf u0 Splash Screen de.gaffga.android.zazentimer}: Setting back callback OnBackInvokedCallbackInfo{mCallback=android.window.IOnBackInvokedCallback$Stub$Proxy@2e990eb, mPriority=0, mIsAnimationCallback=false}
04-04 10:53:33.917   413   413 I BpBinder: onLastStrongRef automatically unlinking death recipients: 
04-04 10:53:33.920   343   343 D Zygote  : Forked child process 5572
04-04 10:53:33.925   542   582 I ActivityManager: Start proc 5572:de.gaffga.android.zazentimer/u0a209 for next-top-activity {de.gaffga.android.zazentimer/de.gaffga.android.zazentimer.ZazenTimerActivity}
04-04 10:53:33.926  4856  4878 W Bugle   : TextClassifierLibManagerImpl: Reclaiming memory at level: 40
04-04 10:53:33.927  1034  1034 I TopTaskTracker: onTaskMovedToFront: (moved taskInfo to front) taskId=14, baseIntent=Intent { flg=0x10000000 cmp=de.gaffga.android.zazentimer/.ZazenTimerActivity }
04-04 10:53:33.928   790   822 D WindowManagerShell: setLauncherKeepClearAreaHeight: visible=false, height=527
04-04 10:53:33.931  5572  5572 I roid.zazentimer: Late-enabling -Xcheck:jni
04-04 10:53:33.964  5572  5572 I roid.zazentimer: Using CollectorTypeCMC GC.
04-04 10:53:33.965  5572  5572 W roid.zazentimer: Unexpected CPU variant for x86: x86_64.
04-04 10:53:33.965  5572  5572 W roid.zazentimer: Known variants: atom, sandybridge, silvermont, goldmont, goldmont-plus, goldmont-without-sha-xsaves, tremont, kabylake, default
04-04 10:53:33.973   421   433 I adbd    : jdwp connection from 5572
04-04 10:53:33.974  1034  1446 D EGL_emulation: app_time_stats: avg=33952.59ms min=33952.59ms max=33952.59ms count=1
04-04 10:53:33.983   413   413 E SurfaceFlinger: Out of order buffers detected for RequestedLayerState{com.google.android.apps.nexuslauncher/com.google.android.apps.nexuslauncher.NexusLauncherActivity#109 parentId=106} producedId=9 frameNumber=327 -> producedId=9 frameNumber=39
04-04 10:53:34.001   413   413 E SurfaceFlinger: Out of order buffers detected for RequestedLayerState{com.google.android.apps.nexuslauncher/com.google.android.apps.nexuslauncher.NexusLauncherActivity#109 parentId=106} producedId=9 frameNumber=327 -> producedId=9 frameNumber=40
04-04 10:53:34.009   542   569 V WindowManager: Sent Transition (#28) createdAt=04-04 10:53:33.875 via request=TransitionRequestInfo { type = OPEN, triggerTask = TaskInfo{userId=0 taskId=14 displayId=0 isRunning=true baseIntent=Intent { flg=0x10000000 cmp=de.gaffga.android.zazentimer/.ZazenTimerActivity } baseActivity=ComponentInfo{de.gaffga.android.zazentimer/de.gaffga.android.zazentimer.ZazenTimerActivity} topActivity=ComponentInfo{de.gaffga.android.zazentimer/de.gaffga.android.zazentimer.ZazenTimerActivity} origActivity=null realActivity=ComponentInfo{de.gaffga.android.zazentimer/de.gaffga.android.zazentimer.ZazenTimerActivity} numActivities=1 lastActiveTime=2446007 supportsMultiWindow=true resizeMode=1 isResizeable=true minWidth=-1 minHeight=-1 defaultMinSize=220 token=WCT{RemoteToken{2553263 Task{9edc673 #14 type=standard A=10209:de.gaffga.android.zazentimer}}} topActivityType=1 pictureInPictureParams=null shouldDockBigOverlays=false launchIntoPipHostTaskId=-1 lastParentTaskIdBeforePip=-1 displayCutoutSafeInsets=Rect(0, 136 - 0, 0) topActivityInfo=ActivityInfo{f32ce60 de.gaffga.android.zazentimer.ZazenTimerActivity} launchCookies=[] positionInParent=Point(0, 0) parentTaskId=-1 isFocused=false isVisible=false isVisibleRequested=false isSleeping=false locusId=null displayAreaFeatureId=1 isTopActivityTransparent=false appCompatTaskInfo=AppCompatTaskInfo { topActivityInSizeCompat=false topActivityEligibleForLetterboxEducation= falseisLetterboxEducationEnabled= true isLetterboxDoubleTapEnabled= false topActivityEligibleForUserAspectRatioButton= false topActivityBoundsLetterboxed= false isFromLetterboxDoubleTap= false topActivityLetterboxVerticalPosition= -1 topActivityLetterboxHorizontalPosition= -1 topActivityLetterboxWidth=1080 topActivityLetterboxHeight=2400 isUserFullscreenOverrideEnabled=false isSystemFullscreenOverrideEnabled=false cameraCompatTaskInfo=CameraCompatTaskInfo { cameraCompatControlState=hidden freeformCameraCompatMode=inactive}}}, pipTask = null, remoteTransition = null, displayChange = null, flags = 0, debugId = 28 }
04-04 10:53:34.009   542   569 V WindowManager:     startWCT=WindowContainerTransaction { changes = {} hops = [] errorCallbackToken=null taskFragmentOrganizer=null }
04-04 10:53:34.009   542   569 V WindowManager:     info={id=28 t=OPEN f=0x0 trk=0 r=[0@Point(0, 0)] c=[
04-04 10:53:34.009   542   569 V WindowManager:         {WCT{RemoteToken{2553263 Task{9edc673 #14 type=standard A=10209:de.gaffga.android.zazentimer}}} m=OPEN f=NONE leash=Surface(name=Task=14)/@0x18be4e1 sb=Rect(0, 0 - 1080, 2400) eb=Rect(0, 0 - 1080, 2400) d=0 taskParent=-1},
04-04 10:53:34.009   542   569 V WindowManager:         {WCT{RemoteToken{b89d40f Task{1d28c65 #1 type=home}}} m=TO_BACK f=SHOW_WALLPAPER leash=Surface(name=Task=1)/@0xb2645b7 sb=Rect(0, 0 - 1080, 2400) eb=Rect(0, 0 - 1080, 2400) d=0 taskParent=-1}
04-04 10:53:34.009   542   569 V WindowManager:     ]}
04-04 10:53:34.012   790   893 V WindowManagerShell: onTransitionReady(transaction=2327872275537)
04-04 10:53:34.012   790   822 V WindowManagerShell: onTransitionReady (#28) android.os.BinderProxy@589e838: {id=28 t=OPEN f=0x0 trk=0 r=[0@Point(0, 0)] c=[{WCT{android.window.IWindowContainerToken$Stub$Proxy@4212f81} m=OPEN f=NONE leash=Surface(name=Task=14)/@0xe63f05a sb=Rect(0, 0 - 1080, 2400) eb=Rect(0, 0 - 1080, 2400) d=0 taskParent=-1},{WCT{android.window.IWindowContainerToken$Stub$Proxy@d60b826} m=TO_BACK f=SHOW_WALLPAPER leash=Surface(name=Task=1)/@0x364f28b sb=Rect(0, 0 - 1080, 2400) eb=Rect(0, 0 - 1080, 2400) d=0 taskParent=-1}]}
04-04 10:53:34.012   790   822 V WindowManagerShell: Playing animation for (#28) android.os.BinderProxy@589e838@0
04-04 10:53:34.012   790   822 V WindowManagerShell:  try handler com.android.wm.shell.transition.DefaultMixedHandler@44fcc89
04-04 10:53:34.012   790   822 V WindowManagerShell:  try handler com.android.wm.shell.keyguard.KeyguardTransitionHandler@2fb9ccb
04-04 10:53:34.012   790   822 V WindowManagerShell:  try handler com.android.wm.shell.pip.PipTransition@ee9cca8
04-04 10:53:34.012   790   822 V WindowManagerShell:  try handler com.android.wm.shell.activityembedding.ActivityEmbeddingController@7d783c1
04-04 10:53:34.013   790   822 V WindowManagerShell:  try handler com.android.wm.shell.recents.RecentsTransitionHandler@92e1766
04-04 10:53:34.014   790   822 V ShellRecents: RecentsTransitionHandler.startAnimation: no controller found
04-04 10:53:34.014   790   822 V WindowManagerShell:  try handler com.android.wm.shell.splitscreen.StageCoordinator@2a53aa7
04-04 10:53:34.014   790   822 V WindowManagerShell:  try handler com.android.wm.shell.transition.RemoteTransitionHandler@c630b54
04-04 10:53:34.014   790   822 V WindowManagerShell: Transition doesn't have explicit remote, search filters for match for {id=28 t=OPEN f=0x0 trk=0 r=[0@Point(0, 0)] c=[{WCT{android.window.IWindowContainerToken$Stub$Proxy@4212f81} m=OPEN f=NONE leash=Surface(name=Task=14)/@0xe63f05a sb=Rect(0, 0 - 1080, 2400) eb=Rect(0, 0 - 1080, 2400) d=0 taskParent=-1},{WCT{android.window.IWindowContainerToken$Stub$Proxy@d60b826} m=TO_BACK f=SHOW_WALLPAPER leash=Surface(name=Task=1)/@0x364f28b sb=Rect(0, 0 - 1080, 2400) eb=Rect(0, 0 - 1080, 2400) d=0 taskParent=-1}]}
04-04 10:53:34.014   790   822 V WindowManagerShell:  Checking filter Pair{{types=[] flags=0x0] notFlags=0x0 checks=[{atype=undefined independent=true modes=[OPEN,TO_FRONT] flags=IN_TASK_WITH_EMBEDDED_ACTIVITY mustBeTask=false order=ANY topActivity=ComponentInfo{com.google.android.apps.nexuslauncher/com.google.android.apps.nexuslauncher.NexusLauncherActivity} launchCookie=null},{atype=undefined independent=true modes=[CLOSE,TO_BACK] flags=IN_TASK_WITH_EMBEDDED_ACTIVITY mustBeTask=false order=ANY topActivity=null launchCookie=null}]} RemoteTransition { remoteTransition = android.window.IRemoteTransition$Stub$Proxy@ad5d800, appThread = android.app.IApplicationThread$Stub$Proxy@4dd2839, debugName = OverlaySwipeBack }}
04-04 10:53:34.014   790   822 V WindowManagerShell:  Checking filter Pair{{types=[] flags=0x0] notFlags=0x0 checks=[{atype=dream independent=true modes=[OPEN,TO_FRONT] flags=NONE mustBeTask=false order=ANY topActivity=null launchCookie=null},{atype=home independent=true modes=[CLOSE,TO_BACK] flags=NONE mustBeTask=false order=ANY topActivity=null launchCookie=null}]} RemoteTransition { remoteTransition = android.window.IRemoteTransition$Stub$Proxy@981ae7e, appThread = android.app.IApplicationThread$Stub$Proxy@2d5dfdf, debugName = LauncherToDream }}
04-04 10:53:34.014   790   822 V WindowManagerShell:  Checking filter Pair{{types=[] flags=0x0] notFlags=0x100 checks=[{atype=home independent=true modes=[OPEN,TO_FRONT] flags=NONE mustBeTask=false order=TOP topActivity=ComponentInfo{com.google.android.apps.nexuslauncher/com.google.android.apps.nexuslauncher.NexusLauncherActivity} launchCookie=null},{atype=standard independent=true modes=[CLOSE,TO_BACK] flags=NONE mustBeTask=false order=ANY topActivity=null launchCookie=null}]} RemoteTransition { remoteTransition = android.window.IRemoteTransition$Stub$Proxy@4c0742c, appThread = android.app.IApplicationThread$Stub$Proxy@f5f0ef5, debugName = QuickstepLaunchHome }}
04-04 10:53:34.014   790   822 V WindowManagerShell:  Delegate animation for (#28) to null
04-04 10:53:34.014   790   822 V WindowManagerShell:  try handler com.android.wm.shell.transition.DefaultTransitionHandler@d914ebb
04-04 10:53:34.014   790   822 V WindowManagerShell: start default transition animation, info = {id=28 t=OPEN f=0x0 trk=0 r=[0@Point(0, 0)] c=[{WCT{android.window.IWindowContainerToken$Stub$Proxy@4212f81} m=OPEN f=NONE leash=Surface(name=Task=14)/@0xe63f05a sb=Rect(0, 0 - 1080, 2400) eb=Rect(0, 0 - 1080, 2400) d=0 taskParent=-1},{WCT{android.window.IWindowContainerToken$Stub$Proxy@d60b826} m=TO_BACK f=SHOW_WALLPAPER leash=Surface(name=Task=1)/@0x364f28b sb=Rect(0, 0 - 1080, 2400) eb=Rect(0, 0 - 1080, 2400) d=0 taskParent=-1}]}
04-04 10:53:34.015   542  1597 W UserManagerService: Requested status bar icon for non-badged user 0
04-04 10:53:34.015   790   822 V WindowManagerShell: loadAnimation: anim=android.view.animation.AnimationSet@a1030b2 animAttr=0x13 type=OPEN isEntrance=false
04-04 10:53:34.016   790   822 V WindowManagerShell: loadAnimation: anim=android.view.animation.AnimationSet@9cca5fe animAttr=0x12 type=OPEN isEntrance=true
04-04 10:53:34.016   413   413 E SurfaceFlinger: Out of order buffers detected for RequestedLayerState{com.google.android.apps.nexuslauncher/com.google.android.apps.nexuslauncher.NexusLauncherActivity#109 parentId=106} producedId=9 frameNumber=327 -> producedId=9 frameNumber=41
04-04 10:53:34.020  5572  5572 D nativeloader: Load libframework-connectivity-tiramisu-jni.so using APEX ns com_android_tethering for caller /apex/com.android.tethering/javalib/framework-connectivity-t.jar: ok
04-04 10:53:34.028   790   822 V WindowManagerShell:  animated by com.android.wm.shell.transition.DefaultTransitionHandler@d914ebb
04-04 10:53:34.032   790   890 D EGL_emulation: app_time_stats: avg=20443.97ms min=20443.97ms max=20443.97ms count=1
04-04 10:53:34.033   413   413 E SurfaceFlinger: Out of order buffers detected for RequestedLayerState{com.google.android.apps.nexuslauncher/com.google.android.apps.nexuslauncher.NexusLauncherActivity#109 parentId=106} producedId=9 frameNumber=327 -> producedId=9 frameNumber=42
04-04 10:53:34.049   413   413 E SurfaceFlinger: Out of order buffers detected for RequestedLayerState{com.google.android.apps.nexuslauncher/com.google.android.apps.nexuslauncher.NexusLauncherActivity#109 parentId=106} producedId=9 frameNumber=327 -> producedId=9 frameNumber=43
04-04 10:53:34.061  1034  1446 D EGL_emulation: app_time_stats: avg=4893.00ms min=5.91ms max=102180.63ms count=21
04-04 10:53:34.066   413   413 E SurfaceFlinger: Out of order buffers detected for RequestedLayerState{com.google.android.apps.nexuslauncher/com.google.android.apps.nexuslauncher.NexusLauncherActivity#109 parentId=106} producedId=9 frameNumber=327 -> producedId=9 frameNumber=44
04-04 10:53:34.083   413   413 E SurfaceFlinger: Out of order buffers detected for RequestedLayerState{com.google.android.apps.nexuslauncher/com.google.android.apps.nexuslauncher.NexusLauncherActivity#109 parentId=106} producedId=9 frameNumber=327 -> producedId=9 frameNumber=45
04-04 10:53:34.098  5572  5572 D CompatChangeReporter: Compat change id reported: 242716250; UID 10209; state: ENABLED
04-04 10:53:34.134  5572  5572 D ApplicationLoaders: Returning zygote-cached class loader: /system_ext/framework/androidx.window.extensions.jar
04-04 10:53:34.135  5572  5572 D ApplicationLoaders: Returning zygote-cached class loader: /system_ext/framework/androidx.window.sidecar.jar
04-04 10:53:34.136  5572  5572 W ziparchive: Unable to open '/data/app/~~zEGqsd-cyRhmle5_pXA2CQ==/de.gaffga.android.zazentimer-dqqdVJ70KoAQ2nUlKRgMYA==/base.dm': No such file or directory
04-04 10:53:34.136  5572  5572 W ziparchive: Unable to open '/data/app/~~zEGqsd-cyRhmle5_pXA2CQ==/de.gaffga.android.zazentimer-dqqdVJ70KoAQ2nUlKRgMYA==/base.dm': No such file or directory
04-04 10:53:34.226  5572  5572 D nativeloader: Configuring clns-7 for other apk /data/app/~~zEGqsd-cyRhmle5_pXA2CQ==/de.gaffga.android.zazentimer-dqqdVJ70KoAQ2nUlKRgMYA==/base.apk. target_sdk_version=34, uses_libraries=, library_path=/data/app/~~zEGqsd-cyRhmle5_pXA2CQ==/de.gaffga.android.zazentimer-dqqdVJ70KoAQ2nUlKRgMYA==/lib/x86_64, permitted_path=/data:/mnt/expand:/data/user/0/de.gaffga.android.zazentimer
04-04 10:53:34.237  5572  5572 V GraphicsEnvironment: Currently set values for:
04-04 10:53:34.237  5572  5572 V GraphicsEnvironment:   angle_gl_driver_selection_pkgs=[]
04-04 10:53:34.237  5572  5572 V GraphicsEnvironment:   angle_gl_driver_selection_values=[]
04-04 10:53:34.237  5572  5572 V GraphicsEnvironment: Global.Settings values are invalid: number of packages: 0, number of values: 0
04-04 10:53:34.237  5572  5572 V GraphicsEnvironment: Neither updatable production driver nor prerelease driver is supported.
04-04 10:53:34.268   542   628 W OptProp : Cannot read opt property android.window.PROPERTY_COMPAT_ENABLE_FAKE_FOCUS
04-04 10:53:34.321   790   822 V WindowManagerShell: Transition animation finished (aborted=false), notifying core (#28) android.os.BinderProxy@589e838@0
04-04 10:53:34.322   542   569 V WindowManager: Finish Transition (#28): created at 04-04 10:53:33.875 collect-started=0.03ms request-sent=12.782ms started=38.113ms ready=118.121ms sent=128.604ms finished=446.631ms
04-04 10:53:34.328   790   822 V WindowManagerShell: Track 0 became idle
04-04 10:53:34.328   790   822 V WindowManagerShell: All active transition animations finished
04-04 10:53:34.329  1034  1034 D VRI[NexusLauncherActivity]: visibilityChanged oldVisibility=true newVisibility=false
04-04 10:53:34.332   542  1597 W UserManagerService: Requested status bar icon for non-badged user 0
04-04 10:53:34.333  1034  1034 D NexusLauncherModelDelegate: notifySmartspaceEvent: SmartspaceTargetEvent{mSmartspaceTarget=null, mSmartspaceActionId='null', mEventType=7}
04-04 10:53:34.342   542   628 W UserManagerService: Requested status bar icon for non-badged user 0
04-04 10:53:34.359  5572  5572 D AppCompatDelegate: Checking for metadata for AppLocalesMetadataHolderService : Service not found
04-04 10:53:34.372  5572  5572 D ZMT_ZazenTimerActivity: onCreate
04-04 10:53:34.422  5572  5572 D ZMT_ZazenTimerActivity: converting Bell Indices to URIs...
04-04 10:53:34.425  5572  5572 D ZMT_ZazenTimerActivity: done converting Bell Indices
04-04 10:53:34.462  5572  5572 W roid.zazentimer: Accessing hidden method Landroid/view/View;->computeFitSystemWindows(Landroid/graphics/Rect;Landroid/graphics/Rect;)Z (unsupported, reflection, allowed)
04-04 10:53:34.462  5572  5572 W roid.zazentimer: Accessing hidden method Landroid/view/ViewGroup;->makeOptionalFitsSystemWindows()V (unsupported, reflection, allowed)
04-04 10:53:34.465  5572  5572 E TransactionExecutor: Failed to execute the transaction: tId:1452302695 ClientTransaction{
04-04 10:53:34.465  5572  5572 E TransactionExecutor: tId:1452302695   transactionItems=[
04-04 10:53:34.465  5572  5572 E TransactionExecutor: tId:1452302695     LaunchActivityItem{activityToken=android.os.BinderProxy@b45b418,intent=Intent { flg=0x10000000 cmp=de.gaffga.android.zazentimer/.ZazenTimerActivity },ident=260932322,info=ActivityInfo{28e69cb de.gaffga.android.zazentimer.ZazenTimerActivity},curConfig={1.0 310mcc260mnc [en_US] ldltr sw411dp w411dp h838dp 420dpi nrml long port finger qwerty/v/v -nav/h winConfig={ mBounds=Rect(0, 0 - 1080, 2400) mAppBounds=Rect(0, 136 - 1080, 2337) mMaxBounds=Rect(0, 0 - 1080, 2400) mDisplayRotation=ROTATION_0 mWindowingMode=fullscreen mActivityType=undefined mAlwaysOnTop=undefined mRotation=ROTATION_0} as.2 s.35 fontWeightAdjustment=0},overrideConfig={1.0 310mcc260mnc [en_US] ldltr sw411dp w411dp h838dp 420dpi nrml long port finger qwerty/v/v -nav/h winConfig={ mBounds=Rect(0, 0 - 1080, 2400) mAppBounds=Rect(0, 136 - 1080, 2337) mMaxBounds=Rect(0, 0 - 1080, 2400) mDisplayRotation=ROTATION_0 mWindowingMode=fullscreen mActivityType=standard mAlwaysOnTop=undefined mRotation=ROTATION_0} as.2 s.3 fontWeightAdjustment=0},deviceId=0,referrer=com.android.shell,procState=2,state=null,persistentState=null,pendingResults=null,pendingNewIntents=null,sceneTransitionInfo=null,profilerInfo=null,assistToken=android.os.BinderProxy@a6e19bc,shareableActivityToken=android.os.BinderProxy@206d45,activityWindowInfo=ActivityWindowInfo{isEmbedded=false, taskBounds=Rect(0, 0 - 1080, 2400), taskFragmentBounds=Rect(0, 0 - 1080, 2400)}}
04-04 10:53:34.465  5572  5572 E TransactionExecutor: tId:1452302695     ResumeActivityItem{mActivityToken=android.os.BinderProxy@b45b418,procState=-1,updateProcState=false,isForward=true,shouldSendCompatFakeFocus=false}
04-04 10:53:34.465  5572  5572 E TransactionExecutor: tId:1452302695     Target activity: de.gaffga.android.zazentimer.ZazenTimerActivity
04-04 10:53:34.465  5572  5572 E TransactionExecutor: tId:1452302695   ]
04-04 10:53:34.465  5572  5572 E TransactionExecutor: tId:1452302695 }
04-04 10:53:34.466  5572  5572 D AndroidRuntime: Shutting down VM
--------- beginning of crash
04-04 10:53:34.476  5572  5572 E AndroidRuntime: FATAL EXCEPTION: main
04-04 10:53:34.476  5572  5572 E AndroidRuntime: Process: de.gaffga.android.zazentimer, PID: 5572
04-04 10:53:34.476  5572  5572 E AndroidRuntime: java.lang.RuntimeException: Unable to start activity ComponentInfo{de.gaffga.android.zazentimer/de.gaffga.android.zazentimer.ZazenTimerActivity}: android.view.InflateException: Binary XML file line #5 in de.gaffga.android.zazentimer:layout/main: Binary XML file line #5 in de.gaffga.android.zazentimer:layout/main: Error inflating class android.support.design.widget.AppBarLayout
04-04 10:53:34.476  5572  5572 E AndroidRuntime: 	at android.app.ActivityThread.performLaunchActivity(ActivityThread.java:4048)
04-04 10:53:34.476  5572  5572 E AndroidRuntime: 	at android.app.ActivityThread.handleLaunchActivity(ActivityThread.java:4235)
04-04 10:53:34.476  5572  5572 E AndroidRuntime: 	at android.app.servertransaction.LaunchActivityItem.execute(LaunchActivityItem.java:112)
04-04 10:53:34.476  5572  5572 E AndroidRuntime: 	at android.app.servertransaction.TransactionExecutor.executeNonLifecycleItem(TransactionExecutor.java:174)
04-04 10:53:34.476  5572  5572 E AndroidRuntime: 	at android.app.servertransaction.TransactionExecutor.executeTransactionItems(TransactionExecutor.java:109)
04-04 10:53:34.476  5572  5572 E AndroidRuntime: 	at android.app.servertransaction.TransactionExecutor.execute(TransactionExecutor.java:81)
04-04 10:53:34.476  5572  5572 E AndroidRuntime: 	at android.app.ActivityThread$H.handleMessage(ActivityThread.java:2636)
04-04 10:53:34.476  5572  5572 E AndroidRuntime: 	at android.os.Handler.dispatchMessage(Handler.java:107)
04-04 10:53:34.476  5572  5572 E AndroidRuntime: 	at android.os.Looper.loopOnce(Looper.java:232)
04-04 10:53:34.476  5572  5572 E AndroidRuntime: 	at android.os.Looper.loop(Looper.java:317)
04-04 10:53:34.476  5572  5572 E AndroidRuntime: 	at android.app.ActivityThread.main(ActivityThread.java:8705)
04-04 10:53:34.476  5572  5572 E AndroidRuntime: 	at java.lang.reflect.Method.invoke(Native Method)
04-04 10:53:34.476  5572  5572 E AndroidRuntime: 	at com.android.internal.os.RuntimeInit$MethodAndArgsCaller.run(RuntimeInit.java:580)
04-04 10:53:34.476  5572  5572 E AndroidRuntime: 	at com.android.internal.os.ZygoteInit.main(ZygoteInit.java:886)
04-04 10:53:34.476  5572  5572 E AndroidRuntime: Caused by: android.view.InflateException: Binary XML file line #5 in de.gaffga.android.zazentimer:layout/main: Binary XML file line #5 in de.gaffga.android.zazentimer:layout/main: Error inflating class android.support.design.widget.AppBarLayout
04-04 10:53:34.476  5572  5572 E AndroidRuntime: Caused by: android.view.InflateException: Binary XML file line #5 in de.gaffga.android.zazentimer:layout/main: Error inflating class android.support.design.widget.AppBarLayout
04-04 10:53:34.476  5572  5572 E AndroidRuntime: Caused by: java.lang.ClassNotFoundException: android.support.design.widget.AppBarLayout
04-04 10:53:34.476  5572  5572 E AndroidRuntime: 	at java.lang.Class.classForName(Native Method)
04-04 10:53:34.476  5572  5572 E AndroidRuntime: 	at java.lang.Class.forName(Class.java:607)
04-04 10:53:34.476  5572  5572 E AndroidRuntime: 	at android.view.LayoutInflater.createView(LayoutInflater.java:703)
04-04 10:53:34.476  5572  5572 E AndroidRuntime: 	at android.view.LayoutInflater.createViewFromTag(LayoutInflater.java:894)
04-04 10:53:34.476  5572  5572 E AndroidRuntime: 	at android.view.LayoutInflater.createViewFromTag(LayoutInflater.java:849)
04-04 10:53:34.476  5572  5572 E AndroidRuntime: 	at android.view.LayoutInflater.inflate(LayoutInflater.java:543)
04-04 10:53:34.476  5572  5572 E AndroidRuntime: 	at android.view.LayoutInflater.inflate(LayoutInflater.java:462)
04-04 10:53:34.476  5572  5572 E AndroidRuntime: 	at android.view.LayoutInflater.inflate(LayoutInflater.java:413)
04-04 10:53:34.476  5572  5572 E AndroidRuntime: 	at androidx.appcompat.app.AppCompatDelegateImpl.setContentView(AppCompatDelegateImpl.java:775)
04-04 10:53:34.476  5572  5572 E AndroidRuntime: 	at androidx.appcompat.app.AppCompatActivity.setContentView(AppCompatActivity.java:197)
04-04 10:53:34.476  5572  5572 E AndroidRuntime: 	at de.gaffga.android.zazentimer.ZazenTimerActivity.initView(ZazenTimerActivity.java:224)
04-04 10:53:34.476  5572  5572 E AndroidRuntime: 	at de.gaffga.android.zazentimer.ZazenTimerActivity.onCreate(ZazenTimerActivity.java:150)
04-04 10:53:34.476  5572  5572 E AndroidRuntime: 	at android.app.Activity.performCreate(Activity.java:9002)
04-04 10:53:34.476  5572  5572 E AndroidRuntime: 	at android.app.Activity.performCreate(Activity.java:8980)
04-04 10:53:34.476  5572  5572 E AndroidRuntime: 	at android.app.Instrumentation.callActivityOnCreate(Instrumentation.java:1526)
04-04 10:53:34.476  5572  5572 E AndroidRuntime: 	at android.app.ActivityThread.performLaunchActivity(ActivityThread.java:4030)
04-04 10:53:34.476  5572  5572 E AndroidRuntime: 	at android.app.ActivityThread.handleLaunchActivity(ActivityThread.java:4235)
04-04 10:53:34.476  5572  5572 E AndroidRuntime: 	at android.app.servertransaction.LaunchActivityItem.execute(LaunchActivityItem.java:112)
04-04 10:53:34.476  5572  5572 E AndroidRuntime: 	at android.app.servertransaction.TransactionExecutor.executeNonLifecycleItem(TransactionExecutor.java:174)
04-04 10:53:34.476  5572  5572 E AndroidRuntime: 	at android.app.servertransaction.TransactionExecutor.executeTransactionItems(TransactionExecutor.java:109)
04-04 10:53:34.476  5572  5572 E AndroidRuntime: 	at android.app.servertransaction.TransactionExecutor.execute(TransactionExecutor.java:81)
04-04 10:53:34.476  5572  5572 E AndroidRuntime: 	at android.app.ActivityThread$H.handleMessage(ActivityThread.java:2636)
04-04 10:53:34.476  5572  5572 E AndroidRuntime: 	at android.os.Handler.dispatchMessage(Handler.java:107)
04-04 10:53:34.476  5572  5572 E AndroidRuntime: 	at android.os.Looper.loopOnce(Looper.java:232)
04-04 10:53:34.476  5572  5572 E AndroidRuntime: 	at android.os.Looper.loop(Looper.java:317)
04-04 10:53:34.476  5572  5572 E AndroidRuntime: 	at android.app.ActivityThread.main(ActivityThread.java:8705)
04-04 10:53:34.476  5572  5572 E AndroidRuntime: 	at java.lang.reflect.Method.invoke(Native Method)
04-04 10:53:34.478  5572  5572 E AndroidRuntime: 	at com.android.internal.os.RuntimeInit$MethodAndArgsCaller.run(RuntimeInit.java:580)
04-04 10:53:34.478  5572  5572 E AndroidRuntime: 	at com.android.internal.os.ZygoteInit.main(ZygoteInit.java:886)
04-04 10:53:34.478  5572  5572 E AndroidRuntime: Caused by: java.lang.ClassNotFoundException: Didn't find class "android.support.design.widget.AppBarLayout" on path: DexPathList[[zip file "/data/app/~~zEGqsd-cyRhmle5_pXA2CQ==/de.gaffga.android.zazentimer-dqqdVJ70KoAQ2nUlKRgMYA==/base.apk"],nativeLibraryDirectories=[/data/app/~~zEGqsd-cyRhmle5_pXA2CQ==/de.gaffga.android.zazentimer-dqqdVJ70KoAQ2nUlKRgMYA==/lib/x86_64, /system/lib64, /system_ext/lib64]]
04-04 10:53:34.478  5572  5572 E AndroidRuntime: 	at dalvik.system.BaseDexClassLoader.findClass(BaseDexClassLoader.java:259)
04-04 10:53:34.478  5572  5572 E AndroidRuntime: 	at java.lang.ClassLoader.loadClass(ClassLoader.java:637)
04-04 10:53:34.478  5572  5572 E AndroidRuntime: 	at java.lang.ClassLoader.loadClass(ClassLoader.java:573)
04-04 10:53:34.478  5572  5572 E AndroidRuntime: 	... 29 more
04-04 10:53:34.484   542   628 W ActivityTaskManager:   Force finishing activity de.gaffga.android.zazentimer/.ZazenTimerActivity
04-04 10:53:34.484   542  5592 I DropBoxManagerService: add tag=data_app_crash isTagEnabled=true flags=0x2
04-04 10:53:34.486   790   822 V WindowManagerShell: Transition requested (#29): android.os.BinderProxy@db947b TransitionRequestInfo { type = CLOSE, triggerTask = null, pipTask = null, remoteTransition = null, displayChange = null, flags = 16, debugId = 29 }
04-04 10:53:34.489  1034  1034 D VRI[NexusLauncherActivity]: visibilityChanged oldVisibility=false newVisibility=true
04-04 10:53:34.493  5572  5572 I Process : Sending signal. PID: 5572 SIG: 9
04-04 10:53:34.500   413   413 I BpBinder: onLastStrongRef automatically unlinking death recipients: 
04-04 10:53:34.503  1034  1034 D NexusLauncherModelDelegate: notifySmartspaceEvent: SmartspaceTargetEvent{mSmartspaceTarget=null, mSmartspaceActionId='null', mEventType=6}
04-04 10:53:34.504   542  1520 I ActivityManager: Process de.gaffga.android.zazentimer (pid 5572) has died: fg  TOP 
04-04 10:53:34.505   421   421 I adbd    : Remote process closed the socket (on MSG_PEEK)
04-04 10:53:34.505   542   570 D DisplayManagerService: Drop pending events for gone uid 10209
04-04 10:53:34.506   542   583 I libprocessgroup: Removed cgroup /sys/fs/cgroup/uid_10209/pid_5572
04-04 10:53:34.506   343   343 I Zygote  : Process 5572 exited due to signal 9 (Killed)
04-04 10:53:34.543  1034  1034 I TopTaskTracker: onTaskMovedToFront: (moved taskInfo to front) taskId=6, baseIntent=Intent { act=android.intent.action.MAIN cat=[android.intent.category.HOME] flg=0x10000100 cmp=com.google.android.apps.nexuslauncher/.NexusLauncherActivity }
04-04 10:53:34.544  1034  1034 D StatsLog: LAUNCHER_ONRESUME
04-04 10:53:34.545   790   822 D WindowManagerShell: setLauncherKeepClearAreaHeight: visible=true, height=527
04-04 10:53:34.546   542  1343 W AppSearchIcing: icing-search-engine.cc:321: Error: 5, Message: Document (com.google.android.googlequicksearchbox$OneSearchZeroStateGoogleSuggestions/default, zp) not found.
04-04 10:53:34.547  1034  1097 D QuickstepModelDelegate: notifyAppTargetEvent action=1 launchLocation=workspace/0/[-1,-1]/[1,1]
04-04 10:53:34.549  1034  1719 D OneSearchSuggestProvider: AppSearch 0-state cache not available, fallback to AGA
04-04 10:53:34.549  1034  1719 D OneSearchSuggestProvider: java.util.concurrent.CompletionException: java.util.NoSuchElementException: No value present
04-04 10:53:34.549  1034  1719 D OneSearchSuggestProvider: 	at java.util.concurrent.CompletableFuture.encodeThrowable(CompletableFuture.java:308)
04-04 10:53:34.549  1034  1719 D OneSearchSuggestProvider: 	at java.util.concurrent.CompletableFuture.completeThrowable(CompletableFuture.java:323)
04-04 10:53:34.549  1034  1719 D OneSearchSuggestProvider: 	at java.util.concurrent.CompletableFuture$UniAccept.tryFire(CompletableFuture.java:684)
04-04 10:53:34.549  1034  1719 D OneSearchSuggestProvider: 	at java.util.concurrent.CompletableFuture.postComplete(CompletableFuture.java:486)
04-04 10:53:34.549  1034  1719 D OneSearchSuggestProvider: 	at java.util.concurrent.CompletableFuture.completeExceptionally(CompletableFuture.java:2138)
04-04 10:53:34.549  1034  1719 D OneSearchSuggestProvider: 	at com.google.android.apps.nexuslauncher.allapps.E0.onResult(go/retraceme 2855a437b73635ce9cad76b9289087e631bbb67fc90008a0da13d343a00e5041:67)
04-04 10:53:34.549  1034  1719 D OneSearchSuggestProvider: 	at android.app.appsearch.SearchSessionUtil$1.lambda$onResult$0(go/retraceme 64eee9e9f568ff45978879ad2ff83146f2618ee8a88278736fbdf5fae931976e:144)
04-04 10:53:34.549  1034  1719 D OneSearchSuggestProvider: 	at android.app.appsearch.SearchSessionUtil$1.$r8$lambda$CEk3q8sDAQVhU3rQwVueB8FAj_M(go/retraceme 64eee9e9f568ff45978879ad2ff83146f2618ee8a88278736fbdf5fae931976e:1)
04-04 10:53:34.549  1034  1719 D OneSearchSuggestProvider: 	at android.app.appsearch.SearchSessionUtil$1$$ExternalSyntheticLambda0.run(go/retraceme 64eee9e9f568ff45978879ad2ff83146f2618ee8a88278736fbdf5fae931976e:22)
04-04 10:53:34.549  1034  1719 D OneSearchSuggestProvider: 	at android.os.Handler.handleCallback(Handler.java:959)
04-04 10:53:34.549  1034  1719 D OneSearchSuggestProvider: 	at android.os.Handler.dispatchMessage(Handler.java:100)
04-04 10:53:34.549  1034  1719 D OneSearchSuggestProvider: 	at android.os.Looper.loopOnce(Looper.java:232)
04-04 10:53:34.549  1034  1719 D OneSearchSuggestProvider: 	at android.os.Looper.loop(Looper.java:317)
04-04 10:53:34.549  1034  1719 D OneSearchSuggestProvider: 	at android.os.HandlerThread.run(HandlerThread.java:85)
04-04 10:53:34.549  1034  1719 D OneSearchSuggestProvider: Caused by: java.util.NoSuchElementException: No value present
04-04 10:53:34.549  1034  1719 D OneSearchSuggestProvider: 	at java.util.Optional.get(Optional.java:143)
04-04 10:53:34.549  1034  1719 D OneSearchSuggestProvider: 	at com.google.android.apps.nexuslauncher.allapps.E0.onResult(go/retraceme 2855a437b73635ce9cad76b9289087e631bbb67fc90008a0da13d343a00e5041:28)
04-04 10:53:34.549  1034  1719 D OneSearchSuggestProvider: 	... 8 more
04-04 10:53:34.549  1034  1719 D OneSearchSuggestProvider: Established or reuse existing binder channel authority=com.google.android.googlequicksearchbox
04-04 10:53:34.557  1034  1682 E FrameEvents: addRelease: Did not find frame.
04-04 10:53:34.558   790   893 V WindowManagerShell: onTransitionReady(transaction=2327872275557)
04-04 10:53:34.558   790   822 V WindowManagerShell: onTransitionReady (#29) android.os.BinderProxy@db947b: {id=29 t=CLOSE f=0x10 trk=0 r=[0@Point(0, 0)] c=[{WCT{android.window.IWindowContainerToken$Stub$Proxy@a922a62} m=TO_FRONT f=SHOW_WALLPAPER|MOVE_TO_TOP leash=Surface(name=Task=1)/@0x35d76d6 sb=Rect(0, 0 - 1080, 2400) eb=Rect(0, 0 - 1080, 2400) d=0 taskParent=-1},{WCT{android.window.IWindowContainerToken$Stub$Proxy@2f217f3} m=CLOSE f=NONE leash=Surface(name=Task=14)/@0x884fd57 sb=Rect(0, 0 - 1080, 2400) eb=Rect(0, 0 - 1080, 2400) d=0 taskParent=-1},{null m=TO_FRONT f=IS_WALLPAPER leash=Surface(name=WallpaperWindowToken{2db878 token=android.os.Binder@58f95db})/@0xe1a9044 sb=Rect(0, 0 - 1080, 2400) eb=Rect(0, 0 - 1080, 2400) d=0}]}
04-04 10:53:34.558   790   822 V WindowManagerShell: Playing animation for (#29) android.os.BinderProxy@db947b@0
04-04 10:53:34.558   790   822 V WindowManagerShell:  try handler com.android.wm.shell.transition.DefaultMixedHandler@44fcc89
04-04 10:53:34.558   790   822 V WindowManagerShell:  try handler com.android.wm.shell.keyguard.KeyguardTransitionHandler@2fb9ccb
04-04 10:53:34.558   790   822 V WindowManagerShell:  try handler com.android.wm.shell.pip.PipTransition@ee9cca8
04-04 10:53:34.558   790   822 V WindowManagerShell:  try handler com.android.wm.shell.activityembedding.ActivityEmbeddingController@7d783c1
04-04 10:53:34.558   790   822 V WindowManagerShell:  try handler com.android.wm.shell.recents.RecentsTransitionHandler@92e1766
04-04 10:53:34.558   790   822 V ShellRecents: RecentsTransitionHandler.startAnimation: no controller found
04-04 10:53:34.558   790   822 V WindowManagerShell:  try handler com.android.wm.shell.splitscreen.StageCoordinator@2a53aa7
04-04 10:53:34.558   790   822 V WindowManagerShell:  try handler com.android.wm.shell.transition.RemoteTransitionHandler@c630b54
04-04 10:53:34.558   790   822 V WindowManagerShell: Transition doesn't have explicit remote, search filters for match for {id=29 t=CLOSE f=0x10 trk=0 r=[0@Point(0, 0)] c=[{WCT{android.window.IWindowContainerToken$Stub$Proxy@a922a62} m=TO_FRONT f=SHOW_WALLPAPER|MOVE_TO_TOP leash=Surface(name=Task=1)/@0x35d76d6 sb=Rect(0, 0 - 1080, 2400) eb=Rect(0, 0 - 1080, 2400) d=0 taskParent=-1},{WCT{android.window.IWindowContainerToken$Stub$Proxy@2f217f3} m=CLOSE f=NONE leash=Surface(name=Task=14)/@0x884fd57 sb=Rect(0, 0 - 1080, 2400) eb=Rect(0, 0 - 1080, 2400) d=0 taskParent=-1},{null m=TO_FRONT f=IS_WALLPAPER leash=Surface(name=WallpaperWindowToken{2db878 token=android.os.Binder@58f95db})/@0xe1a9044 sb=Rect(0, 0 - 1080, 2400) eb=Rect(0, 0 - 1080, 2400) d=0}]}
04-04 10:53:34.558   790   822 V WindowManagerShell:  Checking filter Pair{{types=[] flags=0x0] notFlags=0x0 checks=[{atype=undefined independent=true modes=[OPEN,TO_FRONT] flags=IN_TASK_WITH_EMBEDDED_ACTIVITY mustBeTask=false order=ANY topActivity=ComponentInfo{com.google.android.apps.nexuslauncher/com.google.android.apps.nexuslauncher.NexusLauncherActivity} launchCookie=null},{atype=undefined independent=true modes=[CLOSE,TO_BACK] flags=IN_TASK_WITH_EMBEDDED_ACTIVITY mustBeTask=false order=ANY topActivity=null launchCookie=null}]} RemoteTransition { remoteTransition = android.window.IRemoteTransition$Stub$Proxy@ad5d800, appThread = android.app.IApplicationThread$Stub$Proxy@4dd2839, debugName = OverlaySwipeBack }}
04-04 10:53:34.558   790   822 V WindowManagerShell:  Checking filter Pair{{types=[] flags=0x0] notFlags=0x0 checks=[{atype=dream independent=true modes=[OPEN,TO_FRONT] flags=NONE mustBeTask=false order=ANY topActivity=null launchCookie=null},{atype=home independent=true modes=[CLOSE,TO_BACK] flags=NONE mustBeTask=false order=ANY topActivity=null launchCookie=null}]} RemoteTransition { remoteTransition = android.window.IRemoteTransition$Stub$Proxy@981ae7e, appThread = android.app.IApplicationThread$Stub$Proxy@2d5dfdf, debugName = LauncherToDream }}
04-04 10:53:34.558   790   822 V WindowManagerShell:  Checking filter Pair{{types=[] flags=0x0] notFlags=0x100 checks=[{atype=home independent=true modes=[OPEN,TO_FRONT] flags=NONE mustBeTask=false order=TOP topActivity=ComponentInfo{com.google.android.apps.nexuslauncher/com.google.android.apps.nexuslauncher.NexusLauncherActivity} launchCookie=null},{atype=standard independent=true modes=[CLOSE,TO_BACK] flags=NONE mustBeTask=false order=ANY topActivity=null launchCookie=null}]} RemoteTransition { remoteTransition = android.window.IRemoteTransition$Stub$Proxy@4c0742c, appThread = android.app.IApplicationThread$Stub$Proxy@f5f0ef5, debugName = QuickstepLaunchHome }}
04-04 10:53:34.558   790   822 D RemoteTransitionHandler: Found filterPair{{types=[] flags=0x0] notFlags=0x100 checks=[{atype=home independent=true modes=[OPEN,TO_FRONT] flags=NONE mustBeTask=false order=TOP topActivity=ComponentInfo{com.google.android.apps.nexuslauncher/com.google.android.apps.nexuslauncher.NexusLauncherActivity} launchCookie=null},{atype=standard independent=true modes=[CLOSE,TO_BACK] flags=NONE mustBeTask=false order=ANY topActivity=null launchCookie=null}]} RemoteTransition { remoteTransition = android.window.IRemoteTransition$Stub$Proxy@4c0742c, appThread = android.app.IApplicationThread$Stub$Proxy@f5f0ef5, debugName = QuickstepLaunchHome }}
04-04 10:53:34.559   790   822 V WindowManagerShell:  Delegate animation for (#29) to RemoteTransition { remoteTransition = android.window.IRemoteTransition$Stub$Proxy@4c0742c, appThread = android.app.IApplicationThread$Stub$Proxy@f5f0ef5, debugName = QuickstepLaunchHome }
04-04 10:53:34.562  1311  1658 I AiAiEcho: Predicting[0]:  [CONTEXT sampling_count=5 ]
04-04 10:53:34.562  1311  1658 I AiAiEcho: EchoTargets: 
04-04 10:53:34.562  1311  1658 I AiAiEcho: Filtered by AiAi flag check: 
04-04 10:53:34.562  1311  1658 I AiAiEcho: [CONTEXT ratelimit_period="10 SECONDS" ]
04-04 10:53:34.562  1311  1658 I AiAiEcho: Ranked targets strategy: SORT, count: 0, ranking metadata:  [CONTEXT ratelimit_period="10 SECONDS" ]
04-04 10:53:34.562  1311  1658 I AiAiEcho: #remoteViewsTwiddler: feature disabled.
04-04 10:53:34.563  1311  1658 I AiAiEcho: #postPredictionTargets: Sending updates to UISurface home with targets# 0 (types=[])
04-04 10:53:34.575  1034  1034 D StateManager: createAtomicAnimation - fromState: Background, toState: Normal, partial trace:
04-04 10:53:34.575  1034  1034 D StateManager: 	at com.android.quickstep.util.StaggeredWorkspaceAnim.prepareToAnimate(go/retraceme 2855a437b73635ce9cad76b9289087e631bbb67fc90008a0da13d343a00e5041:22)
04-04 10:53:34.575  1034  1034 D StateManager: 	at com.android.quickstep.util.StaggeredWorkspaceAnim.<init>(go/retraceme 2855a437b73635ce9cad76b9289087e631bbb67fc90008a0da13d343a00e5041:4)
04-04 10:53:34.575  1034  1034 D StateManager: 	at com.android.quickstep.util.StaggeredWorkspaceAnim.<init>(go/retraceme 2855a437b73635ce9cad76b9289087e631bbb67fc90008a0da13d343a00e5041:1)
04-04 10:53:34.577   542   569 V WindowManager: Sent Transition (#29) createdAt=04-04 10:53:34.485 via request=TransitionRequestInfo { type = CLOSE, triggerTask = null, pipTask = null, remoteTransition = null, displayChange = null, flags = 16, debugId = 29 }
04-04 10:53:34.578   542   569 V WindowManager:     startWCT=WindowContainerTransaction { changes = {} hops = [] errorCallbackToken=null taskFragmentOrganizer=null }
04-04 10:53:34.578   542   569 V WindowManager:     info={id=29 t=CLOSE f=0x10 trk=0 r=[0@Point(0, 0)] c=[
04-04 10:53:34.578   542   569 V WindowManager:         {WCT{RemoteToken{b89d40f Task{1d28c65 #1 type=home}}} m=TO_FRONT f=SHOW_WALLPAPER|MOVE_TO_TOP leash=Surface(name=Task=1)/@0xb2645b7 sb=Rect(0, 0 - 1080, 2400) eb=Rect(0, 0 - 1080, 2400) d=0 taskParent=-1},
04-04 10:53:34.578   542   569 V WindowManager:         {WCT{RemoteToken{2553263 Task{9edc673 #14 type=standard A=10209:de.gaffga.android.zazentimer}}} m=CLOSE f=NONE leash=Surface(name=Task=14)/@0x18be4e1 sb=Rect(0, 0 - 1080, 2400) eb=Rect(0, 0 - 1080, 2400) d=0 taskParent=-1},
04-04 10:53:34.578   542   569 V WindowManager:         {null m=TO_FRONT f=IS_WALLPAPER leash=Surface(name=WallpaperWindowToken{2db878 token=android.os.Binder@58f95db})/@0xc246334 sb=Rect(0, 0 - 1080, 2400) eb=Rect(0, 0 - 1080, 2400) d=0}
04-04 10:53:34.578   542   569 V WindowManager:     ]}
04-04 10:53:34.579   542  1520 D ActivityManager: sync unfroze 1451 com.google.android.googlequicksearchbox:search for 6
04-04 10:53:34.598   790   822 V WindowManagerShell:  animated by com.android.wm.shell.transition.RemoteTransitionHandler@c630b54
04-04 10:53:34.607   542  1544 W UserManagerService: Requested status bar icon for non-badged user 0
04-04 10:53:34.610   542   665 I ImeTracker: com.google.android.apps.nexuslauncher:8ed3ecad: onRequestHide at ORIGIN_SERVER reason HIDE_SAME_WINDOW_FOCUSED_WITHOUT_EDITOR fromUser false
04-04 10:53:34.616   413   413 E SurfaceFlinger: Out of order buffers detected for RequestedLayerState{com.google.android.apps.nexuslauncher/com.google.android.apps.nexuslauncher.NexusLauncherActivity#109 parentId=106} producedId=10 frameNumber=327 -> producedId=10 frameNumber=2
04-04 10:53:34.626   542   665 I ImeTracker: com.google.android.apps.nexuslauncher:8ed3ecad: onCancelled at PHASE_SERVER_SHOULD_HIDE
04-04 10:53:34.626   790   865 W WindowOnBackDispatcher: sendCancelIfRunning: isInProgress=false callback=android.view.ViewRootImpl$$ExternalSyntheticLambda11@5858650
04-04 10:53:34.628   542  1591 W InputManager-JNI: Input channel object '55456cf Splash Screen de.gaffga.android.zazentimer (client)' was disposed without first being removed with the input manager!
04-04 10:53:34.632   542  1520 D ActivityManager: sync unfroze 3433 com.google.android.webview:sandboxed_process0:org.chromium.content.app.SandboxedProcessService0:0 for 6
04-04 10:53:34.632   542  1520 W ProcessStats: Tracking association SourceState{68d4bbe com.google.android.apps.nexuslauncher/10177 BTop #4964} whose proc state 2 is better than process ProcessState{b4d5004 com.google.android.googlequicksearchbox:search/10145 pkg=com.google.android.googlequicksearchbox} proc state 14 (14 skipped)
04-04 10:53:34.634  1451  1743 E A       : (REDACTED) Trace %s timed out after %d ms. Complete trace: %s
04-04 10:53:34.634  1451  1743 E A       : com.google.apps.tiktok.tracing.gc: 
04-04 10:53:34.634  1451  1743 E A       : 	at tk_trace.Query: SELECT observation_store_id, observation_batch FROM ObservationStore ORDER BY observation_store_id(Started After:60)
04-04 10:53:34.634  1451  1743 E A       : 	at tk_trace.Transaction(Started After:60)
04-04 10:53:34.634  1451  1743 E A       : 	at tk_trace.Synclet: MobaltLogUploader(Started After:21)
04-04 10:53:34.634  1451  1743 E A       : 	at tk_trace.NoAccountWorkerFactory startWork()(Started After:0)
04-04 10:53:34.634  1451  1743 E A       : 	at tk_trace.com.google.apps.tiktok.sync.impl.workmanager.SyncWorker startWork()(Started After:0)
04-04 10:53:34.634  1451  1743 E A       : 	at tk_trace.com.google.apps.tiktok.sync.impl.workmanager.SyncWorker startWork()(Started After:0)
04-04 10:53:34.634  1451  1743 E A       : 	at tk_trace.WorkManager:TikTokListenableWorker startWork(Started After:0)
04-04 10:53:34.649   542  1550 W WindowManager: Failed looking up window session=Session{91b7681 790:u0a10180} callers=com.android.server.wm.WindowManagerService.windowForClientLocked:6311 com.android.server.wm.Session.setOnBackInvokedCallbackInfo:1020 android.view.IWindowSession$Stub.onTransact:1199 
04-04 10:53:34.649   542  1550 I WindowManager: setOnBackInvokedCallback(): No window state for package:com.android.systemui
04-04 10:53:34.649   413   413 E SurfaceFlinger: Out of order buffers detected for RequestedLayerState{com.google.android.apps.nexuslauncher/com.google.android.apps.nexuslauncher.NexusLauncherActivity#109 parentId=106} producedId=10 frameNumber=327 -> producedId=10 frameNumber=3
04-04 10:53:34.662  1451  1451 I A       : (REDACTED) Created gRPC endpoint for service %s
04-04 10:53:34.664  1451  1743 E A       : (REDACTED) Trace %s timed out after %d ms. Complete trace: %s
04-04 10:53:34.664  1451  1743 E A       : com.google.apps.tiktok.tracing.gc: 
04-04 10:53:34.664  1451  1743 E A       : 	at tk_trace.Read DataCollectionCacheDataStore(Started After:26)
04-04 10:53:34.664  1451  1743 E A       : 	at tk_trace.Get DataCollectionCacheDataStore(Started After:22)
04-04 10:53:34.664  1451  1743 E A       : 	at tk_trace.PropagatingContext(Started After:0)
04-04 10:53:34.664  1451  1743 E A       : 	at tk_trace.java.com.google.android.apps.search.assistant.surfaces.voice.robin.growthcohorts.CohortService/MaybeRefreshCohortDetails(Started After:0)
04-04 10:53:34.665  1234  1234 I GoogleInputMethodService: GoogleInputMethodService.onFinishInput():3157 
04-04 10:53:34.669  1451  1743 E A       : (REDACTED) Trace %s timed out after %d ms. Complete trace: %s
04-04 10:53:34.669  1451  1743 E A       : com.google.apps.tiktok.tracing.gc: 
04-04 10:53:34.669  1451  1743 E A       : 	at tk_trace.LocationUpdateRequester#isEnabled(Started After:23)
04-04 10:53:34.669  1451  1743 E A       : 	at tk_trace.LocationUpdateRequester#requestOrRemoveLocationUpdates(Started After:23)
04-04 10:53:34.669  1451  1743 E A       : 	at tk_trace.LocationUpdateRequestScheduler#scheduleLocationUpdateRequest(Started After:15)
04-04 10:53:34.669  1451  1743 E A       : 	at tk_trace.LocationUpdateApplicationStartupListener#onApplicationStartup(Started After:5)
04-04 10:53:34.669  1451  1743 E A       : 	at tk_trace.LocationUpdateApplicationStartupListener(Started After:5)
04-04 10:53:34.669  1451  1743 E A       : 	at tk_trace.Startup Listeners(Started After:4)
04-04 10:53:34.669  1451  1743 E A       : 	at tk_trace.Application.onCreate(Started After:4)
04-04 10:53:34.669  1451  1743 E A       : 	at tk_trace.Application creation(Started After:0)
04-04 10:53:34.679  1234  1234 I GoogleInputMethodService: GoogleInputMethodService.updateDeviceLockedStatus():2248 repeatCheckTimes = 0, locked = false
04-04 10:53:34.681  1234  1234 I GoogleInputMethodService: GoogleInputMethodService.onStartInput():1986 onStartInput(EditorInfo{EditorInfo{packageName=com.google.android.apps.nexuslauncher, inputType=0, inputTypeString=NULL, enableLearning=false, autoCorrection=false, autoComplete=false, imeOptions=0, privateImeOptions=null, actionName=UNSPECIFIED, actionLabel=null, initialSelStart=-1, initialSelEnd=-1, initialCapsMode=0, label=null, fieldId=0, fieldName=null, extras=null, hintText=null, hintLocales=[]}}, false)
04-04 10:53:34.682  1234  1234 I GoogleInputMethodService: GoogleInputMethodService.updateDeviceLockedStatus():2248 repeatCheckTimes = 1, locked = false
04-04 10:53:34.683   413   413 E SurfaceFlinger: Out of order buffers detected for RequestedLayerState{com.google.android.apps.nexuslauncher/com.google.android.apps.nexuslauncher.NexusLauncherActivity#109 parentId=106} producedId=10 frameNumber=327 -> producedId=10 frameNumber=4
04-04 10:53:34.696  1234  1234 I AndroidIME: InputBundleManager.loadActiveInputBundleId():450 loadActiveInputBundleId: und-Latn-x-password, password
