04-04 10:55:21.426   542  1544 E SystemServiceRegistry: 	at android.os.Binder.shellCommand(Binder.java:1230)
04-04 10:55:21.426   542  1544 E SystemServiceRegistry: 	at android.os.Binder.onTransact(Binder.java:1043)
04-04 10:55:21.426   542  1544 E SystemServiceRegistry: 	at android.content.pm.IPackageManager$Stub.onTransact(IPackageManager.java:4620)
04-04 10:55:21.426   542  1544 E SystemServiceRegistry: 	at com.android.server.pm.PackageManagerService$IPackageManagerImpl.onTransact(PackageManagerService.java:6545)
04-04 10:55:21.426   542  1544 E SystemServiceRegistry: 	at android.os.Binder.execTransactInternal(Binder.java:1505)
04-04 10:55:21.426   542  1544 E SystemServiceRegistry: 	at android.os.Binder.execTransact(Binder.java:1444)
04-04 10:55:21.426   542  1544 E SystemServiceRegistry: Manager wrapper not available: persistent_data_block
04-04 10:55:21.506   542   604 I PackageManager: Integrity check passed for file:///data/app/vmdl36351081.tmp
04-04 10:55:21.516   542   581 I ActivityManager: Force stopping de.gaffga.android.zazentimer appid=10209 user=-1: installPackageLI
04-04 10:55:21.517   542   604 I PackageManager: Update package de.gaffga.android.zazentimer code path from /data/app/~~zEGqsd-cyRhmle5_pXA2CQ==/de.gaffga.android.zazentimer-dqqdVJ70KoAQ2nUlKRgMYA== to /data/app/~~NU91qWmDvTP879IdaB6dSg==/de.gaffga.android.zazentimer-bUUPOrcIIs5i8bwewNcXSg==; Retain data and using new
04-04 10:55:21.517   542   604 I AppsFilter: interaction: PackageSetting{f786c9f com.android.microdroid.empty_payload/10200} -> PackageSetting{32d4a5b de.gaffga.android.zazentimer/10209} BLOCKED
04-04 10:55:21.517   542   604 I AppsFilter: interaction: PackageSetting{f786c9f com.android.microdroid.empty_payload/10200} -> PackageSetting{864f5a8 de.gaffga.android.zazentimer/10209} BLOCKED
04-04 10:55:21.561   542   604 I AppsFilter: interaction: PackageSetting{947c705 com.android.microdroid.empty_payload/10200} -> PackageSetting{375d627 de.gaffga.android.zazentimer/10209} BLOCKED
04-04 10:55:21.566   542   604 I ActivityManager: Force stopping de.gaffga.android.zazentimer appid=10209 user=0: pkg removed
04-04 10:55:21.568   542   604 W IPCThreadState: Sending oneway calls to frozen process.
04-04 10:55:21.568   542   604 W IPCThreadState: Sending oneway calls to frozen process.
04-04 10:55:21.568   542   604 W IPCThreadState: Sending oneway calls to frozen process.
04-04 10:55:21.568   542   604 W IPCThreadState: Sending oneway calls to frozen process.
04-04 10:55:21.568   542   604 W IPCThreadState: Sending oneway calls to frozen process.
04-04 10:55:21.568   542   604 W IPCThreadState: Sending oneway calls to frozen process.
04-04 10:55:21.574   542   604 W IPCThreadState: Sending oneway calls to frozen process.
04-04 10:55:21.589   542   604 W IPCThreadState: Sending oneway calls to frozen process.
04-04 10:55:21.589   542   604 W IPCThreadState: Sending oneway calls to frozen process.
04-04 10:55:21.589   542   604 W IPCThreadState: Sending oneway calls to frozen process.
04-04 10:55:21.589   542   604 W IPCThreadState: Sending oneway calls to frozen process.
04-04 10:55:21.589   542   604 W IPCThreadState: Sending oneway calls to frozen process.
04-04 10:55:21.589   542   604 W IPCThreadState: Sending oneway calls to frozen process.
04-04 10:55:21.589   542   604 W IPCThreadState: Sending oneway calls to frozen process.
04-04 10:55:21.605   542   705 E AppOps  : attributionTag VCN not declared in manifest of android
04-04 10:55:21.615   542   705 E AppOps  : attributionTag VCN not declared in manifest of android
04-04 10:55:21.618   542   758 I SdkSandboxManager: No SDKs used. Skipping SDK data reconcilation for CallingInfo{mUid=10209, mPackageName='de.gaffga.android.zazentimer, mAppProcessToken='null'}
04-04 10:55:21.631   542   542 D ActivityManager: sync unfroze 4565 com.android.keychain for 10
04-04 10:55:21.632  1034  1038 I s.nexuslauncher: Background concurrent mark compact GC freed 1576KB AllocSpace bytes, 38(744KB) LOS objects, 49% free, 6099KB/11MB, paused 305us,5.113ms total 64.200ms
04-04 10:55:21.635   542   581 D ActivityManager: sync unfroze 1126 com.google.android.permissioncontroller for 3
04-04 10:55:21.637  1126  1126 I SafetyLabelChangedBroadcastReceiver: received broadcast packageName: de.gaffga.android.zazentimer, current user: UserHandle{0}, packageChangeEvent: UPDATE, intent user: UserHandle{0}
04-04 10:55:21.637  1034  1040 W System  : A resource failed to call release. 
04-04 10:55:21.637  1034  1040 W System  : A resource failed to call release. 
04-04 10:55:21.637  1034  1040 W System  : A resource failed to call release. 
04-04 10:55:21.672   942   942 E SmsApplication: com.google.android.apps.messaging lost android:read_cell_broadcasts:  (fixing)
04-04 10:55:21.677   542  1520 W AppOpService: Ignored setUidMode call for runtime permission app op: uid = 10140, code = READ_CELL_BROADCASTS, mode = allow, callingUid = 1001, oldMode = allow
04-04 10:55:21.677   542   542 I Telecom : CarModeTracker: Package de.gaffga.android.zazentimer is not tracked.: SSH.oR@AJk
04-04 10:55:21.678   542   542 I Telecom : InCallController: updateCarModeForConnections: car mode apps: : SSH.oR@AJk
04-04 10:55:21.678   542   542 I Telecom : InCallController: update carmode current:UserHandle{0} parent:null: SSH.oR@AJk
04-04 10:55:21.686   542   671 W PackageConfigPersister: App-specific configuration not found for packageName: de.gaffga.android.zazentimer and userId: 0
04-04 10:55:21.694   942   942 E CellBroadcastUtils: getDefaultCellBroadcastReceiverPackageName: no package found
04-04 10:55:21.695   542  1591 W AppOpService: Ignored setUidMode call for runtime permission app op: uid = 1001, code = READ_SMS, mode = allow, callingUid = 1001, oldMode = allow
04-04 10:55:21.695   542  1591 W AppOpService: Ignored setUidMode call for runtime permission app op: uid = 1001, code = RECEIVE_SMS, mode = allow, callingUid = 1001, oldMode = allow
04-04 10:55:21.696   542  1591 W AppOpService: Ignored setUidMode call for runtime permission app op: uid = 1001, code = RECEIVE_WAP_PUSH, mode = allow, callingUid = 1001, oldMode = allow
04-04 10:55:21.696   542  1591 W AppOpService: Ignored setUidMode call for runtime permission app op: uid = 1001, code = SEND_SMS, mode = allow, callingUid = 1001, oldMode = allow
04-04 10:55:21.696   542  1591 W AppOpService: Ignored setUidMode call for runtime permission app op: uid = 1001, code = READ_CELL_BROADCASTS, mode = allow, callingUid = 1001, oldMode = allow
04-04 10:55:21.699   542   542 V BackupManagerConstants: getFullBackupIntervalMilliseconds(...) returns 86400000
04-04 10:55:21.701   542   542 V BackupManagerConstants: getFullBackupRequiredNetworkType(...) returns 2
04-04 10:55:21.701   542   542 V BackupManagerConstants: getFullBackupRequireCharging(...) returns true
04-04 10:55:21.704  1034  1034 D ActivityThread: Package [de.gaffga.android.zazentimer] reported as REPLACED, but missing application info. Assuming REMOVED.
04-04 10:55:21.704  4565  4565 D ActivityThread: Package [de.gaffga.android.zazentimer] reported as REPLACED, but missing application info. Assuming REMOVED.
04-04 10:55:21.704   542   604 W IPCThreadState: Sending oneway calls to frozen process.
04-04 10:55:21.705   542   604 W IPCThreadState: Sending oneway calls to frozen process.
04-04 10:55:21.705   542   604 W IPCThreadState: Sending oneway calls to frozen process.
04-04 10:55:21.705  4856  4856 D ActivityThread: Package [de.gaffga.android.zazentimer] reported as REPLACED, but missing application info. Assuming REMOVED.
04-04 10:55:21.705   542   604 W IPCThreadState: Sending oneway calls to frozen process.
04-04 10:55:21.705   542   604 W IPCThreadState: Sending oneway calls to frozen process.
04-04 10:55:21.705   542   604 W IPCThreadState: Sending oneway calls to frozen process.
04-04 10:55:21.705   542   604 W IPCThreadState: Sending oneway calls to frozen process.
04-04 10:55:21.705   542   604 W IPCThreadState: Sending oneway calls to frozen process.
04-04 10:55:21.705   542   604 W IPCThreadState: Sending oneway calls to frozen process.
04-04 10:55:21.705   542   604 W IPCThreadState: Sending oneway calls to frozen process.
04-04 10:55:21.705  1296  1296 D ActivityThread: Package [de.gaffga.android.zazentimer] reported as REPLACED, but missing application info. Assuming REMOVED.
04-04 10:55:21.705   542   604 W IPCThreadState: Sending oneway calls to frozen process.
04-04 10:55:21.705   542   604 W IPCThreadState: Sending oneway calls to frozen process.
04-04 10:55:21.705  1234  1234 D ActivityThread: Package [de.gaffga.android.zazentimer] reported as REPLACED, but missing application info. Assuming REMOVED.
04-04 10:55:21.706   790   790 D ActivityThread: Package [de.gaffga.android.zazentimer] reported as REPLACED, but missing application info. Assuming REMOVED.
04-04 10:55:21.706  1403  1403 D ActivityThread: Package [de.gaffga.android.zazentimer] reported as REPLACED, but missing application info. Assuming REMOVED.
04-04 10:55:21.707  1126  1126 D ActivityThread: Package [de.gaffga.android.zazentimer] reported as REPLACED, but missing application info. Assuming REMOVED.
04-04 10:55:21.708  1020  1020 D ActivityThread: Package [de.gaffga.android.zazentimer] reported as REPLACED, but missing application info. Assuming REMOVED.
04-04 10:55:21.709  4856  4856 D ActivityThread: Package [de.gaffga.android.zazentimer] reported as REPLACED, but missing application info. Assuming REMOVED.
04-04 10:55:21.709  4565  4565 D ActivityThread: Package [de.gaffga.android.zazentimer] reported as REPLACED, but missing application info. Assuming REMOVED.
04-04 10:55:21.709  1020  1020 D ActivityThread: Package [de.gaffga.android.zazentimer] reported as REPLACED, but missing application info. Assuming REMOVED.
04-04 10:55:21.709   542   604 W IPCThreadState: Sending oneway calls to frozen process.
04-04 10:55:21.710   542   604 W IPCThreadState: Sending oneway calls to frozen process.
04-04 10:55:21.710   542   604 W IPCThreadState: Sending oneway calls to frozen process.
04-04 10:55:21.710  1403  1403 D ActivityThread: Package [de.gaffga.android.zazentimer] reported as REPLACED, but missing application info. Assuming REMOVED.
04-04 10:55:21.710   542   604 W IPCThreadState: Sending oneway calls to frozen process.
04-04 10:55:21.710   542   604 W IPCThreadState: Sending oneway calls to frozen process.
04-04 10:55:21.710   542   604 W IPCThreadState: Sending oneway calls to frozen process.
04-04 10:55:21.710  1311  1311 D ActivityThread: Package [de.gaffga.android.zazentimer] reported as REPLACED, but missing application info. Assuming REMOVED.
04-04 10:55:21.710   542   604 W IPCThreadState: Sending oneway calls to frozen process.
04-04 10:55:21.710   542   604 W IPCThreadState: Sending oneway calls to frozen process.
04-04 10:55:21.710  1234  1234 D ActivityThread: Package [de.gaffga.android.zazentimer] reported as REPLACED, but missing application info. Assuming REMOVED.
04-04 10:55:21.710  1311  1311 D ActivityThread: Package [de.gaffga.android.zazentimer] reported as REPLACED, but missing application info. Assuming REMOVED.
04-04 10:55:21.710   542   604 W IPCThreadState: Sending oneway calls to frozen process.
04-04 10:55:21.710   542   604 W IPCThreadState: Sending oneway calls to frozen process.
04-04 10:55:21.710   542   604 W IPCThreadState: Sending oneway calls to frozen process.
04-04 10:55:21.710   542   604 W IPCThreadState: Sending oneway calls to frozen process.
04-04 10:55:21.710  1126  1126 D ActivityThread: Package [de.gaffga.android.zazentimer] reported as REPLACED, but missing application info. Assuming REMOVED.
04-04 10:55:21.711   790   790 D ActivityThread: Package [de.gaffga.android.zazentimer] reported as REPLACED, but missing application info. Assuming REMOVED.
04-04 10:55:21.711   542   604 D PackageInstallerSession: Marking session 36351081 as applied
04-04 10:55:21.712  1296  1296 D ActivityThread: Package [de.gaffga.android.zazentimer] reported as REPLACED, but missing application info. Assuming REMOVED.
04-04 10:55:21.712   916   916 D ActivityThread: Package [de.gaffga.android.zazentimer] reported as REPLACED, but missing application info. Assuming REMOVED.
04-04 10:55:21.712   542   758 I SdkSandboxManager: No SDKs used. Skipping SDK data reconcilation for CallingInfo{mUid=10209, mPackageName='de.gaffga.android.zazentimer, mAppProcessToken='null'}
04-04 10:55:21.712   969   969 D ActivityThread: Package [de.gaffga.android.zazentimer] reported as REPLACED, but missing application info. Assuming REMOVED.
04-04 10:55:21.713   969   969 D ActivityThread: Package [de.gaffga.android.zazentimer] reported as REPLACED, but missing application info. Assuming REMOVED.
04-04 10:55:21.713   835   835 D ActivityThread: Package [de.gaffga.android.zazentimer] reported as REPLACED, but missing application info. Assuming REMOVED.
04-04 10:55:21.714   916   916 D ActivityThread: Package [de.gaffga.android.zazentimer] reported as REPLACED, but missing application info. Assuming REMOVED.
04-04 10:55:21.714   835   835 D ActivityThread: Package [de.gaffga.android.zazentimer] reported as REPLACED, but missing application info. Assuming REMOVED.
04-04 10:55:21.714  1355  1355 D ActivityThread: Package [de.gaffga.android.zazentimer] reported as REPLACED, but missing application info. Assuming REMOVED.
04-04 10:55:21.714  1346  1346 D ActivityThread: Package [de.gaffga.android.zazentimer] reported as REPLACED, but missing application info. Assuming REMOVED.
04-04 10:55:21.714  1355  1355 D ActivityThread: Package [de.gaffga.android.zazentimer] reported as REPLACED, but missing application info. Assuming REMOVED.
04-04 10:55:21.715  1034  1034 D ActivityThread: Package [de.gaffga.android.zazentimer] reported as REPLACED, but missing application info. Assuming REMOVED.
04-04 10:55:21.715  1346  1346 D ActivityThread: Package [de.gaffga.android.zazentimer] reported as REPLACED, but missing application info. Assuming REMOVED.
04-04 10:55:21.716  1330  1330 D ActivityThread: Package [de.gaffga.android.zazentimer] reported as REPLACED, but missing application info. Assuming REMOVED.
04-04 10:55:21.717  1330  1330 D ActivityThread: Package [de.gaffga.android.zazentimer] reported as REPLACED, but missing application info. Assuming REMOVED.
04-04 10:55:21.718   542   705 E AppOps  : attributionTag VCN not declared in manifest of android
04-04 10:55:21.711   542   542 W binder:542_13: type=1400 audit(0.0:124): avc:  denied  { getopt } for  scontext=u:r:system_server:s0 tcontext=u:r:shell:s0 tclass=unix_stream_socket permissive=0
04-04 10:55:21.718  1126  2417 I PermissionControllerServiceImpl: Updating user sensitive for uid 10209
04-04 10:55:21.719   542   749 D ShortcutService: received package broadcast intent: Intent { act=android.intent.action.PACKAGE_REMOVED dat=package: flg=0x4000010 (has extras) }
04-04 10:55:21.719   542   749 D ShortcutService: received package broadcast intent: Intent { act=android.intent.action.PACKAGE_ADDED dat=package: flg=0x4000010 (has extras) }
04-04 10:55:21.719   542   749 D ShortcutService: replacing package: de.gaffga.android.zazentimer userId0
04-04 10:55:21.719   542   749 D ShortcutService: handlePackageUpdateFinished: de.gaffga.android.zazentimer user=0
04-04 10:55:21.719   542   749 D ShortcutService: rescanPackageIfNeeded 0@de.gaffga.android.zazentimer, forceRescan=true , isNewApp=true
04-04 10:55:21.721   542   749 D ShortcutService: Package de.gaffga.android.zazentimer has 0 manifest shortcut(s), and 0 share target(s)
04-04 10:55:21.727   542   571 E AtomicFile: Failed to rename /data/system/install_sessions.xml.new to /data/system/install_sessions.xml
04-04 10:55:21.733   542   542 W AlarmManager: Package de.gaffga.android.zazentimer, uid 10209 lost permission to set exact alarms!
04-04 10:55:21.733   542   542 D ActivityThread: Package [de.gaffga.android.zazentimer] reported as REPLACED, but missing application info. Assuming REMOVED.
04-04 10:55:21.736   942   942 D CarrierSvcBindHelper: onPackageUpdateFinished: de.gaffga.android.zazentimer
04-04 10:55:21.743   942   942 D CarrierSvcBindHelper: No carrier app for: 0
04-04 10:55:21.743   942   942 D CarrierSvcBindHelper: onPackageModified: de.gaffga.android.zazentimer
04-04 10:55:21.743   942   942 D CarrierSvcBindHelper: No carrier app for: 0
04-04 10:55:21.751   942   942 E SmsApplication: com.google.android.apps.messaging lost android:read_cell_broadcasts:  (fixing)
04-04 10:55:21.751   542  1550 W AppOpService: Ignored setUidMode call for runtime permission app op: uid = 10140, code = READ_CELL_BROADCASTS, mode = allow, callingUid = 1001, oldMode = allow
04-04 10:55:21.759   942   942 E CellBroadcastUtils: getDefaultCellBroadcastReceiverPackageName: no package found
04-04 10:55:21.760   542  1550 W AppOpService: Ignored setUidMode call for runtime permission app op: uid = 1001, code = READ_SMS, mode = allow, callingUid = 1001, oldMode = allow
04-04 10:55:21.761   542  1550 W AppOpService: Ignored setUidMode call for runtime permission app op: uid = 1001, code = RECEIVE_SMS, mode = allow, callingUid = 1001, oldMode = allow
04-04 10:55:21.761   542   932 W AppOpService: Ignored setUidMode call for runtime permission app op: uid = 1001, code = RECEIVE_WAP_PUSH, mode = allow, callingUid = 1001, oldMode = allow
04-04 10:55:21.761   542   932 W AppOpService: Ignored setUidMode call for runtime permission app op: uid = 1001, code = SEND_SMS, mode = allow, callingUid = 1001, oldMode = allow
04-04 10:55:21.761   542  1550 W AppOpService: Ignored setUidMode call for runtime permission app op: uid = 1001, code = READ_CELL_BROADCASTS, mode = allow, callingUid = 1001, oldMode = allow
04-04 10:55:21.768   542   542 D ActivityThread: Package [de.gaffga.android.zazentimer] reported as REPLACED, but missing application info. Assuming REMOVED.
04-04 10:55:21.770   542  1591 W ActivityTaskManager: callingPackage for (uid=2000, pid=5620) has no WPC
04-04 10:55:21.772   542  1591 W OptProp : Cannot read opt property android.window.PROPERTY_COMPAT_ALLOW_USER_ASPECT_RATIO_OVERRIDE
04-04 10:55:21.772   542  1591 W OptProp : Cannot read opt property android.window.PROPERTY_COMPAT_ALLOW_USER_ASPECT_RATIO_FULLSCREEN_OVERRIDE
04-04 10:55:21.772   542  1591 W OptProp : Cannot read opt property android.window.PROPERTY_COMPAT_ALLOW_ORIENTATION_OVERRIDE
04-04 10:55:21.777   942   942 E SmsApplication: com.google.android.apps.messaging lost android:read_cell_broadcasts:  (fixing)
04-04 10:55:21.777   542  1544 W AppOpService: Ignored setUidMode call for runtime permission app op: uid = 10140, code = READ_CELL_BROADCASTS, mode = allow, callingUid = 1001, oldMode = allow
04-04 10:55:21.779   942   942 E CellBroadcastUtils: getDefaultCellBroadcastReceiverPackageName: no package found
04-04 10:55:21.779   542  1550 W AppOpService: Ignored setUidMode call for runtime permission app op: uid = 1001, code = READ_SMS, mode = allow, callingUid = 1001, oldMode = allow
04-04 10:55:21.781   542  1550 W AppOpService: Ignored setUidMode call for runtime permission app op: uid = 1001, code = RECEIVE_SMS, mode = allow, callingUid = 1001, oldMode = allow
04-04 10:55:21.781   542  1550 W AppOpService: Ignored setUidMode call for runtime permission app op: uid = 1001, code = RECEIVE_WAP_PUSH, mode = allow, callingUid = 1001, oldMode = allow
04-04 10:55:21.783   542  1550 W AppOpService: Ignored setUidMode call for runtime permission app op: uid = 1001, code = SEND_SMS, mode = allow, callingUid = 1001, oldMode = allow
04-04 10:55:21.783   542   932 W AppOpService: Ignored setUidMode call for runtime permission app op: uid = 1001, code = READ_CELL_BROADCASTS, mode = allow, callingUid = 1001, oldMode = allow
04-04 10:55:21.791   942  1171 D ImsResolver: maybeAddedImsService, packageName: de.gaffga.android.zazentimer
04-04 10:55:21.801   942   942 D ActivityThread: Package [de.gaffga.android.zazentimer] reported as REPLACED, but missing application info. Assuming REMOVED.
04-04 10:55:21.805   942   942 D ActivityThread: Package [de.gaffga.android.zazentimer] reported as REPLACED, but missing application info. Assuming REMOVED.
04-04 10:55:21.835   542  1591 V GrammaticalInflectionUtils: AttributionSource: android.content.AttributionSource@95d5846e does not have READ_SYSTEM_GRAMMATICAL_GENDER permission.
04-04 10:55:21.836   542  1591 W OptProp : Cannot read opt property android.window.PROPERTY_COMPAT_ALLOW_RESIZEABLE_ACTIVITY_OVERRIDES
04-04 10:55:21.836   542  1591 W OptProp : Cannot read opt property android.window.PROPERTY_COMPAT_ALLOW_MIN_ASPECT_RATIO_OVERRIDE
04-04 10:55:21.848   790   822 V WindowManagerShell: Transition requested (#30): android.os.BinderProxy@d5227cf TransitionRequestInfo { type = OPEN, triggerTask = TaskInfo{userId=0 taskId=15 displayId=0 isRunning=true baseIntent=Intent { flg=0x10000000 cmp=de.gaffga.android.zazentimer/.ZazenTimerActivity } baseActivity=ComponentInfo{de.gaffga.android.zazentimer/de.gaffga.android.zazentimer.ZazenTimerActivity} topActivity=ComponentInfo{de.gaffga.android.zazentimer/de.gaffga.android.zazentimer.ZazenTimerActivity} origActivity=null realActivity=ComponentInfo{de.gaffga.android.zazentimer/de.gaffga.android.zazentimer.ZazenTimerActivity} numActivities=1 lastActiveTime=2553964 supportsMultiWindow=true resizeMode=1 isResizeable=true minWidth=-1 minHeight=-1 defaultMinSize=220 token=WCT{android.window.IWindowContainerToken$Stub$Proxy@d36355c} topActivityType=1 pictureInPictureParams=null shouldDockBigOverlays=false launchIntoPipHostTaskId=-1 lastParentTaskIdBeforePip=-1 displayCutoutSafeInsets=Rect(0, 136 - 0, 0) topActivityInfo=ActivityInfo{57ef065 de.gaffga.android.zazentimer.ZazenTimerActivity} launchCookies=[] positionInParent=Point(0, 0) parentTaskId=-1 isFocused=false isVisible=false isVisibleRequested=false isSleeping=false locusId=null displayAreaFeatureId=1 isTopActivityTransparent=false appCompatTaskInfo=AppCompatTaskInfo { topActivityInSizeCompat=false topActivityEligibleForLetterboxEducation= falseisLetterboxEducationEnabled= true isLetterboxDoubleTapEnabled= false topActivityEligibleForUserAspectRatioButton= false topActivityBoundsLetterboxed= false isFromLetterboxDoubleTap= false topActivityLetterboxVerticalPosition= -1 topActivityLetterboxHorizontalPosition= -1 topActivityLetterboxWidth=1080 topActivityLetterboxHeight=2400 isUserFullscreenOverrideEnabled=false isSystemFullscreenOverrideEnabled=false cameraCompatTaskInfo=CameraCompatTaskInfo { cameraCompatControlState=hidden freeformCameraCompatMode=inactive}}}, pipTask = null, remoteTransition = null, displayChange = null, flags = 0, debugId = 30 }
04-04 10:55:21.848   542  1591 I ActivityTaskManager: START u0 {flg=0x10000000 cmp=de.gaffga.android.zazentimer/.ZazenTimerActivity} with LAUNCH_MULTIPLE from uid 2000 (BAL_ALLOW_PERMISSION) result code=0
04-04 10:55:21.853  1034  1034 W SplitSelectStateCtor: Missing session instanceIds
04-04 10:55:21.853  1034  1034 D StatsLog: LAUNCHER_SPLIT_SELECTION_EXIT_INTERRUPTED
04-04 10:55:21.860   542   572 V GrammaticalInflectionUtils: AttributionSource: android.content.AttributionSource@95d5846e does not have READ_SYSTEM_GRAMMATICAL_GENDER permission.
04-04 10:55:21.862  1034  1034 I TopTaskTracker: onTaskMovedToFront: (moved taskInfo to front) taskId=15, baseIntent=Intent { flg=0x10000000 cmp=de.gaffga.android.zazentimer/.ZazenTimerActivity }
04-04 10:55:21.863   790   822 D WindowManagerShell: setLauncherKeepClearAreaHeight: visible=false, height=527
04-04 10:55:21.866   413   413 I BpBinder: onLastStrongRef automatically unlinking death recipients: 
04-04 10:55:21.877   343   343 D Zygote  : Forked child process 5623
04-04 10:55:21.887   542  1591 D CoreBackPreview: Window{7482c3e u0 Splash Screen de.gaffga.android.zazentimer}: Setting back callback OnBackInvokedCallbackInfo{mCallback=android.window.IOnBackInvokedCallback$Stub$Proxy@d96ce4a, mPriority=0, mIsAnimationCallback=false}
04-04 10:55:21.891  1311  1315 I ogle.android.as: Background concurrent mark compact GC freed 1932KB AllocSpace bytes, 0(0B) LOS objects, 49% free, 6490KB/12MB, paused 287us,1.363ms total 314.507ms
04-04 10:55:21.891   542   582 I ActivityManager: Start proc 5623:de.gaffga.android.zazentimer/u0a209 for next-top-activity {de.gaffga.android.zazentimer/de.gaffga.android.zazentimer.ZazenTimerActivity}
04-04 10:55:21.930  5623  5623 I roid.zazentimer: Late-enabling -Xcheck:jni
04-04 10:55:21.963  5623  5623 I roid.zazentimer: Using CollectorTypeCMC GC.
04-04 10:55:21.964  5623  5623 W roid.zazentimer: Unexpected CPU variant for x86: x86_64.
04-04 10:55:21.964  5623  5623 W roid.zazentimer: Known variants: atom, sandybridge, silvermont, goldmont, goldmont-plus, goldmont-without-sha-xsaves, tremont, kabylake, default
04-04 10:55:21.977   421   433 I adbd    : jdwp connection from 5623
04-04 10:55:21.980  5623  5623 D nativeloader: Load libframework-connectivity-tiramisu-jni.so using APEX ns com_android_tethering for caller /apex/com.android.tethering/javalib/framework-connectivity-t.jar: ok
04-04 10:55:21.980  1311  1311 I AiAiEcho: AppFetcherImpl onPackageChanged de.gaffga.android.zazentimer.
04-04 10:55:21.981  1311  5633 I AiAiEcho: AppIndexer Package:[de.gaffga.android.zazentimer] UserProfile:[0] Enabled:[true].
04-04 10:55:21.982  1311  5633 I AiAiEcho: AppFetcherImplV2 updateApps package:[de.gaffga.android.zazentimer], userId:[0], reason:[package is updated.].
04-04 10:55:21.983  1034  1446 D EGL_emulation: app_time_stats: avg=21951.48ms min=21951.48ms max=21951.48ms count=1
04-04 10:55:21.999   413   413 E SurfaceFlinger: Out of order buffers detected for RequestedLayerState{com.google.android.apps.nexuslauncher/com.google.android.apps.nexuslauncher.NexusLauncherActivity#109 parentId=106} producedId=10 frameNumber=327 -> producedId=10 frameNumber=28
04-04 10:55:22.009   790  1014 V WindowManagerShell: onTransitionReady(transaction=2327872275590)
04-04 10:55:22.012   790   822 V WindowManagerShell: onTransitionReady (#30) android.os.BinderProxy@d5227cf: {id=30 t=OPEN f=0x0 trk=0 r=[0@Point(0, 0)] c=[{WCT{android.window.IWindowContainerToken$Stub$Proxy@b8abdb} m=OPEN f=NONE leash=Surface(name=Task=15)/@0x89fad8c sb=Rect(0, 0 - 1080, 2400) eb=Rect(0, 0 - 1080, 2400) d=0 taskParent=-1},{WCT{android.window.IWindowContainerToken$Stub$Proxy@9601678} m=TO_BACK f=SHOW_WALLPAPER leash=Surface(name=Task=1)/@0x925bcd5 sb=Rect(0, 0 - 1080, 2400) eb=Rect(0, 0 - 1080, 2400) d=0 taskParent=-1}]}
04-04 10:55:22.014   790   822 V WindowManagerShell: Playing animation for (#30) android.os.BinderProxy@d5227cf@0
04-04 10:55:22.015   790   822 V WindowManagerShell:  try handler com.android.wm.shell.transition.DefaultMixedHandler@44fcc89
04-04 10:55:22.016   413   413 E SurfaceFlinger: Out of order buffers detected for RequestedLayerState{com.google.android.apps.nexuslauncher/com.google.android.apps.nexuslauncher.NexusLauncherActivity#109 parentId=106} producedId=10 frameNumber=327 -> producedId=10 frameNumber=29
04-04 10:55:22.020   790   822 V WindowManagerShell:  try handler com.android.wm.shell.keyguard.KeyguardTransitionHandler@2fb9ccb
04-04 10:55:22.020   790   822 V WindowManagerShell:  try handler com.android.wm.shell.pip.PipTransition@ee9cca8
04-04 10:55:22.020   790   822 V WindowManagerShell:  try handler com.android.wm.shell.activityembedding.ActivityEmbeddingController@7d783c1
04-04 10:55:22.020   790   822 V WindowManagerShell:  try handler com.android.wm.shell.recents.RecentsTransitionHandler@92e1766
04-04 10:55:22.020   790   822 V ShellRecents: RecentsTransitionHandler.startAnimation: no controller found
04-04 10:55:22.020   790   822 V WindowManagerShell:  try handler com.android.wm.shell.splitscreen.StageCoordinator@2a53aa7
04-04 10:55:22.021   790   822 V WindowManagerShell:  try handler com.android.wm.shell.transition.RemoteTransitionHandler@c630b54
04-04 10:55:22.021   790   822 V WindowManagerShell: Transition doesn't have explicit remote, search filters for match for {id=30 t=OPEN f=0x0 trk=0 r=[0@Point(0, 0)] c=[{WCT{android.window.IWindowContainerToken$Stub$Proxy@b8abdb} m=OPEN f=NONE leash=Surface(name=Task=15)/@0x89fad8c sb=Rect(0, 0 - 1080, 2400) eb=Rect(0, 0 - 1080, 2400) d=0 taskParent=-1},{WCT{android.window.IWindowContainerToken$Stub$Proxy@9601678} m=TO_BACK f=SHOW_WALLPAPER leash=Surface(name=Task=1)/@0x925bcd5 sb=Rect(0, 0 - 1080, 2400) eb=Rect(0, 0 - 1080, 2400) d=0 taskParent=-1}]}
04-04 10:55:22.021   542   569 V WindowManager: Sent Transition (#30) createdAt=04-04 10:55:21.837 via request=TransitionRequestInfo { type = OPEN, triggerTask = TaskInfo{userId=0 taskId=15 displayId=0 isRunning=true baseIntent=Intent { flg=0x10000000 cmp=de.gaffga.android.zazentimer/.ZazenTimerActivity } baseActivity=ComponentInfo{de.gaffga.android.zazentimer/de.gaffga.android.zazentimer.ZazenTimerActivity} topActivity=ComponentInfo{de.gaffga.android.zazentimer/de.gaffga.android.zazentimer.ZazenTimerActivity} origActivity=null realActivity=ComponentInfo{de.gaffga.android.zazentimer/de.gaffga.android.zazentimer.ZazenTimerActivity} numActivities=1 lastActiveTime=2553964 supportsMultiWindow=true resizeMode=1 isResizeable=true minWidth=-1 minHeight=-1 defaultMinSize=220 token=WCT{RemoteToken{1bd899b Task{8b868b7 #15 type=standard A=10209:de.gaffga.android.zazentimer}}} topActivityType=1 pictureInPictureParams=null shouldDockBigOverlays=false launchIntoPipHostTaskId=-1 lastParentTaskIdBeforePip=-1 displayCutoutSafeInsets=Rect(0, 136 - 0, 0) topActivityInfo=ActivityInfo{6830138 de.gaffga.android.zazentimer.ZazenTimerActivity} launchCookies=[] positionInParent=Point(0, 0) parentTaskId=-1 isFocused=false isVisible=false isVisibleRequested=false isSleeping=false locusId=null displayAreaFeatureId=1 isTopActivityTransparent=false appCompatTaskInfo=AppCompatTaskInfo { topActivityInSizeCompat=false topActivityEligibleForLetterboxEducation= falseisLetterboxEducationEnabled= true isLetterboxDoubleTapEnabled= false topActivityEligibleForUserAspectRatioButton= false topActivityBoundsLetterboxed= false isFromLetterboxDoubleTap= false topActivityLetterboxVerticalPosition= -1 topActivityLetterboxHorizontalPosition= -1 topActivityLetterboxWidth=1080 topActivityLetterboxHeight=2400 isUserFullscreenOverrideEnabled=false isSystemFullscreenOverrideEnabled=false cameraCompatTaskInfo=CameraCompatTaskInfo { cameraCompatControlState=hidden freeformCameraCompatMode=inactive}}}, pipTask = null, remoteTransition = null, displayChange = null, flags = 0, debugId = 30 }
04-04 10:55:22.022   542   569 V WindowManager:     startWCT=WindowContainerTransaction { changes = {} hops = [] errorCallbackToken=null taskFragmentOrganizer=null }
04-04 10:55:22.022   542   569 V WindowManager:     info={id=30 t=OPEN f=0x0 trk=0 r=[0@Point(0, 0)] c=[
04-04 10:55:22.022   542   569 V WindowManager:         {WCT{RemoteToken{1bd899b Task{8b868b7 #15 type=standard A=10209:de.gaffga.android.zazentimer}}} m=OPEN f=NONE leash=Surface(name=Task=15)/@0x3ab73d9 sb=Rect(0, 0 - 1080, 2400) eb=Rect(0, 0 - 1080, 2400) d=0 taskParent=-1},
04-04 10:55:22.022   542   569 V WindowManager:         {WCT{RemoteToken{b89d40f Task{1d28c65 #1 type=home}}} m=TO_BACK f=SHOW_WALLPAPER leash=Surface(name=Task=1)/@0xb2645b7 sb=Rect(0, 0 - 1080, 2400) eb=Rect(0, 0 - 1080, 2400) d=0 taskParent=-1}
04-04 10:55:22.022   542   569 V WindowManager:     ]}
04-04 10:55:22.023   790   822 V WindowManagerShell:  Checking filter Pair{{types=[] flags=0x0] notFlags=0x0 checks=[{atype=undefined independent=true modes=[OPEN,TO_FRONT] flags=IN_TASK_WITH_EMBEDDED_ACTIVITY mustBeTask=false order=ANY topActivity=ComponentInfo{com.google.android.apps.nexuslauncher/com.google.android.apps.nexuslauncher.NexusLauncherActivity} launchCookie=null},{atype=undefined independent=true modes=[CLOSE,TO_BACK] flags=IN_TASK_WITH_EMBEDDED_ACTIVITY mustBeTask=false order=ANY topActivity=null launchCookie=null}]} RemoteTransition { remoteTransition = android.window.IRemoteTransition$Stub$Proxy@ad5d800, appThread = android.app.IApplicationThread$Stub$Proxy@4dd2839, debugName = OverlaySwipeBack }}
04-04 10:55:22.023   790   822 V WindowManagerShell:  Checking filter Pair{{types=[] flags=0x0] notFlags=0x0 checks=[{atype=dream independent=true modes=[OPEN,TO_FRONT] flags=NONE mustBeTask=false order=ANY topActivity=null launchCookie=null},{atype=home independent=true modes=[CLOSE,TO_BACK] flags=NONE mustBeTask=false order=ANY topActivity=null launchCookie=null}]} RemoteTransition { remoteTransition = android.window.IRemoteTransition$Stub$Proxy@981ae7e, appThread = android.app.IApplicationThread$Stub$Proxy@2d5dfdf, debugName = LauncherToDream }}
04-04 10:55:22.024   790   822 V WindowManagerShell:  Checking filter Pair{{types=[] flags=0x0] notFlags=0x100 checks=[{atype=home independent=true modes=[OPEN,TO_FRONT] flags=NONE mustBeTask=false order=TOP topActivity=ComponentInfo{com.google.android.apps.nexuslauncher/com.google.android.apps.nexuslauncher.NexusLauncherActivity} launchCookie=null},{atype=standard independent=true modes=[CLOSE,TO_BACK] flags=NONE mustBeTask=false order=ANY topActivity=null launchCookie=null}]} RemoteTransition { remoteTransition = android.window.IRemoteTransition$Stub$Proxy@4c0742c, appThread = android.app.IApplicationThread$Stub$Proxy@f5f0ef5, debugName = QuickstepLaunchHome }}
04-04 10:55:22.028   790   822 V WindowManagerShell:  Delegate animation for (#30) to null
04-04 10:55:22.028   790   822 V WindowManagerShell:  try handler com.android.wm.shell.transition.DefaultTransitionHandler@d914ebb
04-04 10:55:22.028   790   822 V WindowManagerShell: start default transition animation, info = {id=30 t=OPEN f=0x0 trk=0 r=[0@Point(0, 0)] c=[{WCT{android.window.IWindowContainerToken$Stub$Proxy@b8abdb} m=OPEN f=NONE leash=Surface(name=Task=15)/@0x89fad8c sb=Rect(0, 0 - 1080, 2400) eb=Rect(0, 0 - 1080, 2400) d=0 taskParent=-1},{WCT{android.window.IWindowContainerToken$Stub$Proxy@9601678} m=TO_BACK f=SHOW_WALLPAPER leash=Surface(name=Task=1)/@0x925bcd5 sb=Rect(0, 0 - 1080, 2400) eb=Rect(0, 0 - 1080, 2400) d=0 taskParent=-1}]}
04-04 10:55:22.028   790   822 V WindowManagerShell: loadAnimation: anim=android.view.animation.AnimationSet@7bc2224 animAttr=0x13 type=OPEN isEntrance=false
04-04 10:55:22.028   790   822 V WindowManagerShell: loadAnimation: anim=android.view.animation.AnimationSet@959b18d animAttr=0x12 type=OPEN isEntrance=true
04-04 10:55:22.033   413   413 E SurfaceFlinger: Out of order buffers detected for RequestedLayerState{com.google.android.apps.nexuslauncher/com.google.android.apps.nexuslauncher.NexusLauncherActivity#109 parentId=106} producedId=10 frameNumber=327 -> producedId=10 frameNumber=30
04-04 10:55:22.033   790   822 V WindowManagerShell:  animated by com.android.wm.shell.transition.DefaultTransitionHandler@d914ebb
04-04 10:55:22.049   413   413 E SurfaceFlinger: Out of order buffers detected for RequestedLayerState{com.google.android.apps.nexuslauncher/com.google.android.apps.nexuslauncher.NexusLauncherActivity#109 parentId=106} producedId=10 frameNumber=327 -> producedId=10 frameNumber=31
04-04 10:55:22.058  1034  1097 D PackageUpdatedTask: Package updated: mOp=UPDATE packages=[de.gaffga.android.zazentimer]
04-04 10:55:22.081  1020  1024 I .gms.persistent: Background concurrent mark compact GC freed 4686KB AllocSpace bytes, 6(132KB) LOS objects, 49% free, 14MB/29MB, paused 404us,3.999ms total 507.808ms
04-04 10:55:22.082   542  1045 W UserManagerService: Requested status bar icon for non-badged user 0
04-04 10:55:22.083   413   413 E SurfaceFlinger: Out of order buffers detected for RequestedLayerState{com.google.android.apps.nexuslauncher/com.google.android.apps.nexuslauncher.NexusLauncherActivity#109 parentId=106} producedId=10 frameNumber=327 -> producedId=10 frameNumber=32
04-04 10:55:22.096  1296  1296 W MediaProvider: WorkProfileOwnerApps cache is empty
04-04 10:55:22.096  1296  1296 D PickerSyncLockManager: Trying to acquire lock com.android.providers.media.photopicker.sync.CloseableReentrantLock@be8a82e[Unlocked]. Lock Name = CLOUD_PROVIDER_LOCK. Threads that may be waiting to acquire this lock = []
04-04 10:55:22.097  1296  1296 D CloseableReentrantLock: Successfully acquired lock com.android.providers.media.photopicker.sync.CloseableReentrantLock@be8a82e[Locked by thread main]. Lock Name = CLOUD_PROVIDER_LOCK. Threads that may be waiting to acquire this lock = []
04-04 10:55:22.097  1296  1296 D CloseableReentrantLock: Successfully released lock com.android.providers.media.photopicker.sync.CloseableReentrantLock@be8a82e[Unlocked]. Lock Name = CLOUD_PROVIDER_LOCK. Threads that may be waiting to acquire this lock = []
04-04 10:55:22.099   542   580 W MagnificationConnectionManager: requestConnection duplicated request: connect=false, mConnectionState=DISCONNECTED
04-04 10:55:22.099   542   542 W IPCThreadState: Sending oneway calls to frozen process.
04-04 10:55:22.099   542   542 W IPCThreadState: Sending oneway calls to frozen process.
04-04 10:55:22.099   542   542 W IPCThreadState: Sending oneway calls to frozen process.
04-04 10:55:22.099   413   413 E SurfaceFlinger: Out of order buffers detected for RequestedLayerState{com.google.android.apps.nexuslauncher/com.google.android.apps.nexuslauncher.NexusLauncherActivity#109 parentId=106} producedId=10 frameNumber=327 -> producedId=10 frameNumber=33
04-04 10:55:22.110  1034  1446 D EGL_emulation: app_time_stats: avg=3079.30ms min=1.08ms max=107062.69ms count=35
04-04 10:55:22.114  2152  2152 D ActivityThread: Package [de.gaffga.android.zazentimer] reported as REPLACED, but missing application info. Assuming REMOVED.
04-04 10:55:22.117   542   542 W IPCThreadState: Sending oneway calls to frozen process.
04-04 10:55:22.118   542   581 D ActivityManager: sync unfroze 2152 com.android.vending:background for 3
04-04 10:55:22.123   542   581 D ActivityManager: sync unfroze 1795 com.android.vending for 3
04-04 10:55:22.124  5623  5623 D CompatChangeReporter: Compat change id reported: 242716250; UID 10209; state: ENABLED
04-04 10:55:22.130  1020  1026 W .gms.persistent: ApkAssets: Deleting an ApkAssets object '<empty> and /data/app/~~zEGqsd-cyRhmle5_pXA2CQ==/de.gaffga.android.zazentimer-dqqdVJ70KoAQ2nUlKRgMYA==/base.apk' with 1 weak references
04-04 10:55:22.149   413   413 E SurfaceFlinger: Out of order buffers detected for RequestedLayerState{com.google.android.apps.nexuslauncher/com.google.android.apps.nexuslauncher.NexusLauncherActivity#109 parentId=106} producedId=10 frameNumber=327 -> producedId=10 frameNumber=34
04-04 10:55:22.158  1795  1795 D ActivityThread: Package [de.gaffga.android.zazentimer] reported as REPLACED, but missing application info. Assuming REMOVED.
04-04 10:55:22.179  1330  1330 I GsaVoiceInteractionSrv: (REDACTED) O received %s
04-04 10:55:22.182  2152  2152 D ActivityThread: Package [de.gaffga.android.zazentimer] reported as REPLACED, but missing application info. Assuming REMOVED.
04-04 10:55:22.182  2152  2152 I Finsky:background: [2] Memory trim requested to level 40
04-04 10:55:22.182  2152  2152 I Finsky:background: [2] Memory trim requested to level 40
04-04 10:55:22.182  2152  2152 I Finsky:background: [2] Memory trim requested to level 40
04-04 10:55:22.182  5623  5623 D ApplicationLoaders: Returning zygote-cached class loader: /system_ext/framework/androidx.window.extensions.jar
04-04 10:55:22.182  2152  2152 I Finsky:background: [2] Memory trim requested to level 40
04-04 10:55:22.182  5623  5623 D ApplicationLoaders: Returning zygote-cached class loader: /system_ext/framework/androidx.window.sidecar.jar
04-04 10:55:22.184  5623  5623 W ziparchive: Unable to open '/data/app/~~NU91qWmDvTP879IdaB6dSg==/de.gaffga.android.zazentimer-bUUPOrcIIs5i8bwewNcXSg==/base.dm': No such file or directory
04-04 10:55:22.184  5623  5623 W ziparchive: Unable to open '/data/app/~~NU91qWmDvTP879IdaB6dSg==/de.gaffga.android.zazentimer-bUUPOrcIIs5i8bwewNcXSg==/base.dm': No such file or directory
04-04 10:55:22.189  1330  1330 I GsaVoiceInteractionSrv: (REDACTED) O received %s
04-04 10:55:22.190   790   890 D EGL_emulation: app_time_stats: avg=22120.79ms min=22120.79ms max=22120.79ms count=1
04-04 10:55:22.194  1330  1330 I GsaVoiceInteractionSrv: (REDACTED) O received %s
04-04 10:55:22.207   790   790 D ControlsListingControllerImpl: ServiceConfig reloaded, count: 0
04-04 10:55:22.207  2152  2152 I Finsky:background: [2] aiko - Received: android.intent.action.PACKAGE_REMOVED, [9GXP714aR4ivWqUaQwpeNaEUQ89c3Xw_8jCkF4DCpH8]
04-04 10:55:22.216   790   790 D ControlsListingControllerImpl: ServiceConfig reloaded, count: 0
04-04 10:55:22.222  1795  1795 D ActivityThread: Package [de.gaffga.android.zazentimer] reported as REPLACED, but missing application info. Assuming REMOVED.
04-04 10:55:22.231   790   790 D ControlsListingControllerImpl: ServiceConfig reloaded, count: 0
04-04 10:55:22.234  1795  1795 I Finsky  : [2] Memory trim requested to level 40
04-04 10:55:22.240  1795  1795 I Finsky  : [2] Flushing in-memory image cache
04-04 10:55:22.265   542   580 W MagnificationConnectionManager: requestConnection duplicated request: connect=false, mConnectionState=DISCONNECTED
04-04 10:55:22.265   542   542 W IPCThreadState: Sending oneway calls to frozen process.
04-04 10:55:22.265  1795  1795 I Finsky  : [2] Memory trim requested to level 40
04-04 10:55:22.265  1795  1795 I Finsky  : [2] Flushing in-memory image cache
04-04 10:55:22.266  1795  1795 I Finsky  : [2] aiky - Received: android.intent.action.PACKAGE_REMOVED, [9GXP714aR4ivWqUaQwpeNaEUQ89c3Xw_8jCkF4DCpH8]
04-04 10:55:22.272   542   542 W IPCThreadState: Sending oneway calls to frozen process.
04-04 10:55:22.360   790   822 V WindowManagerShell: Transition animation finished (aborted=false), notifying core (#30) android.os.BinderProxy@d5227cf@0
04-04 10:55:22.398   542   569 V WindowManager: Finish Transition (#30): created at 04-04 10:55:21.837 collect-started=0.032ms request-sent=8.489ms started=25.666ms ready=162.081ms sent=167.271ms finished=558.977ms
04-04 10:55:22.416   790   822 V WindowManagerShell: Track 0 became idle
04-04 10:55:22.416   790   822 V WindowManagerShell: All active transition animations finished
04-04 10:55:22.426  2152  2152 I Finsky:background: [2] aiko - Received: android.intent.action.PACKAGE_ADDED, [9GXP714aR4ivWqUaQwpeNaEUQ89c3Xw_8jCkF4DCpH8]
04-04 10:55:22.476  1034  1034 D VRI[NexusLauncherActivity]: visibilityChanged oldVisibility=true newVisibility=false
04-04 10:55:22.482  1034  1034 D NexusLauncherModelDelegate: notifySmartspaceEvent: SmartspaceTargetEvent{mSmartspaceTarget=null, mSmartspaceActionId='null', mEventType=7}
04-04 10:55:22.483  1795  1972 I Finsky  : [51] AIM: AppInfoManager-Perf > OnDeviceAppInfo > cacheHitCount=0, cacheMissCount=1. Missed  in cache (limit 10) : [de.gaffga.android.zazentimer]
04-04 10:55:22.495  1311  1999 I AiAiTextClassifier: [VisualCortexAdapter]: provideRegistration: Registered Prominent Screen Entities for updates.
04-04 10:55:22.510  2152  2152 I Finsky:background: [2] aiko - Received: android.intent.action.PACKAGE_ADDED, [9GXP714aR4ivWqUaQwpeNaEUQ89c3Xw_8jCkF4DCpH8]
04-04 10:55:22.513  1795  5642 I Finsky  : [261] SCH: Received scheduling request: Id: 12-1, Constraints: [{ L: 15000, D: 86400000, C: CHARGING_NONE, I: IDLE_NONE, N: NET_ANY, B: BATTERY_ANY }]
04-04 10:55:22.514  1795  1795 I Finsky  : [2] aiky - Received: android.intent.action.PACKAGE_ADDED, [9GXP714aR4ivWqUaQwpeNaEUQ89c3Xw_8jCkF4DCpH8]
04-04 10:55:22.515  5623  5623 D nativeloader: Configuring clns-7 for other apk /data/app/~~NU91qWmDvTP879IdaB6dSg==/de.gaffga.android.zazentimer-bUUPOrcIIs5i8bwewNcXSg==/base.apk. target_sdk_version=34, uses_libraries=, library_path=/data/app/~~NU91qWmDvTP879IdaB6dSg==/de.gaffga.android.zazentimer-bUUPOrcIIs5i8bwewNcXSg==/lib/x86_64, permitted_path=/data:/mnt/expand:/data/user/0/de.gaffga.android.zazentimer
04-04 10:55:22.516   542  1397 W UserManagerService: Requested status bar icon for non-badged user 0
04-04 10:55:22.522   542  1397 W UserManagerService: Requested status bar icon for non-badged user 0
04-04 10:55:22.529  1311  1999 I AiAiTextClassifier: [VisualCortexAdapter]: provideRegistration: Registered Prominent Screen Entities for updates.
04-04 10:55:22.532  2152  2152 I Finsky:background: [2] aiko - Deduping intent android.intent.action.PACKAGE_ADDED
04-04 10:55:22.542  1795  5642 I Finsky  : [261] SCH: Received scheduling request: Id: 12-1, Constraints: [{ L: 15000, D: 86400000, C: CHARGING_NONE, I: IDLE_NONE, N: NET_ANY, B: BATTERY_ANY }]
04-04 10:55:22.543  2152  2152 I Finsky:background: [2] aiko - Received: android.intent.action.PACKAGE_ADDED, [9GXP714aR4ivWqUaQwpeNaEUQ89c3Xw_8jCkF4DCpH8]
04-04 10:55:22.567  1795  1972 I Finsky  : [51] AIM: Got app ownership map. App counts: . Unique apps: 0
04-04 10:55:22.603  2152  2342 I Finsky:background: [47] IQ:PSL: skipping onPackageRemoved(replacing=true) for untracked package=de.gaffga.android.zazentimer
04-04 10:55:22.603  1795  1972 E Finsky  : [51] [Counters] attempted to use a non-positive increment for: 4752
04-04 10:55:22.604  1795  1972 E Finsky  : [51] [Counters] attempted to use a non-positive increment for: 4753
04-04 10:55:22.606  5623  5623 V GraphicsEnvironment: Currently set values for:
04-04 10:55:22.606  5623  5623 V GraphicsEnvironment:   angle_gl_driver_selection_pkgs=[]
04-04 10:55:22.606  5623  5623 V GraphicsEnvironment:   angle_gl_driver_selection_values=[]
04-04 10:55:22.606  5623  5623 V GraphicsEnvironment: Global.Settings values are invalid: number of packages: 0, number of values: 0
04-04 10:55:22.606  5623  5623 V GraphicsEnvironment: Neither updatable production driver nor prerelease driver is supported.
04-04 10:55:22.613  2152  2152 I Finsky:background: [2] aiko - Deduping intent android.intent.action.PACKAGE_ADDED
04-04 10:55:22.613  2152  2393 I Finsky:background: [55] RECEIVER_PACKAGE_MONITOR_BACKGROUND#logWorkEndAndFinishGoAsync: SUCCESS
04-04 10:55:22.614  1795  1795 I Finsky  : [2] DTU: Received onPackageAdded, replacing: true
04-04 10:55:22.617   542   932 D ActivityManager: sync unfroze 4607 com.google.android.apps.wellbeing for 7
04-04 10:55:22.639  4607  4607 D ActivityThread: Package [de.gaffga.android.zazentimer] reported as REPLACED, but missing application info. Assuming REMOVED.
04-04 10:55:22.645  4607  4607 D ActivityThread: Package [de.gaffga.android.zazentimer] reported as REPLACED, but missing application info. Assuming REMOVED.
04-04 10:55:22.650   542   932 W ContentProviderHelper: Slow operation: 461ms so far, now at getContentProviderImpl: after updateOomAdj
04-04 10:55:22.650   542   932 W ContentProviderHelper: Slow operation: 461ms so far, now at getContentProviderImpl: done!
04-04 10:55:22.651  2152  5640 I Finsky:background: [139] Wrote row to frosting DB: 389
04-04 10:55:22.655  1795  1848 W android.vending: Couldn't lock the profile file /data/misc/profiles/cur/0/com.android.vending/primary.prof: Failed to lock file '/data/misc/profiles/cur/0/com.android.vending/primary.prof': Try again
04-04 10:55:22.655  1795  1848 W android.vending: Could not forcefully load profile /data/misc/profiles/cur/0/com.android.vending/primary.prof
04-04 10:55:22.713  1795  1985 I Finsky  : [52] AIM: AppInfoManager-Perf > ItemModel > CacheSize=0, cacheHitCount=0, cacheMissCount=1, total appsWithNoServerDataCount=0. Missed  in cache (limit 10) : [de.gaffga.android.zazentimer]
04-04 10:55:22.714  1795  1985 I Finsky  : [52] AIM: AppInfoManager-Perf > ItemModel > ItemStore Called 1 apps cacheOptions = USE_CACHE
04-04 10:55:22.722  2152  5640 I Finsky:background: [139] Wrote row to frosting DB: 390
04-04 10:55:22.730  1795  1991 I Finsky  : [53] ItemStore: Not cached: de.gaffga.android.zazentimer
04-04 10:55:22.736  1795  1825 W android.vending: Missing inline cache for java.lang.Object bant.apply(java.lang.Object)
04-04 10:55:22.740  1795  1985 I Finsky  : [52] AIM: ItemModel fetch - unauth(1), auth()
04-04 10:55:22.743  2152  5640 I Finsky:background: [139] Wrote row to frosting DB: 391
04-04 10:55:22.766  2152  5640 I Finsky:background: [139] Wrote row to frosting DB: 392
04-04 10:55:22.784  1034  1034 D StatsLog: LAUNCHER_ALLAPPS_COUNT
04-04 10:55:22.795   542  1045 D ActivityManager: sync unfroze 1451 com.google.android.googlequicksearchbox:search for 6
04-04 10:55:22.814  1451  1451 D ActivityThread: Package [de.gaffga.android.zazentimer] reported as REPLACED, but missing application info. Assuming REMOVED.
04-04 10:55:22.820  2152  5640 I Finsky:background: [139] Wrote row to frosting DB: 393
04-04 10:55:22.826  1451  1451 D ActivityThread: Package [de.gaffga.android.zazentimer] reported as REPLACED, but missing application info. Assuming REMOVED.
04-04 10:55:22.829  4607  4616 I .apps.wellbeing: Background concurrent mark compact GC freed 600KB AllocSpace bytes, 0(0B) LOS objects, 49% free, 3085KB/6171KB, paused 190us,5.343ms total 136.086ms
04-04 10:55:22.883  2152  5640 I Finsky:background: [139] Wrote row to frosting DB: 394
04-04 10:55:22.885   542  1045 D ActivityManager: sync unfroze 3433 com.google.android.webview:sandboxed_process0:org.chromium.content.app.SandboxedProcessService0:0 for 6
04-04 10:55:22.887  3433  3433 D ActivityThread: Package [de.gaffga.android.zazentimer] reported as REPLACED, but missing application info. Assuming REMOVED.
04-04 10:55:22.894  3433  3433 D ActivityThread: Package [de.gaffga.android.zazentimer] reported as REPLACED, but missing application info. Assuming REMOVED.
04-04 10:55:22.917   542   932 W OptProp : Cannot read opt property android.window.PROPERTY_COMPAT_ENABLE_FAKE_FOCUS
04-04 10:55:22.928  1795  1985 I Finsky  : [52] AIM: AppInfoManager-Perf > OnDeviceAppInfo > cacheHitCount=0, cacheMissCount=1. Missed  in cache (limit 10) : [de.gaffga.android.zazentimer]
04-04 10:55:22.929  1795  1991 I Finsky  : [53] AIM: Got app ownership map. App counts: . Unique apps: 0
04-04 10:55:22.929  1795  1991 E Finsky  : [53] [Counters] attempted to use a non-positive increment for: 4752
