04-04 10:53:34.698   542  1591 W PackageConfigPersister: App-specific configuration not found for packageName: com.google.android.apps.nexuslauncher and userId: 0
04-04 10:53:34.732  1034  1038 I s.nexuslauncher: NativeAlloc concurrent mark compact GC freed 3355KB AllocSpace bytes, 80(1696KB) LOS objects, 49% free, 6395KB/12MB, paused 386us,2.507ms total 138.475ms
04-04 10:53:34.738  1034  1040 W System  : A resource failed to call release. 
04-04 10:53:34.738  1034  1040 W System  : A resource failed to call release. 
04-04 10:53:34.738  1034  1040 W System  : A resource failed to call release. 
04-04 10:53:34.738  1034  1040 W s.nexuslauncher: ApkAssets: Deleting an ApkAssets object '<empty> and /data/app/~~zEGqsd-cyRhmle5_pXA2CQ==/de.gaffga.android.zazentimer-dqqdVJ70KoAQ2nUlKRgMYA==/base.apk' with 1 weak references
04-04 10:53:34.738  1034  1040 W System  : A resource failed to call release. 
04-04 10:53:34.738  1034  1040 W System  : A resource failed to call release. 
04-04 10:53:34.738  1034  1040 W System  : A resource failed to call release. 
04-04 10:53:34.749   413   413 E SurfaceFlinger: Out of order buffers detected for RequestedLayerState{com.google.android.apps.nexuslauncher/com.google.android.apps.nexuslauncher.NexusLauncherActivity#109 parentId=106} producedId=10 frameNumber=327 -> producedId=10 frameNumber=5
04-04 10:53:34.750  1451  1987 E A       : (REDACTED) Trace %s timed out after %d ms. Complete trace: %s
04-04 10:53:34.750  1451  1987 E A       : com.google.apps.tiktok.tracing.gc: 
04-04 10:53:34.750  1451  1987 E A       : 	at tk_trace.OnOpNotedCallback#onAsyncNoted(Started After:0)
04-04 10:53:34.783   413   413 E SurfaceFlinger: Out of order buffers detected for RequestedLayerState{com.google.android.apps.nexuslauncher/com.google.android.apps.nexuslauncher.NexusLauncherActivity#109 parentId=106} producedId=10 frameNumber=327 -> producedId=10 frameNumber=6
04-04 10:53:34.818   413   413 E SurfaceFlinger: Out of order buffers detected for RequestedLayerState{com.google.android.apps.nexuslauncher/com.google.android.apps.nexuslauncher.NexusLauncherActivity#109 parentId=106} producedId=10 frameNumber=327 -> producedId=10 frameNumber=7
04-04 10:53:34.850   413   413 E SurfaceFlinger: Out of order buffers detected for RequestedLayerState{com.google.android.apps.nexuslauncher/com.google.android.apps.nexuslauncher.NexusLauncherActivity#109 parentId=106} producedId=10 frameNumber=327 -> producedId=10 frameNumber=8
04-04 10:53:34.900   413   413 E SurfaceFlinger: Out of order buffers detected for RequestedLayerState{com.google.android.apps.nexuslauncher/com.google.android.apps.nexuslauncher.NexusLauncherActivity#109 parentId=106} producedId=10 frameNumber=327 -> producedId=10 frameNumber=9
04-04 10:53:34.917   413   413 E SurfaceFlinger: Out of order buffers detected for RequestedLayerState{com.google.android.apps.nexuslauncher/com.google.android.apps.nexuslauncher.NexusLauncherActivity#109 parentId=106} producedId=10 frameNumber=327 -> producedId=10 frameNumber=10
04-04 10:53:34.929   413   424 W VsyncModulator: setTransactionSchedule: Unexpected EarlyEnd
04-04 10:53:34.933   413   413 E SurfaceFlinger: Out of order buffers detected for RequestedLayerState{com.google.android.apps.nexuslauncher/com.google.android.apps.nexuslauncher.NexusLauncherActivity#109 parentId=106} producedId=10 frameNumber=327 -> producedId=10 frameNumber=11
04-04 10:53:34.970   413   413 E SurfaceFlinger: Out of order buffers detected for RequestedLayerState{com.google.android.apps.nexuslauncher/com.google.android.apps.nexuslauncher.NexusLauncherActivity#109 parentId=106} producedId=10 frameNumber=327 -> producedId=10 frameNumber=12
04-04 10:53:34.984   413   413 E SurfaceFlinger: Out of order buffers detected for RequestedLayerState{com.google.android.apps.nexuslauncher/com.google.android.apps.nexuslauncher.NexusLauncherActivity#109 parentId=106} producedId=10 frameNumber=327 -> producedId=10 frameNumber=13
04-04 10:53:34.988   542   572 W ActivityTaskManager: Activity top resumed state loss timeout for ActivityRecord{f8d82e2 u0 de.gaffga.android.zazentimer/.ZazenTimerActivity t14 f} isExiting}
04-04 10:53:34.990  1346  1661 I BugleRcsEngine: Connected state: [1], networkType: [WIFI] [CONTEXT thread_id=57 ]
04-04 10:53:34.991  1346  1957 I BugleRcsEngine: handleMessage processing message:[NOTIFY_UPTIME_IGNORE_STATE_CHANGED] with [non-null]:RcsEngineImpl reference [CONTEXT log_prefix="RcsEngineImpl[DUAL_REG]:[28a4304e-20f8]>Handler" thread_id=63 ]
04-04 10:53:34.993   542   699 W IPCThreadState: Sending oneway calls to frozen process.
04-04 10:53:34.993   542   699 W IPCThreadState: Sending oneway calls to frozen process.
04-04 10:53:34.993   542   699 W IPCThreadState: Sending oneway calls to frozen process.
04-04 10:53:34.993   542   699 W IPCThreadState: Sending oneway calls to frozen process.
04-04 10:53:34.993   542   699 W IPCThreadState: Sending oneway calls to frozen process.
04-04 10:53:35.000   413   413 E SurfaceFlinger: Out of order buffers detected for RequestedLayerState{com.google.android.apps.nexuslauncher/com.google.android.apps.nexuslauncher.NexusLauncherActivity#109 parentId=106} producedId=10 frameNumber=327 -> producedId=10 frameNumber=14
04-04 10:53:35.003   542   699 W IPCThreadState: Sending oneway calls to frozen process.
04-04 10:53:35.008   542   699 W IPCThreadState: Sending oneway calls to frozen process.
04-04 10:53:35.008   542   699 W IPCThreadState: Sending oneway calls to frozen process.
04-04 10:53:35.008   542   699 W IPCThreadState: Sending oneway calls to frozen process.
04-04 10:53:35.011   542   699 W IPCThreadState: Sending oneway calls to frozen process.
04-04 10:53:35.013   542   699 W IPCThreadState: Sending oneway calls to frozen process.
04-04 10:53:35.033   413   413 E SurfaceFlinger: Out of order buffers detected for RequestedLayerState{com.google.android.apps.nexuslauncher/com.google.android.apps.nexuslauncher.NexusLauncherActivity#109 parentId=106} producedId=10 frameNumber=327 -> producedId=10 frameNumber=15
04-04 10:53:35.034  1020  1933 I NullBinder: NullBinder for android.net.action.RECOMMEND_NETWORKS triggering remote TransactionTooLargeException due to Service without Chimera impl, calling uid: 1000, calling pid: 0
04-04 10:53:35.034  1020  1933 W .gms.persistent: Large reply transaction of 1056768 bytes, interface descriptor , code 1
04-04 10:53:35.041  1346  1957 I BugleRcsEngine: No RCS Configuration was found in Bugle for simID: redacted-pii:sim_id[chars:20,last3:897] [CONTEXT log_prefix="ProvisioningEngineDataRetriever" thread_id=63 ]
04-04 10:53:35.049   413   413 E SurfaceFlinger: Out of order buffers detected for RequestedLayerState{com.google.android.apps.nexuslauncher/com.google.android.apps.nexuslauncher.NexusLauncherActivity#109 parentId=106} producedId=10 frameNumber=327 -> producedId=10 frameNumber=16
04-04 10:53:35.083   413   413 E SurfaceFlinger: Out of order buffers detected for RequestedLayerState{com.google.android.apps.nexuslauncher/com.google.android.apps.nexuslauncher.NexusLauncherActivity#109 parentId=106} producedId=10 frameNumber=327 -> producedId=10 frameNumber=17
04-04 10:53:35.099   413   413 E SurfaceFlinger: Out of order buffers detected for RequestedLayerState{com.google.android.apps.nexuslauncher/com.google.android.apps.nexuslauncher.NexusLauncherActivity#109 parentId=106} producedId=10 frameNumber=327 -> producedId=10 frameNumber=18
04-04 10:53:35.114  1034  1034 D SearchTargetUtil: queryLength=0 size=15
04-04 10:53:35.114  1034  1034 D SearchTargetUtil: layoutType=short_icon_row resultType=131072 packageName=com.google.android.googlequicksearchbox extras=Bundle{suggestion_type=33,suggest_truncate_start=false,is_answer=false,is_entity=false,is_personal=false,suggest_raw_text=walt disney world new parking policy,input_query=android.app.search.Query@bb9570c,group_id=web2446663,response_id=c1df8f51-36b0-47fd-af75-776041d97046,support_query_builder=false,} searchAction=walt disney world new parking policy searchActionExtras=Bundle{learn_more_url=https://support.google.com/websearch/answer/106230?hl=106230,suggestion_action_text=Report this,should_start_for_result=true,allow_pinning=true,skip_logging_in_target_handler=true,suggestion_action_rpc=2,}ParentID: null targetID: 2a14eb98-2b5f-4c70-ac16-ab3d536bedab
04-04 10:53:35.114  1034  1034 D SearchTargetUtil: layoutType=short_icon_row resultType=131072 packageName=com.google.android.googlequicksearchbox extras=Bundle{suggestion_type=33,suggest_truncate_start=false,is_answer=false,is_entity=false,is_personal=false,suggest_raw_text=dhs government shutdown,input_query=android.app.search.Query@bb9570c,group_id=web2446663,response_id=c1df8f51-36b0-47fd-af75-776041d97046,support_query_builder=false,} searchAction=dhs government shutdown searchActionExtras=Bundle{learn_more_url=https://support.google.com/websearch/answer/106230?hl=106230,suggestion_action_text=Report this,should_start_for_result=true,allow_pinning=true,skip_logging_in_target_handler=true,suggestion_action_rpc=2,}ParentID: null targetID: 5e7138ae-eb61-4a2e-a311-cfcf0e12dee7
04-04 10:53:35.114  1034  1034 D SearchTargetUtil: layoutType=short_icon_row resultType=131072 packageName=com.google.android.googlequicksearchbox extras=Bundle{suggestion_type=33,suggest_truncate_start=false,is_answer=false,is_entity=false,is_personal=false,suggest_raw_text=aj dybantsa staying at byu,input_query=android.app.search.Query@bb9570c,group_id=web2446663,response_id=c1df8f51-36b0-47fd-af75-776041d97046,support_query_builder=false,} searchAction=aj dybantsa staying at byu searchActionExtras=Bundle{learn_more_url=https://support.google.com/websearch/answer/106230?hl=106230,suggestion_action_text=Report this,should_start_for_result=true,allow_pinning=true,skip_logging_in_target_handler=true,suggestion_action_rpc=2,}ParentID: null targetID: e1fb2c75-35c0-4274-baa3-0a1cfb29b5df
04-04 10:53:35.114  1034  1034 D SearchTargetUtil: layoutType=short_icon_row resultType=131072 packageName=com.google.android.googlequicksearchbox extras=Bundle{suggestion_type=33,suggest_truncate_start=false,is_answer=false,is_entity=false,is_personal=false,suggest_raw_text=oracle layoffs,input_query=android.app.search.Query@bb9570c,group_id=web2446663,response_id=c1df8f51-36b0-47fd-af75-776041d97046,support_query_builder=false,} searchAction=oracle layoffs searchActionExtras=Bundle{learn_more_url=https://support.google.com/websearch/answer/106230?hl=106230,suggestion_action_text=Report this,should_start_for_result=true,allow_pinning=true,skip_logging_in_target_handler=true,suggestion_action_rpc=2,}ParentID: null targetID: 670d7b59-71a2-4026-acc0-43266b355309
04-04 10:53:35.114  1034  1034 D SearchTargetUtil: layoutType=short_icon_row resultType=131072 packageName=com.google.android.googlequicksearchbox extras=Bundle{suggestion_type=33,suggest_truncate_start=false,is_answer=false,is_entity=false,is_personal=false,suggest_raw_text=rec room game shutting down,input_query=android.app.search.Query@bb9570c,group_id=web2446663,response_id=c1df8f51-36b0-47fd-af75-776041d97046,support_query_builder=false,} searchAction=rec room game shutting down searchActionExtras=Bundle{learn_more_url=https://support.google.com/websearch/answer/106230?hl=106230,suggestion_action_text=Report this,should_start_for_result=true,allow_pinning=true,skip_logging_in_target_handler=true,suggestion_action_rpc=2,}ParentID: null targetID: 6f0a9f46-2483-4d42-990e-a0b03ce07023
04-04 10:53:35.114  1034  1034 D SearchTargetUtil: layoutType=short_icon_row resultType=131072 packageName=com.google.android.googlequicksearchbox extras=Bundle{suggestion_type=33,suggest_truncate_start=false,is_answer=false,is_entity=false,is_personal=false,suggest_raw_text=elizabeth taylor swift music video,input_query=android.app.search.Query@bb9570c,group_id=web2446663,response_id=c1df8f51-36b0-47fd-af75-776041d97046,support_query_builder=false,} searchAction=elizabeth taylor swift music video searchActionExtras=Bundle{learn_more_url=https://support.google.com/websearch/answer/106230?hl=106230,suggestion_action_text=Report this,should_start_for_result=true,allow_pinning=true,skip_logging_in_target_handler=true,suggestion_action_rpc=2,}ParentID: null targetID: 7129ea6c-dcf1-4215-b039-0b70259579ec
04-04 10:53:35.114  1034  1034 D SearchTargetUtil: layoutType=short_icon_row resultType=131072 packageName=com.google.android.googlequicksearchbox extras=Bundle{suggestion_type=33,suggest_truncate_start=false,is_answer=false,is_entity=false,is_personal=false,suggest_raw_text=texas state record crappie,input_query=android.app.search.Query@bb9570c,group_id=web2446663,response_id=c1df8f51-36b0-47fd-af75-776041d97046,support_query_builder=false,} searchAction=texas state record crappie searchActionExtras=Bundle{learn_more_url=https://support.google.com/websearch/answer/106230?hl=106230,suggestion_action_text=Report this,should_start_for_result=true,allow_pinning=true,skip_logging_in_target_handler=true,suggestion_action_rpc=2,}ParentID: null targetID: 6b5c29ea-37d6-442f-8d8b-ea105c73b9ab
04-04 10:53:35.114  1034  1034 D SearchTargetUtil: layoutType=short_icon_row resultType=131072 packageName=com.google.android.googlequicksearchbox extras=Bundle{suggestion_type=33,suggest_truncate_start=false,is_answer=false,is_entity=false,is_personal=false,suggest_raw_text=nasa artemis rocket launch astronauts,input_query=android.app.search.Query@bb9570c,group_id=web2446663,response_id=c1df8f51-36b0-47fd-af75-776041d97046,support_query_builder=false,} searchAction=nasa artemis rocket launch astronauts searchActionExtras=Bundle{learn_more_url=https://support.google.com/websearch/answer/106230?hl=106230,suggestion_action_text=Report this,should_start_for_result=true,allow_pinning=true,skip_logging_in_target_handler=true,suggestion_action_rpc=2,}ParentID: null targetID: d0c338e9-b0c4-45cc-b344-7676037fef24
04-04 10:53:35.116  1034  1034 D SearchTargetUtil: layoutType=extra_tall_icon_row resultType=131072 packageName=com.google.android.googlequicksearchbox extras=Bundle{bitmap_url=data:image/jpeg;base64,/9j/4AAQSkZJRgABAQAAAQABAAD/2wCEAAkGBwgHBgkIBwgKCgkLDRYPDQwMDRsUFRAWIB0iIiAdHx8kKDQsJCYxJx8fLT0tMTU3Ojo6Iys/RD84QzQ5OjcBCgoKDQwNGg8PGjclHyU3Nzc3Nzc3Nzc3Nzc3Nzc3Nzc3Nzc3Nzc3Nzc3Nzc3Nzc3Nzc3Nzc3Nzc3Nzc3Nzc3N//AABEIAFcAfAMBIgACEQEDEQH/xAAbAAADAAMBAQAAAAAAAAAAAAADBAUAAgYBB//EADgQAAEDAwMCBAQEBQQDAQAAAAECAwQFESEAEjETQQYiUWEUcYGRFTIzsSNSc6HwQlPB4WLR8XL/xAAYAQADAQEAAAAAAAAAAAAAAAABAgMABP/EACYRAAICAwEAAQQBBQAAAAAAAAECABEDEiExQRMiUWGRMoGhweH/2gAMAwEAAhEDEQA/APo8haGg86sKISo4Tyc6kQvEUCVUFQgl1LiVlsqKbpCgbbSexuP8vq2pIWp1KgCCogg99SqZBpgddVDaIUlVllRvuyTf73OsSb9mENOmiGshUV5YuLKBACsf4PrrJNSiRKV+JSStDG0HAuc8D660qSKdMkttSlkuIUNgsdu7Nr+vfvbGt5FNbciMRXG2X2W07VfEZHbzW7n6j56bcEGviKqkOLNj+3+JlIqMSrREvxlKST+ZpZAWg+hGh1Crw4LiULDq1FwNq2Jwkn/L40SBT2YZb+Cbjoj7t/8ACuB+Uji5BvccW476cQpCW1JShpW43UrePNc98fy4+ukLEDnZUhdjBTHmojXUWlavQJz2J/YaQotdg1hRTHDgNtySoHaoex1QfhMyYvwzibMm42IOLHt8rG2lKZHpqHFfA7hsWokZAUruRf8AN8xoFqqz7Fr8RKreJYdKmKYkRpSkJtufSnyA+lza/wBL8Edjp56qQ232WUr3rdR1AbmwTg3NgT3HAPI40n4iokqrNutsOsbFC6UrScL7ZF7cnNr5tjN3GaOhpmKW3XmH2Y4YLiCDvSAAQoEEKBt6enoLN2jJrYc35MiVOLL+JQ0bvR770BXoOx+o5A5+eiQJjM0uJSkoUg5G8G/P/rU6nS4yq1KjLjznnnSpLkuQi6XLcjiwGCB2xbTShFhVBtKnm0FbhUhAj3INuNwwB31sofGRfBGTJiZSQYv4i8SU+glLTyXpEpSdwYYTuITe11H/AEjm1+bHXtK8RU+p0+TKaS+25FbLj0d1G1xIAvweRggHjGvPEdDjzz8auQqM403YuNthRUL3z69+LcnOh0ukU+mUmQuRJJbmNBtx98JQuyvKBf3JwM5PfWs3+o9Lr+5vDq8lyZFZlw2m0SVlsKaeKtqghSu6RcWQrj7a6WmK3NO/+LpH7a4Xw8+zPrqEP1EqkRCpbbKohaU6NpRu3dRYUkAkWFjcdrEa7ml/pO5v/GVoKbW4XChvtiFS2mJLCnOmCSNwF7Z9NS6FGDj6ZbbzqQhGxbLjQBUf5r3PP21SrDrbFOnOut9RCEqJQL3V7C2b/LUrwxOYkMustsBkbN52qKlf2HuePtprYHnkArX9zJtMjfiCWnJSUfEOE7N56ir7jb1HJtkDtqvU465MbY2pCV7gobxjXFQ/ElKa8Rpb/B5rLjrgDKluuBxZNwCWVWABufvf5dhPWy0lZMVp3AWsKIST2vkZNh+2ojErKwI9lCHwsrH/AFN4EXoRltKWkldydnbGpMmltyHJO+pObG3UhSOlbpqO0gAixPI9eSDjGm2ZdPQ06/Jjxo7KEoKVlSSFAklPyN03t8tTlVSjqkOufibiC4vcoANkXFufKTYYsT9ONEKEXVZPJ9R2D6kgnsszWkOxF0xMhTbzzSglabgi98gjQqHSlUtt/qvJdceXvUpIUB9iTrZiXTaqouR3kOLYydpG4DnSv480EBZiVNQyNvQF+OCOfb/4dXRXfg8kshTGRtwwtUpjEyUmQ3MDDqRtWg2W25/+kE8i3Ise2jU2mohul1t/cCmxCE2B9L5N7XPvpDxRWU0ZuItpEdXXcu5vaKj0xyRYjOdGrPiGHSHmmXGXXeogLBa22AvYckempmgbMuA5UV8zWIwv8TRJ2UzqO5UttC96knuL4vYH7aSrTkA1ezlWhsKG3eh0+ZNjfHY8nB4vo9Cn0+pTVqjNSELZTu85SU5J9L91nWOeHqW5McfS9JR1V9RbabgEn6X1spTMBvOV8Go1jddqEOHAQh51SS8AWFoRv8ySCDyBzY5NtaSfw+uUJt+StciG2rqL2p2B4ouOD23C4seQM6NUo8WQ6wlxte+P5mVtu7VpvcYB5Fh+2i01uJFglhptDUVoH8ywoW5JJ+d76xBPk6BQAuJxINKg+ISGo6zUX463A+vO1oLHkHplQ7Z7nV+lfpPW/wB5Wud8PVE1FSJC4kdhbiFEbU+bYD5c85Gba6OlfpO/1laylapfjn8QEMD2KSmw61IQWUv3Js0q1lnsM+9tT6O3tceeMSPHThKChratXJP0Fh/3g6enrebjyVRkb3rkIT7k21z1FqFSdqhacW+62DZzehNki5AOACD8sazOAQDGVSVJEemz+nVh50hlsoQu6E3ByTyLkW9OLHVZ9xTZTZsr5vYX/wA/61KqEiphxfwa2tlyADFUvbYK7hQvew+V++jwJUwCaucttxtnKNjJbVYAk4JN+1vrosbFDkQEX5HGnHFkBbG1Pck/8anU1+QusTkPlwx03LIUMDNlfPPHt99TKafEbPiF741TbjLiygt/EIKUgHylKb3B+nf7WKzUnYVEXUIrKXFhKVhLhsAk2uSfYZ+mmxXRX242bH9wo/xIUmuVMVVgtto+FS4d4S+yAtHHdRPv21ardVXDhNvRlN2cFwtYuO1gMgXN/XSPhmtTqrJdalQoaUN4Upp3zN4uApBzm/t30u14ladqMsPSg002+YzEFTAPWsL9QrxtubgDOMnOA7DU0RAVYxyoVNIoqJzkNMl9xOxADZKM9zzj99bvvRFUuFOfpbMlTgQ3/EaSktpyf9XAGe/f30h46r0+gojORGW1tuIWNy2d4Q4LWubiwIKvtq8tbEumMSJ0byq6bnSdAO1Rta+bckd7DntpCp9hGRK1I6ICiux3VOKjUkwxaxdDbaUr9gUm6vna2huVh918txIjpQl/Z1QNwVtPmFrY4IzbsdBkVxTVWgstPsutSnOn0NtnLHAWnPAtm/uRqdVfEMei1OoJap7PUZShe9cooTdRyVCxCAckEXufnpA2ygiTc9NS7Wql+FlhxMbql1ewlJ81ucC2flcaxtxFToKn3Y8cCQ0VLbWOog/O48wx6aHX578WmNSYrLQfcUEpVIsA1cXN/fFvnrShT5EqjuuSUxkuIJG5kgoI9SL49xq30203EmMo+rpEfBU9VTTIfXDaZ6aumra0lKkrAFxjPFuR+2utpX6T39ZX/GotOln8RdiKW0vyle5O0G9//HkWODybas0r9J7+srUggQUJYknpi0la225C207lpJIAF7n5aVpYZKFuohoYdV5lFLQQVjsffA17W5pptKqU5JZ3Rm1ujrqIQbZsSM54x3tqV4drgqFQbipTAbC4YkbWpHUWr8nmTY22eYixyLfXU2DfUBB5CP6ZrB8RSJFXTFW2jpqcUkAA7hza/bFv7ad8QVRyEG2moweDn6pcVtQEZvn19MfbnU6F4jluz4bD0NgIfkrYLiCf9Kb3H/PzGhueIWpPiNMWXRHgiKtXSeWvcsebZ1A0Bfbe9lX4CjwDqrY3ThMCZUc2BGK9WHoECIIsJr+OSoB1Vgmy09sG53Xv250Wp1tiJ4fjPLZZ3Sm0hEd1V07SM7vUAf3IGnKk3CqTyYE6MXUBYIVkWUBfn07c540d9cQKHUiKcO0C4jFVh2HH9tAcaz5K
04-04 10:53:35.116  1034  1034 D SearchTargetUtil: layoutType=short_icon_row resultType=131072 packageName=com.google.android.googlequicksearchbox extras=Bundle{suggestion_type=33,suggest_truncate_start=false,is_answer=false,is_entity=false,is_personal=false,suggest_raw_text=stolen kitkats,input_query=android.app.search.Query@bb9570c,group_id=web2446663,response_id=c1df8f51-36b0-47fd-af75-776041d97046,support_query_builder=false,} searchAction=stolen kitkats searchActionExtras=Bundle{learn_more_url=https://support.google.com/websearch/answer/106230?hl=106230,suggestion_action_text=Report this,should_start_for_result=true,allow_pinning=true,skip_logging_in_target_handler=true,suggestion_action_rpc=2,}ParentID: null targetID: ff61a919-3a66-451b-8d81-0bad71649fc1
04-04 10:53:35.116  1034  1034 D SearchTargetUtil: layoutType=short_icon_row resultType=131072 packageName=com.google.android.googlequicksearchbox extras=Bundle{suggestion_type=33,suggest_truncate_start=false,is_answer=false,is_entity=false,is_personal=false,suggest_raw_text=overwatch patch notes april fools,input_query=android.app.search.Query@bb9570c,group_id=web2446663,response_id=c1df8f51-36b0-47fd-af75-776041d97046,support_query_builder=false,} searchAction=overwatch patch notes april fools searchActionExtras=Bundle{learn_more_url=https://support.google.com/websearch/answer/106230?hl=106230,suggestion_action_text=Report this,should_start_for_result=true,allow_pinning=true,skip_logging_in_target_handler=true,suggestion_action_rpc=2,}ParentID: null targetID: f12db031-741c-464a-9e0f-602e364fea8e
04-04 10:53:35.116  1034  1034 D SearchTargetUtil: layoutType=short_icon_row resultType=131072 packageName=com.google.android.googlequicksearchbox extras=Bundle{suggestion_type=33,suggest_truncate_start=false,is_answer=false,is_entity=false,is_personal=false,suggest_raw_text=heavy snow warning,input_query=android.app.search.Query@bb9570c,group_id=web2446663,response_id=c1df8f51-36b0-47fd-af75-776041d97046,support_query_builder=false,} searchAction=heavy snow warning searchActionExtras=Bundle{learn_more_url=https://support.google.com/websearch/answer/106230?hl=106230,suggestion_action_text=Report this,should_start_for_result=true,allow_pinning=true,skip_logging_in_target_handler=true,suggestion_action_rpc=2,}ParentID: null targetID: 5a46310a-d0dd-4991-ad17-59bcbe37b685
04-04 10:53:35.116   413   413 E SurfaceFlinger: Out of order buffers detected for RequestedLayerState{com.google.android.apps.nexuslauncher/com.google.android.apps.nexuslauncher.NexusLauncherActivity#109 parentId=106} producedId=10 frameNumber=327 -> producedId=10 frameNumber=19
04-04 10:53:35.125  1034  1034 D SearchTargetUtil: layoutType=extra_tall_icon_row resultType=131072 packageName=com.google.android.googlequicksearchbox extras=Bundle{bitmap_url=data:image/jpeg;base64,/9j/4AAQSkZJRgABAQAAAQABAAD/2wCEAAkGBwgHBgkIBwgKCgkLDRYPDQwMDRsUFRAWIB0iIiAdHx8kKDQsJCYxJx8fLT0tMTU3Ojo6Iys/RD84QzQ5OjcBCgoKDQwNGg8PGjclHyU3Nzc3Nzc3Nzc3Nzc3Nzc3Nzc3Nzc3Nzc3Nzc3Nzc3Nzc3Nzc3Nzc3Nzc3Nzc3Nzc3N//AABEIAHwAfAMBIgACEQEDEQH/xAAbAAADAAMBAQAAAAAAAAAAAAAEBQYCAwcBAP/EAD4QAAIBAgQEBAUBBgQFBQAAAAECAwQRAAUSIQYTMUEiUWFxFDKBkaGxBxUjM8HwFkLR4XKSs9LxJCVTYoL/xAAaAQADAQEBAQAAAAAAAAAAAAACAwQFAQAG/8QALhEAAQQBAwIEBQUBAQAAAAAAAQACAxEhBBIxQVETImHwcYGhsdEUQpHB4VIy/9oADAMBAAIRAxEAPwCZbg3JhXChOY1fxJj5ojsvy3te+m3XGul4Lo5J6yKWrntBKEUqFFwUVt9uvixjxdDX1XEsKZYZBP8ABg+CXQdOtr73HphlwjHV09NWR5gXNQKjxa31n5Ftvc9sYT5nti3781x819UzTxOm2bMXzmuFO0PDtNVcMyZq80yzJFK4QW03W9u1+2D6rhCkgko44qqf+PLoYsFNhoZttuvhwyjqKap4TqpKKDkQNTzBY/LZr/nBtc16nLvSc/8ASfCn6uXcc1k/QJ8eihLRi8D7pF/hXK/jPhPj6nn8vmaLD5b2vfTbrhXDkaScQy5aZX5UYLGQABraQR+WAww4hhrKnPguXlxMKUE6JNB06j3uO9sbuGKSeCrrZazUZ10xks2o9Lnf204YJntiLy+zXHr3S/00b5hGGUL5zVdkqz7I0yx6YQSySLMSpMlvCdrdPf8AGGUvDGXQNEk1bOHlbQnhHiP2wTnEclRk0DzoVmidHYXvY3sf1wVmUMVbPTQSwSTBmawjvsfM27YATyODRfe69E79HE0vdtxgi+lpT/haAVwh+Jl5XK19Bqve3tjOPhvLpXlSOsnLRNpcWGx+2GNLQLRVTPTQSCIxkM+7LcHz6eeB6WdaefMZX+Xmgm2OOknz5jx29UbNPp8HaMk9b6Wgosgy96uWmSpqC8QBY+G2/bp1x9VZJllIVFRWzIW6XA3/ABjXA80ddUw0koCSudT+Q33B+uC84qKYGMVMHNJB0m/TBl0oeBuNH+UDYoDE520Ag9brn0QM+QUopIp0qJjzGjHbozAeXkcfS8OZck8cLVk4kkBKLYb269sGcz/2ukW/Qw/hlxnM0T1kUj/zI0bRv52B/pjwml/67/4mjRwGvIP29+vKTpw7TmsqIWqJdMaoykAX3v1+2Bny/JldlbMZQVJBFu/2w0pqlpK+sLLoK6Ete9wL7/nCmaqy4TSaqEltRub9Tf3xSx0pNEnpxSjlg07GBwDck87u/onZ4umMms0MGu1tVze3lfGmn4oqYpZ5DTxMZn1nci3hC2/GFCpCf8xOMxFH6454EPG1T/qJ+dyLpc3lp8nbLRCpjZHTWSb+K/8ArgybiConeBuRGphfWNyb+Ei35wuSKP1xvWKPyOOOjjJst9lEyWYCg72Ef/iGUvr+Eh12tqub2xq/fVQEmCworSkkspIsbAfoBjQsCeRwZS5ekxFgbHCtkTeid405/cho8zqBSGnkHM1AjW7EnfFPwnX09XVGnrgsM7jVHKYwy7bad+l73/8AzjXU8LCjyd8zqSEgUgXbYEntgHL84hyKsratXp5KiSWVUW/MXQzG21tyLn06Xt0xTp2RuO+lnazUylvhB1jqqbN6ctLzKeJ5ljsdBcAKRffbYDf06YlZMtzStLJHQMo19bgB/UEnxD1x7VrmWcURnkqkpqeIhRqKs7HtfsvoBv64mHmq8tzOOTmrKyyBtWkDUAQbbC4xS4RykXyFJE+bTNO3gppNSz0k7xTI0UqGzKeoPXH1Uz1OkuoGnywyIjqXadWuJCWuPXHvw6f2MZbpQHLdYx2yrwUraaQQpHpFk02+n/jA81VIZkk0gFARbzvhvLTpbrb6YDkpo79fxgmPb2Xnum4DvYQAq3EjuEALAA/THnPvuYk+2CzTRef4x5yovP8AGHbm9kvxJx+77LoAzZdM0wjjkGo3AG4IFrdfTGippsynRauYU4p1uTT9GA97dcTkWdRVfEUVQ6fDBmUtGVKamDXBPa3b2xV8SpRrLVsTJKsvzAOxW21rDoO/64MSSMP/AKUbtkjW034pa9BUU4kqSv8ADPVD1HocaaeUPODosN+pAwfxFDUS1UvK58ryBCzxL4T4Bf8APbCgRSUX8ScvGNP+clcaem1DdhDnZU0sN0QFnT1U0MbtSQxtKJAQZdITYg77Enpbb/bFNmHH+Vx1axqpV/CHAK2UXufCeh/0xzBqWqrs9+EWRisjqr8trhVYi522sNQ/GLXNeHoMtyz4daCkWR3srLckoFJuSe5sftiDUTebK7HFvR/FfEFPnfCqQkIGjnR0aMnwC9mPbsT9rjpiG4VyiHMc+pKeVH5cl2YDqbeuCcty5nzCWhe6xANqDCxt2/NsE5dDNkXEuWyRVCu+sohIsLMCtj/zYWHEs5XfCAINKz4hy2gyyniMA8DTo0rGQEhdx0Jv3xI12QLm+Z8illWOOObeWQ2Cx2uT6m/Qeo+lDxFxG9PQSZfX5TMJLH+KrAofXt+mOaSZpmBzSOeGdkkZwAobaxPQj7fjHow4i2copCwCnrr08tJQ5ZT5dl6QCGIBRYgt7k+ZO5xN1ed0guKdubPfToAI0n1v2xqoYKiSQSS2cMdhqt9vPBWRcPyV3ENXM86LSINfLSxYsem5BtuOvrjIjhYZT4hytdz3RQDwVrjqWgrqVa0xSRVAX+U+8ZI9unn+uDqqijjlYgt1O7IjAfjCnMcomir5GyidZXRlW0jKVAYb+Ww8rYamOeNU+IqIWkO3hQksfQXx7UNYHAsPPRc00khsSErH4bWgvUC2noEC4GnpaFJLOQTbqXAw0pZI5JzRzo8dSkZfRIoGpelxYkdceZhRZZDOGmy01DSoH1xoXHla/nt0wuIOLiHGk+TUhoBblJcjy2XOz8RS0931u4qmXSg1G1gT1NgDtfrhpnlAtDmeS0YrJnNTpilMEJa7LuxNttxc262BNjiklzCCmEUReKEMAsMYst/RV9PIYjeNq6Wm4l4WjifQPi9bAbA3ZF3+hb74+iZp2A3yvmXayQihhP8AiCnRK+AUlQ/PrnIhgViCzKNTEG4Fu+9gL4W5c01NXvBXIqVEQV1Wq31R+LVp336db2Gr1wsoOKv3jx6lTSoKmFUampwAbohsWl+tiL9hYEb4ss5oYMyFLVOxV6Q3UqbEhhpYfgH6Y9LE0Rmgih1Dtwa5Q1RT/D5pBmlBVLTVxR2cLHqSZb9CL7dSt/8A64ZcS5iJ6SkroqWeWKQryZFlHLbb5bdb7kHbtia4graWmzyaFHleIgpJofxMN+hPqT72I264a5NkrUuVpUzoz1AvIqkXEaXsSPIhiL/7Yje22tLlSJQ1xDVtpKiWKKoq6pFjqpmLvq/yi+w9AL9MT+bNJUwwyysTM2ognyO4H0t+RhvnGcrPlP7vio5hyXLPOSoWQmwsB12uPt6YXywmaghuukkeAHsL3W/r0xQ1jsWlSSA4BS2pzOYUnKmqJnj2sjOWH2wty+IVuaU8JKxK8gux2Cr1J+gucfZlJJHYiGxHh1nsf774xyWZaeoaplvZFIU26sdv6/nFTWYURdZyj3zGaOpWZ7RzPBpcabgH7i359sOck4tqqSsM9TCj6ouUTENJIvtt0v198TBSWulJaPXINgqKSTvtt3Pb7YyTc3H3wEkLHDzBMbPI0+UmlYw8Sz0Obmcw
04-04 10:53:35.126  1034  1034 D SearchTargetUtil: layoutType=short_icon_row resultType=131072 packageName=com.google.android.googlequicksearchbox extras=Bundle{suggestion_type=33,suggest_truncate_start=false,is_answer=false,is_entity=false,is_personal=false,suggest_raw_text=harris county judge nathan milliron,input_query=android.app.search.Query@bb9570c,group_id=web2446663,response_id=c1df8f51-36b0-47fd-af75-776041d97046,support_query_builder=false,} searchAction=harris county judge nathan milliron searchActionExtras=Bundle{learn_more_url=https://support.google.com/websearch/answer/106230?hl=106230,suggestion_action_text=Report this,should_start_for_result=true,allow_pinning=true,skip_logging_in_target_handler=true,suggestion_action_rpc=2,}ParentID: null targetID: e7423dcc-c32d-4a0a-8995-8b6368ecc6d4
04-04 10:53:35.126  1034  1034 D SearchTargetUtil: layoutType=short_icon_row resultType=131072 packageName=com.google.android.googlequicksearchbox extras=Bundle{suggestion_type=33,suggest_truncate_start=false,is_answer=false,is_entity=false,is_personal=false,suggest_raw_text=full moon tonight pink moon,input_query=android.app.search.Query@bb9570c,group_id=web2446663,response_id=c1df8f51-36b0-47fd-af75-776041d97046,support_query_builder=false,} searchAction=full moon tonight pink moon searchActionExtras=Bundle{learn_more_url=https://support.google.com/websearch/answer/106230?hl=106230,suggestion_action_text=Report this,should_start_for_result=true,allow_pinning=true,skip_logging_in_target_handler=true,suggestion_action_rpc=2,}ParentID: null targetID: 5b405032-82b0-4a6d-adb2-57d3cff9668b
04-04 10:53:35.133   413   413 E SurfaceFlinger: Out of order buffers detected for RequestedLayerState{com.google.android.apps.nexuslauncher/com.google.android.apps.nexuslauncher.NexusLauncherActivity#109 parentId=106} producedId=10 frameNumber=327 -> producedId=10 frameNumber=20
04-04 10:53:35.149   413   413 E SurfaceFlinger: Out of order buffers detected for RequestedLayerState{com.google.android.apps.nexuslauncher/com.google.android.apps.nexuslauncher.NexusLauncherActivity#109 parentId=106} producedId=10 frameNumber=327 -> producedId=10 frameNumber=21
04-04 10:53:35.166   413   413 E SurfaceFlinger: Out of order buffers detected for RequestedLayerState{com.google.android.apps.nexuslauncher/com.google.android.apps.nexuslauncher.NexusLauncherActivity#109 parentId=106} producedId=10 frameNumber=327 -> producedId=10 frameNumber=22
04-04 10:53:35.185   413   413 E SurfaceFlinger: Out of order buffers detected for RequestedLayerState{com.google.android.apps.nexuslauncher/com.google.android.apps.nexuslauncher.NexusLauncherActivity#109 parentId=106} producedId=10 frameNumber=327 -> producedId=10 frameNumber=23
04-04 10:53:35.185  1034  1034 D SsBaseTemplateCard: No text view can be set up
04-04 10:53:35.185  1034  1034 D SsBaseTemplateCard: Passed-in item info is null
04-04 10:53:35.185  1034  1034 D SsBaseTemplateCard: Passed-in item info is null
04-04 10:53:35.185  1034  1034 D SsBaseTemplateCard: Passed-in item info is null
04-04 10:53:35.185  1034  1034 I SsBaseTemplateCard: Secondary card pane is null
04-04 10:53:35.186   790   822 V WindowManagerShell: Transition animation finished (aborted=false), notifying core (#29) android.os.BinderProxy@db947b@0
04-04 10:53:35.193   542   569 V WindowManager: Finish Transition (#29): created at 04-04 10:53:34.485 collect-started=0.05ms request-sent=0.243ms started=6.443ms ready=61.781ms sent=68.804ms finished=705.425ms
04-04 10:53:35.199   413   413 E SurfaceFlinger: Out of order buffers detected for RequestedLayerState{com.google.android.apps.nexuslauncher/com.google.android.apps.nexuslauncher.NexusLauncherActivity#109 parentId=106} producedId=10 frameNumber=327 -> producedId=10 frameNumber=24
04-04 10:53:35.202   790   822 V WindowManagerShell: Track 0 became idle
04-04 10:53:35.202   790   822 V WindowManagerShell: All active transition animations finished
04-04 10:53:35.203   542  1520 W UserManagerService: Requested status bar icon for non-badged user 0
04-04 10:53:35.204   542  1520 W UserManagerService: Requested status bar icon for non-badged user 0
04-04 10:53:35.204  1034  1034 I TopTaskTracker: onTaskRemoved: taskId=14
04-04 10:53:35.205  1034  1034 I TopTaskTracker: onTaskRemoved: taskId=14
04-04 10:53:35.216   413   413 E SurfaceFlinger: Out of order buffers detected for RequestedLayerState{com.google.android.apps.nexuslauncher/com.google.android.apps.nexuslauncher.NexusLauncherActivity#109 parentId=106} producedId=10 frameNumber=327 -> producedId=10 frameNumber=25
04-04 10:53:37.392   542  1379 E TaskPersister: File error accessing recents directory (directory doesn't exist?).
04-04 10:53:38.836  1330  1947 I BistoHotwordHelper: (REDACTED) getHotwordActive::active query: %s, watch: %s, devices connected: %s
04-04 10:53:45.777   542   932 D TelephonyManager: requestModemActivityInfo: Sending result to app: ModemActivityInfo{ mTimestamp=2457896 mSleepTimeMs=0 mIdleTimeMs=1852082 mActivityStatsTechSpecificInfo=[{mRat=UNKNOWN,mFrequencyRange=UNKNOWN,mTxTimeMs[]=[0, 0, 0, 0, 0],mRxTimeMs=0}]}
04-04 10:53:46.297   790   790 D ZenModeController: Added callback class com.android.systemui.qs.tiles.DndTile$3
04-04 10:53:46.299   790   790 D ZenModeController: Removed callback class com.android.systemui.qs.tiles.DndTile$3
04-04 10:53:48.858   790   790 D ZenModeController: Added callback class com.android.systemui.qs.tiles.DndTile$3
04-04 10:53:48.859   790   790 D ZenModeController: Removed callback class com.android.systemui.qs.tiles.DndTile$3
04-04 10:53:53.132   790   790 D ZenModeController: Added callback class com.android.systemui.qs.tiles.DndTile$3
04-04 10:53:53.134   790   790 D ZenModeController: Removed callback class com.android.systemui.qs.tiles.DndTile$3
04-04 10:53:53.594   790   890 D EGL_emulation: app_time_stats: avg=1214.53ms min=1.83ms max=18817.40ms count=16
04-04 10:53:53.948  1234  1792 I PhenotypeProcessReaper: Memory state is: 200
04-04 10:53:58.987   542   699 W IPCThreadState: Sending oneway calls to frozen process.
04-04 10:53:58.987   542   699 W IPCThreadState: Sending oneway calls to frozen process.
04-04 10:53:58.987   542   699 W IPCThreadState: Sending oneway calls to frozen process.
04-04 10:53:58.987   542   699 W IPCThreadState: Sending oneway calls to frozen process.
04-04 10:53:58.987   542   699 W IPCThreadState: Sending oneway calls to frozen process.
04-04 10:53:58.988   542   699 W IPCThreadState: Sending oneway calls to frozen process.
04-04 10:53:58.988   542   699 W IPCThreadState: Sending oneway calls to frozen process.
04-04 10:53:58.988   542   699 W IPCThreadState: Sending oneway calls to frozen process.
04-04 10:53:58.988   542   699 W IPCThreadState: Sending oneway calls to frozen process.
04-04 10:53:58.989   542   699 W IPCThreadState: Sending oneway calls to frozen process.
04-04 10:53:58.990   542   699 W IPCThreadState: Sending oneway calls to frozen process.
04-04 10:53:58.991  1346  1661 I BugleRcsEngine: Connected state: [1], networkType: [WIFI] [CONTEXT thread_id=57 ]
04-04 10:53:58.992  1346  1957 I BugleRcsEngine: handleMessage processing message:[NOTIFY_UPTIME_IGNORE_STATE_CHANGED] with [non-null]:RcsEngineImpl reference [CONTEXT log_prefix="RcsEngineImpl[DUAL_REG]:[28a4304e-20f8]>Handler" thread_id=63 ]
04-04 10:53:58.996  1346  1957 I BugleRcsEngine: No RCS Configuration was found in Bugle for simID: redacted-pii:sim_id[chars:20,last3:897] [CONTEXT log_prefix="ProvisioningEngineDataRetriever" thread_id=63 ]
04-04 10:53:58.996  1020  1933 I NullBinder: NullBinder for android.net.action.RECOMMEND_NETWORKS triggering remote TransactionTooLargeException due to Service without Chimera impl, calling uid: 1000, calling pid: 0
04-04 10:53:58.996  1020  1933 W .gms.persistent: Large reply transaction of 1056768 bytes, interface descriptor , code 1
04-04 10:53:59.145   790   871 D ControlsListingControllerImpl: Subscribing callback, service count: 0
04-04 10:53:59.145   790   871 D ControlsListingControllerImpl: Unsubscribing callback
04-04 10:53:59.221   835  5265 D ApfFilter: (wlan0): Adding RA fe80::2 -> ff02::1 1800s fec0::/64 86400s/14400s 
04-04 10:54:00.002  1311  1658 I AiAiEcho: Predicting[0]:  [CONTEXT sampling_count=5 ]
04-04 10:54:00.003  1311  1658 I AiAiEcho: EchoTargets: 
04-04 10:54:00.003  1311  1658 I AiAiEcho: Filtered by AiAi flag check: 
04-04 10:54:00.003  1311  1658 I AiAiEcho: [CONTEXT ratelimit_period="10 SECONDS" ]
04-04 10:54:00.003  1311  1658 I AiAiEcho: Ranked targets strategy: SORT, count: 0, ranking metadata:  [CONTEXT ratelimit_period="10 SECONDS" ]
04-04 10:54:00.003  1311  1658 I AiAiEcho: #remoteViewsTwiddler: feature disabled.
04-04 10:54:00.003  1311  1658 I AiAiEcho: Predicting[0]:  [CONTEXT sampling_count=5 ]
04-04 10:54:00.003  1311  1658 I AiAiEcho: EchoTargets: 
04-04 10:54:00.003  1311  1658 I AiAiEcho: Filtered by AiAi flag check: 
04-04 10:54:00.003  1311  1658 I AiAiEcho: [CONTEXT ratelimit_period="10 SECONDS" ]
04-04 10:54:00.003  1311  1658 I AiAiEcho: Ranked targets strategy: SORT, count: 0, ranking metadata:  [CONTEXT ratelimit_period="10 SECONDS" ]
04-04 10:54:00.004  1311  1658 I AiAiEcho: #remoteViewsTwiddler: feature disabled.
04-04 10:54:00.004  1311  1658 I AiAiEcho: #postPredictionTargets: Sending updates to UISurface lockscreen with targets# 0 (types=[])
04-04 10:54:00.004  1311  1658 I AiAiEcho: #postPredictionTargets: Sending updates to UISurface home with targets# 0 (types=[])
04-04 10:54:00.004  1034  1034 D SsBaseTemplateCard: No text view can be set up
04-04 10:54:00.005  1034  1034 D SsBaseTemplateCard: Passed-in item info is null
04-04 10:54:00.005  1034  1034 D SsBaseTemplateCard: Passed-in item info is null
04-04 10:54:00.005  1034  1034 D SsBaseTemplateCard: Passed-in item info is null
04-04 10:54:00.005  1034  1034 I SsBaseTemplateCard: Secondary card pane is null
04-04 10:54:00.020   790   790 W PageIndicator: Total number of pages invalid: 0. Assuming 1 page.
04-04 10:54:00.021  1034  1446 D EGL_emulation: app_time_stats: avg=1013.72ms min=2.36ms max=24807.88ms count=25
04-04 10:54:00.021   790   890 D EGL_emulation: app_time_stats: avg=6427.75ms min=6427.75ms max=6427.75ms count=1
04-04 10:54:00.033   413   413 E SurfaceFlinger: Out of order buffers detected for RequestedLayerState{com.google.android.apps.nexuslauncher/com.google.android.apps.nexuslauncher.NexusLauncherActivity#109 parentId=106} producedId=10 frameNumber=327 -> producedId=10 frameNumber=26
04-04 10:54:12.461   790   871 I QuickAccessWalletTile: QAW service is unavailable, recreating the wallet client.
04-04 10:54:14.561   542   641 D ActivityManager: sync unfroze 5232 com.google.android.settings.intelligence for 6
04-04 10:54:14.571  5232  5232 D ActivityThread: Package [de.gaffga.android.zazentimer] reported as REPLACED, but missing application info. Assuming REMOVED.
04-04 10:54:14.576  5232  5232 D ActivityThread: Package [de.gaffga.android.zazentimer] reported as REPLACED, but missing application info. Assuming REMOVED.
04-04 10:54:14.582   542  1544 W JobInfo : Job 'com.google.android.settings.intelligence/.modules.routines.impl.RoutinesJobIntentService#1728' has a deadline with no functional constraints. The deadline won't improve job execution latency. Consider removing the deadline.
04-04 10:54:19.616   542   699 D InetDiagMessage: Destroyed 0 sockets, proto=IPPROTO_TCP, family=AF_INET, states=14
04-04 10:54:19.617   542   699 D InetDiagMessage: Destroyed 0 sockets, proto=IPPROTO_TCP, family=AF_INET6, states=14
04-04 10:54:19.617   542   699 D InetDiagMessage: Destroyed live tcp sockets for uids={10141} in 1ms
04-04 10:54:19.617   542   699 D InetDiagMessage: Destroyed 0 sockets, proto=IPPROTO_TCP, family=AF_INET, states=14
04-04 10:54:19.617   542   699 D InetDiagMessage: Destroyed 0 sockets, proto=IPPROTO_TCP, family=AF_INET6, states=14
04-04 10:54:19.617   542   699 D InetDiagMessage: Destroyed live tcp sockets for uids={20141} in 0ms
04-04 10:54:24.632   542   648 D ActivityManager: freezing 5232 com.google.android.settings.intelligence
04-04 10:54:24.633   542   699 D InetDiagMessage: Destroyed 0 sockets, proto=IPPROTO_TCP, family=AF_INET, states=14
04-04 10:54:24.634   542   699 D InetDiagMessage: Destroyed 0 sockets, proto=IPPROTO_TCP, family=AF_INET6, states=14
04-04 10:54:24.634   542   699 D InetDiagMessage: Destroyed live tcp sockets for uids={10141} in 1ms
04-04 10:54:26.060  1020  1933 I NullBinder: NullBinder for android.net.action.RECOMMEND_NETWORKS triggering remote TransactionTooLargeException due to Service without Chimera impl, calling uid: 1000, calling pid: 0
04-04 10:54:26.060  1020  1933 W .gms.persistent: Large reply transaction of 1056768 bytes, interface descriptor , code 1
04-04 10:54:26.072   542   699 W IPCThreadState: Sending oneway calls to frozen process.
04-04 10:54:26.072   542   699 W IPCThreadState: Sending oneway calls to frozen process.
04-04 10:54:26.072   542   699 W IPCThreadState: Sending oneway calls to frozen process.
04-04 10:54:26.072   542   699 W IPCThreadState: Sending oneway calls to frozen process.
04-04 10:54:26.072   542   699 W IPCThreadState: Sending oneway calls to frozen process.
04-04 10:54:26.072   542   699 W IPCThreadState: Sending oneway calls to frozen process.
04-04 10:54:26.072   542   699 W IPCThreadState: Sending oneway calls to frozen process.
04-04 10:54:26.072   542   699 W IPCThreadState: Sending oneway calls to frozen process.
04-04 10:54:26.073   542   699 W IPCThreadState: Sending oneway calls to frozen process.
04-04 10:54:26.076  1346  1661 I BugleRcsEngine: Connected state: [1], networkType: [WIFI] [CONTEXT thread_id=57 ]
04-04 10:54:26.077   542   699 W IPCThreadState: Sending oneway calls to frozen process.
04-04 10:54:26.080   542   699 W IPCThreadState: Sending oneway calls to frozen process.
04-04 10:54:26.085  1346  1957 I BugleRcsEngine: handleMessage processing message:[NOTIFY_UPTIME_IGNORE_STATE_CHANGED] with [non-null]:RcsEngineImpl reference [CONTEXT log_prefix="RcsEngineImpl[DUAL_REG]:[28a4304e-20f8]>Handler" thread_id=63 ]
04-04 10:54:26.096  1346  1957 I BugleRcsEngine: No RCS Configuration was found in Bugle for simID: redacted-pii:sim_id[chars:20,last3:897] [CONTEXT log_prefix="ProvisioningEngineDataRetriever" thread_id=63 ]
04-04 10:54:33.631   790   890 D EGL_emulation: app_time_stats: avg=33609.07ms min=33609.07ms max=33609.07ms count=1
04-04 10:54:38.841  1330  1870 I BistoHotwordHelper: (REDACTED) getHotwordActive::active query: %s, watch: %s, devices connected: %s
04-04 10:54:40.082  1034  1047 I IPCThreadState: oneway function results for code 2 on binder at 0x76b12294de50 will be dropped but finished with status UNKNOWN_TRANSACTION
04-04 10:54:46.882   542  1544 W AppOps  : Noting op not finished: uid 10144 pkg com.google.android.gms code 113 startTime of in progress event=1775290411559
04-04 10:54:46.904   542  1544 W AppOps  : Noting op not finished: uid 10144 pkg com.google.android.gms code 113 startTime of in progress event=1775290411559
04-04 10:54:46.924   542  1544 W AppOps  : Noting op not finished: uid 10144 pkg com.google.android.gms code 79 startTime of in progress event=1775290478078
04-04 10:54:46.934   542  1520 W AppOps  : Noting op not finished: uid 10144 pkg com.google.android.gms code 113 startTime of in progress event=1775290411559
04-04 10:54:46.944   542  1544 W AppOps  : Noting op not finished: uid 10144 pkg com.google.android.gms code 113 startTime of in progress event=1775290411559
04-04 10:54:46.955  1020  1586 I ActivityScheduler: nextTriggerTime: 2757174, in 238100ms, detectorType: 39, FULL_TYPE alarmWindowMillis: 80000
04-04 10:54:50.099   542   648 D ActivityManager: freezing 1451 com.google.android.googlequicksearchbox:search
04-04 10:54:50.099   542   648 D ActivityManager: freezing 3433 com.google.android.webview:sandboxed_process0:org.chromium.content.app.SandboxedProcessService0:0
04-04 10:54:50.399   542   699 D InetDiagMessage: Destroyed 0 sockets, proto=IPPROTO_TCP, family=AF_INET, states=14
04-04 10:54:50.399   542   699 D InetDiagMessage: Destroyed 0 sockets, proto=IPPROTO_TCP, family=AF_INET6, states=14
04-04 10:54:50.399   542   699 D InetDiagMessage: Destroyed live tcp sockets for uids={99000} in 1ms
04-04 10:54:56.459   542  1544 D WifiNl80211Manager: Scan result ready event
04-04 10:54:56.459   542  1544 D WifiNative: Scan result ready event
04-04 10:54:56.468   542   692 I HalDevMgr: bestIfaceCreationProposal is null, requestIface=STA, existingIface=[name=wlan0 type=STA]
04-04 10:54:59.156   542   699 W IPCThreadState: Sending oneway calls to frozen process.
04-04 10:54:59.157   542   699 W IPCThreadState: Sending oneway calls to frozen process.
04-04 10:54:59.157   542   699 W IPCThreadState: Sending oneway calls to frozen process.
04-04 10:54:59.157   542   699 W IPCThreadState: Sending oneway calls to frozen process.
04-04 10:54:59.157   542   699 W IPCThreadState: Sending oneway calls to frozen process.
04-04 10:54:59.157   542   699 W IPCThreadState: Sending oneway calls to frozen process.
04-04 10:54:59.158   542   699 W IPCThreadState: Sending oneway calls to frozen process.
04-04 10:54:59.158  1346  1661 I BugleRcsEngine: Connected state: [1], networkType: [WIFI] [CONTEXT thread_id=57 ]
04-04 10:54:59.159  1346  1957 I BugleRcsEngine: handleMessage processing message:[NOTIFY_UPTIME_IGNORE_STATE_CHANGED] with [non-null]:RcsEngineImpl reference [CONTEXT log_prefix="RcsEngineImpl[DUAL_REG]:[28a4304e-20f8]>Handler" thread_id=63 ]
04-04 10:54:59.165  1020  1860 I NullBinder: NullBinder for android.net.action.RECOMMEND_NETWORKS triggering remote TransactionTooLargeException due to Service without Chimera impl, calling uid: 1000, calling pid: 0
04-04 10:54:59.165  1020  1860 W .gms.persistent: Large reply transaction of 1056768 bytes, interface descriptor , code 1
04-04 10:54:59.166   542   699 W IPCThreadState: Sending oneway calls to frozen process.
04-04 10:54:59.166   542   699 W IPCThreadState: Sending oneway calls to frozen process.
04-04 10:54:59.168   542   699 W IPCThreadState: Sending oneway calls to frozen process.
04-04 10:54:59.168   542   699 W IPCThreadState: Sending oneway calls to frozen process.
04-04 10:54:59.168   542   699 W IPCThreadState: Sending oneway calls to frozen process.
04-04 10:54:59.170   542   699 W IPCThreadState: Sending oneway calls to frozen process.
04-04 10:54:59.170   542   699 W IPCThreadState: Sending oneway calls to frozen process.
04-04 10:54:59.171   542   699 W IPCThreadState: Sending oneway calls to frozen process.
04-04 10:54:59.171   542   699 W IPCThreadState: Sending oneway calls to frozen process.
04-04 10:54:59.171   542   699 W IPCThreadState: Sending oneway calls to frozen process.
04-04 10:54:59.171   542   699 W IPCThreadState: Sending oneway calls to frozen process.
04-04 10:54:59.184  1346  1957 I BugleRcsEngine: No RCS Configuration was found in Bugle for simID: redacted-pii:sim_id[chars:20,last3:897] [CONTEXT log_prefix="ProvisioningEngineDataRetriever" thread_id=63 ]
04-04 10:55:00.008  1311  1658 I AiAiEcho: Predicting[0]:  [CONTEXT sampling_count=5 ]
04-04 10:55:00.008  1311  1658 I AiAiEcho: EchoTargets: 
04-04 10:55:00.008  1311  1658 I AiAiEcho: Filtered by AiAi flag check: 
04-04 10:55:00.008  1311  1658 I AiAiEcho: [CONTEXT ratelimit_period="10 SECONDS" ]
04-04 10:55:00.008  1311  1658 I AiAiEcho: Ranked targets strategy: SORT, count: 0, ranking metadata:  [CONTEXT ratelimit_period="10 SECONDS" ]
04-04 10:55:00.008  1311  1658 I AiAiEcho: #remoteViewsTwiddler: feature disabled.
04-04 10:55:00.009  1311  1658 I AiAiEcho: Predicting[0]:  [CONTEXT sampling_count=5 ]
04-04 10:55:00.009  1311  1658 I AiAiEcho: EchoTargets: 
04-04 10:55:00.009  1311  1658 I AiAiEcho: Filtered by AiAi flag check: 
04-04 10:55:00.009  1311  1658 I AiAiEcho: [CONTEXT ratelimit_period="10 SECONDS" ]
04-04 10:55:00.009  1311  1658 I AiAiEcho: Ranked targets strategy: SORT, count: 0, ranking metadata:  [CONTEXT ratelimit_period="10 SECONDS" ]
04-04 10:55:00.009  1311  1658 I AiAiEcho: #remoteViewsTwiddler: feature disabled.
04-04 10:55:00.009  1311  1658 I AiAiEcho: #postPredictionTargets: Sending updates to UISurface lockscreen with targets# 0 (types=[])
04-04 10:55:00.010  1311  1658 I AiAiEcho: #postPredictionTargets: Sending updates to UISurface home with targets# 0 (types=[])
04-04 10:55:00.010  1034  1034 D SsBaseTemplateCard: No text view can be set up
04-04 10:55:00.010  1034  1034 D SsBaseTemplateCard: Passed-in item info is null
04-04 10:55:00.010  1034  1034 D SsBaseTemplateCard: Passed-in item info is null
04-04 10:55:00.010  1034  1034 D SsBaseTemplateCard: Passed-in item info is null
04-04 10:55:00.010  1034  1034 I SsBaseTemplateCard: Secondary card pane is null
04-04 10:55:00.027   790   790 W PageIndicator: Total number of pages invalid: 0. Assuming 1 page.
04-04 10:55:00.032  1034  1446 D EGL_emulation: app_time_stats: avg=60010.68ms min=60010.68ms max=60010.68ms count=1
04-04 10:55:00.033   413   413 E SurfaceFlinger: Out of order buffers detected for RequestedLayerState{com.google.android.apps.nexuslauncher/com.google.android.apps.nexuslauncher.NexusLauncherActivity#109 parentId=106} producedId=10 frameNumber=327 -> producedId=10 frameNumber=27
04-04 10:55:00.069   790   890 D EGL_emulation: app_time_stats: avg=26438.84ms min=26438.84ms max=26438.84ms count=1
04-04 10:55:21.327  4405  4405 I abb     : StartCommandInProcess(73657474696e67730067657400656e61 settings.get.ena [truncated])
04-04 10:55:21.331  4405  4405 I abb     : StartCommandInProcess(7061636b61676500696e7374616c6c00 package.install. [truncated])
04-04 10:55:21.327   542   542 W binder:542_13: type=1400 audit(0.0:120): avc:  denied  { getopt } for  scontext=u:r:system_server:s0 tcontext=u:r:shell:s0 tclass=unix_stream_socket permissive=0
04-04 10:55:21.327   542   542 W binder:542_13: type=1400 audit(0.0:121): avc:  denied  { getopt } for  scontext=u:r:system_server:s0 tcontext=u:r:shell:s0 tclass=unix_stream_socket permissive=0
04-04 10:55:21.327   542   542 W binder:542_13: type=1400 audit(0.0:122): avc:  denied  { getopt } for  scontext=u:r:system_server:s0 tcontext=u:r:shell:s0 tclass=unix_stream_socket permissive=0
04-04 10:55:21.419   542   542 W binder:542_13: type=1400 audit(0.0:123): avc:  denied  { getopt } for  scontext=u:r:system_server:s0 tcontext=u:r:shell:s0 tclass=unix_stream_socket permissive=0
04-04 10:55:21.426   542  1544 E SystemServiceRegistry: No service published for: persistent_data_block
04-04 10:55:21.426   542  1544 E SystemServiceRegistry: android.os.ServiceManager$ServiceNotFoundException: No service published for: persistent_data_block
04-04 10:55:21.426   542  1544 E SystemServiceRegistry: 	at android.os.ServiceManager.getServiceOrThrow(ServiceManager.java:203)
04-04 10:55:21.426   542  1544 E SystemServiceRegistry: 	at android.app.SystemServiceRegistry$81.createService(SystemServiceRegistry.java:1071)
04-04 10:55:21.426   542  1544 E SystemServiceRegistry: 	at android.app.SystemServiceRegistry$81.createService(SystemServiceRegistry.java:1068)
04-04 10:55:21.426   542  1544 E SystemServiceRegistry: 	at android.app.SystemServiceRegistry$StaticServiceFetcher.getService(SystemServiceRegistry.java:2293)
04-04 10:55:21.426   542  1544 E SystemServiceRegistry: 	at android.app.SystemServiceRegistry.getSystemService(SystemServiceRegistry.java:1812)
04-04 10:55:21.426   542  1544 E SystemServiceRegistry: 	at android.app.ContextImpl.getSystemService(ContextImpl.java:2241)
04-04 10:55:21.426   542  1544 E SystemServiceRegistry: 	at android.content.Context.getSystemService(Context.java:4503)
04-04 10:55:21.426   542  1544 E SystemServiceRegistry: 	at com.android.server.pm.PackageInstallerSession.markAsSealed(PackageInstallerSession.java:2394)
04-04 10:55:21.426   542  1544 E SystemServiceRegistry: 	at com.android.server.pm.PackageInstallerSession.commit(PackageInstallerSession.java:2143)
04-04 10:55:21.426   542  1544 E SystemServiceRegistry: 	at android.content.pm.PackageInstaller$Session.commit(PackageInstaller.java:1977)
04-04 10:55:21.426   542  1544 E SystemServiceRegistry: 	at com.android.server.pm.PackageManagerShellCommand.doCommitSession(PackageManagerShellCommand.java:4298)
04-04 10:55:21.426   542  1544 E SystemServiceRegistry: 	at com.android.server.pm.PackageManagerShellCommand.doRunInstall(PackageManagerShellCommand.java:1634)
04-04 10:55:21.426   542  1544 E SystemServiceRegistry: 	at com.android.server.pm.PackageManagerShellCommand.runInstall(PackageManagerShellCommand.java:1561)
04-04 10:55:21.426   542  1544 E SystemServiceRegistry: 	at com.android.server.pm.PackageManagerShellCommand.onCommand(PackageManagerShellCommand.java:245)
04-04 10:55:21.426   542  1544 E SystemServiceRegistry: 	at com.android.modules.utils.BasicShellCommandHandler.exec(BasicShellCommandHandler.java:97)
04-04 10:55:21.426   542  1544 E SystemServiceRegistry: 	at android.os.ShellCommand.exec(ShellCommand.java:38)
04-04 10:55:21.426   542  1544 E SystemServiceRegistry: 	at com.android.server.pm.PackageManagerService$IPackageManagerImpl.onShellCommand(PackageManagerService.java:6561)
