04-04 10:55:48.241  5762  5762 E AndroidRuntime: 	at android.app.servertransaction.TransactionExecutor.executeTransactionItems(TransactionExecutor.java:107)
04-04 10:55:48.241  5762  5762 E AndroidRuntime: 	at android.app.servertransaction.TransactionExecutor.execute(TransactionExecutor.java:81)
04-04 10:55:48.241  5762  5762 E AndroidRuntime: 	at android.app.ActivityThread$H.handleMessage(ActivityThread.java:2636)
04-04 10:55:48.241  5762  5762 E AndroidRuntime: 	at android.os.Handler.dispatchMessage(Handler.java:107)
04-04 10:55:48.241  5762  5762 E AndroidRuntime: 	at android.os.Looper.loopOnce(Looper.java:232)
04-04 10:55:48.241  5762  5762 E AndroidRuntime: 	at android.os.Looper.loop(Looper.java:317)
04-04 10:55:48.241  5762  5762 E AndroidRuntime: 	at android.app.ActivityThread.main(ActivityThread.java:8705)
04-04 10:55:48.241  5762  5762 E AndroidRuntime: 	at java.lang.reflect.Method.invoke(Native Method)
04-04 10:55:48.241  5762  5762 E AndroidRuntime: 	at com.android.internal.os.RuntimeInit$MethodAndArgsCaller.run(RuntimeInit.java:580)
04-04 10:55:48.241  5762  5762 E AndroidRuntime: 	at com.android.internal.os.ZygoteInit.main(ZygoteInit.java:886)
04-04 10:55:48.241  5762  5762 E AndroidRuntime: Caused by: java.lang.SecurityException: de.gaffga.android.zazentimer: One of RECEIVER_EXPORTED or RECEIVER_NOT_EXPORTED should be specified when a receiver isn't being registered exclusively for system broadcasts
04-04 10:55:48.241  5762  5762 E AndroidRuntime: 	at android.os.Parcel.createExceptionOrNull(Parcel.java:3242)
04-04 10:55:48.241  5762  5762 E AndroidRuntime: 	at android.os.Parcel.createException(Parcel.java:3226)
04-04 10:55:48.241  5762  5762 E AndroidRuntime: 	at android.os.Parcel.readException(Parcel.java:3209)
04-04 10:55:48.241  5762  5762 E AndroidRuntime: 	at android.os.Parcel.readException(Parcel.java:3151)
04-04 10:55:48.241  5762  5762 E AndroidRuntime: 	at android.app.IActivityManager$Stub$Proxy.registerReceiverWithFeature(IActivityManager.java:6092)
04-04 10:55:48.241  5762  5762 E AndroidRuntime: 	at android.app.ContextImpl.registerReceiverInternal(ContextImpl.java:1881)
04-04 10:55:48.241  5762  5762 E AndroidRuntime: 	at android.app.ContextImpl.registerReceiver(ContextImpl.java:1821)
04-04 10:55:48.241  5762  5762 E AndroidRuntime: 	at android.app.ContextImpl.registerReceiver(ContextImpl.java:1809)
04-04 10:55:48.241  5762  5762 E AndroidRuntime: 	at android.content.ContextWrapper.registerReceiver(ContextWrapper.java:757)
04-04 10:55:48.241  5762  5762 E AndroidRuntime: 	at android.content.ContextWrapper.registerReceiver(ContextWrapper.java:757)
04-04 10:55:48.241  5762  5762 E AndroidRuntime: 	at de.gaffga.android.zazentimer.ZazenTimerActivity.onResume(ZazenTimerActivity.java:175)
04-04 10:55:48.241  5762  5762 E AndroidRuntime: 	at android.app.Instrumentation.callActivityOnResume(Instrumentation.java:1722)
04-04 10:55:48.241  5762  5762 E AndroidRuntime: 	at android.app.Activity.performResume(Activity.java:9160)
04-04 10:55:48.241  5762  5762 E AndroidRuntime: 	at android.app.ActivityThread.performResumeActivity(ActivityThread.java:5299)
04-04 10:55:48.241  5762  5762 E AndroidRuntime: 	... 14 more
04-04 10:55:48.241  5762  5762 E AndroidRuntime: Caused by: android.os.RemoteException: Remote stack trace:
04-04 10:55:48.241  5762  5762 E AndroidRuntime: 	at com.android.server.am.ActivityManagerService.registerReceiverWithFeatureTraced(ActivityManagerService.java:14828)
04-04 10:55:48.241  5762  5762 E AndroidRuntime: 	at com.android.server.am.ActivityManagerService.registerReceiverWithFeature(ActivityManagerService.java:14630)
04-04 10:55:48.241  5762  5762 E AndroidRuntime: 	at android.app.IActivityManager$Stub.onTransact(IActivityManager.java:2757)
04-04 10:55:48.241  5762  5762 E AndroidRuntime: 	at com.android.server.am.ActivityManagerService.onTransact(ActivityManagerService.java:2812)
04-04 10:55:48.241  5762  5762 E AndroidRuntime: 	at android.os.Binder.execTransactInternal(Binder.java:1500)
04-04 10:55:48.241  5762  5762 E AndroidRuntime: 
04-04 10:55:48.335  1034  1042 E FrameEvents: addRelease: Did not find frame.
04-04 10:55:48.383   413   413 E SurfaceFlinger: Out of order buffers detected for RequestedLayerState{com.google.android.apps.nexuslauncher/com.google.android.apps.nexuslauncher.NexusLauncherActivity#301 parentId=106} producedId=13 frameNumber=16 -> producedId=13 frameNumber=2
04-04 10:55:48.399   413   413 E SurfaceFlinger: Out of order buffers detected for RequestedLayerState{com.google.android.apps.nexuslauncher/com.google.android.apps.nexuslauncher.NexusLauncherActivity#301 parentId=106} producedId=13 frameNumber=16 -> producedId=13 frameNumber=3
04-04 10:55:48.450   413   413 E SurfaceFlinger: Out of order buffers detected for RequestedLayerState{com.google.android.apps.nexuslauncher/com.google.android.apps.nexuslauncher.NexusLauncherActivity#301 parentId=106} producedId=13 frameNumber=16 -> producedId=13 frameNumber=4
04-04 10:55:48.483   413   413 E SurfaceFlinger: Out of order buffers detected for RequestedLayerState{com.google.android.apps.nexuslauncher/com.google.android.apps.nexuslauncher.NexusLauncherActivity#301 parentId=106} producedId=13 frameNumber=16 -> producedId=13 frameNumber=5
04-04 10:55:48.499   413   413 E SurfaceFlinger: Out of order buffers detected for RequestedLayerState{com.google.android.apps.nexuslauncher/com.google.android.apps.nexuslauncher.NexusLauncherActivity#301 parentId=106} producedId=13 frameNumber=16 -> producedId=13 frameNumber=6
04-04 10:55:48.533   413   413 E SurfaceFlinger: Out of order buffers detected for RequestedLayerState{com.google.android.apps.nexuslauncher/com.google.android.apps.nexuslauncher.NexusLauncherActivity#301 parentId=106} producedId=13 frameNumber=16 -> producedId=13 frameNumber=7
04-04 10:55:48.569   413   413 E SurfaceFlinger: Out of order buffers detected for RequestedLayerState{com.google.android.apps.nexuslauncher/com.google.android.apps.nexuslauncher.NexusLauncherActivity#301 parentId=106} producedId=13 frameNumber=16 -> producedId=13 frameNumber=8
04-04 10:55:48.584   413   413 E SurfaceFlinger: Out of order buffers detected for RequestedLayerState{com.google.android.apps.nexuslauncher/com.google.android.apps.nexuslauncher.NexusLauncherActivity#301 parentId=106} producedId=13 frameNumber=16 -> producedId=13 frameNumber=9
04-04 10:55:48.633   413   413 E SurfaceFlinger: Out of order buffers detected for RequestedLayerState{com.google.android.apps.nexuslauncher/com.google.android.apps.nexuslauncher.NexusLauncherActivity#301 parentId=106} producedId=13 frameNumber=16 -> producedId=13 frameNumber=10
04-04 10:55:48.654   413   413 E SurfaceFlinger: Out of order buffers detected for RequestedLayerState{com.google.android.apps.nexuslauncher/com.google.android.apps.nexuslauncher.NexusLauncherActivity#301 parentId=106} producedId=13 frameNumber=16 -> producedId=13 frameNumber=11
04-04 10:55:48.683   413   413 E SurfaceFlinger: Out of order buffers detected for RequestedLayerState{com.google.android.apps.nexuslauncher/com.google.android.apps.nexuslauncher.NexusLauncherActivity#301 parentId=106} producedId=13 frameNumber=16 -> producedId=13 frameNumber=12
04-04 10:55:48.700   413   413 E SurfaceFlinger: Out of order buffers detected for RequestedLayerState{com.google.android.apps.nexuslauncher/com.google.android.apps.nexuslauncher.NexusLauncherActivity#301 parentId=106} producedId=13 frameNumber=16 -> producedId=13 frameNumber=13
04-04 10:55:48.716   413   413 E SurfaceFlinger: Out of order buffers detected for RequestedLayerState{com.google.android.apps.nexuslauncher/com.google.android.apps.nexuslauncher.NexusLauncherActivity#301 parentId=106} producedId=13 frameNumber=16 -> producedId=13 frameNumber=14
04-04 10:55:48.733   413   413 E SurfaceFlinger: Out of order buffers detected for RequestedLayerState{com.google.android.apps.nexuslauncher/com.google.android.apps.nexuslauncher.NexusLauncherActivity#301 parentId=106} producedId=13 frameNumber=16 -> producedId=13 frameNumber=15
04-04 10:55:51.216   542  1379 E TaskPersister: File error accessing recents directory (directory doesn't exist?).
04-04 10:57:15.652   542  1597 E SystemServiceRegistry: No service published for: persistent_data_block
04-04 10:57:15.652   542  1597 E SystemServiceRegistry: android.os.ServiceManager$ServiceNotFoundException: No service published for: persistent_data_block
04-04 10:57:15.652   542  1597 E SystemServiceRegistry: 	at android.os.ServiceManager.getServiceOrThrow(ServiceManager.java:203)
04-04 10:57:15.652   542  1597 E SystemServiceRegistry: 	at android.app.SystemServiceRegistry$81.createService(SystemServiceRegistry.java:1071)
04-04 10:57:15.652   542  1597 E SystemServiceRegistry: 	at android.app.SystemServiceRegistry$81.createService(SystemServiceRegistry.java:1068)
04-04 10:57:15.652   542  1597 E SystemServiceRegistry: 	at android.app.SystemServiceRegistry$StaticServiceFetcher.getService(SystemServiceRegistry.java:2293)
04-04 10:57:15.652   542  1597 E SystemServiceRegistry: 	at android.app.SystemServiceRegistry.getSystemService(SystemServiceRegistry.java:1812)
04-04 10:57:15.652   542  1597 E SystemServiceRegistry: 	at android.app.ContextImpl.getSystemService(ContextImpl.java:2241)
04-04 10:57:15.652   542  1597 E SystemServiceRegistry: 	at android.content.Context.getSystemService(Context.java:4503)
04-04 10:57:15.652   542  1597 E SystemServiceRegistry: 	at com.android.server.pm.PackageInstallerSession.markAsSealed(PackageInstallerSession.java:2394)
04-04 10:57:15.652   542  1597 E SystemServiceRegistry: 	at com.android.server.pm.PackageInstallerSession.commit(PackageInstallerSession.java:2143)
04-04 10:57:15.652   542  1597 E SystemServiceRegistry: 	at android.content.pm.PackageInstaller$Session.commit(PackageInstaller.java:1977)
04-04 10:57:15.652   542  1597 E SystemServiceRegistry: 	at com.android.server.pm.PackageManagerShellCommand.doCommitSession(PackageManagerShellCommand.java:4298)
04-04 10:57:15.652   542  1597 E SystemServiceRegistry: 	at com.android.server.pm.PackageManagerShellCommand.doRunInstall(PackageManagerShellCommand.java:1634)
04-04 10:57:15.652   542  1597 E SystemServiceRegistry: 	at com.android.server.pm.PackageManagerShellCommand.runInstall(PackageManagerShellCommand.java:1561)
04-04 10:57:15.652   542  1597 E SystemServiceRegistry: 	at com.android.server.pm.PackageManagerShellCommand.onCommand(PackageManagerShellCommand.java:245)
04-04 10:57:15.652   542  1597 E SystemServiceRegistry: 	at com.android.modules.utils.BasicShellCommandHandler.exec(BasicShellCommandHandler.java:97)
04-04 10:57:15.652   542  1597 E SystemServiceRegistry: 	at android.os.ShellCommand.exec(ShellCommand.java:38)
04-04 10:57:15.652   542  1597 E SystemServiceRegistry: 	at com.android.server.pm.PackageManagerService$IPackageManagerImpl.onShellCommand(PackageManagerService.java:6561)
04-04 10:57:15.652   542  1597 E SystemServiceRegistry: 	at android.os.Binder.shellCommand(Binder.java:1230)
04-04 10:57:15.652   542  1597 E SystemServiceRegistry: 	at android.os.Binder.onTransact(Binder.java:1043)
04-04 10:57:15.652   542  1597 E SystemServiceRegistry: 	at android.content.pm.IPackageManager$Stub.onTransact(IPackageManager.java:4620)
04-04 10:57:15.652   542  1597 E SystemServiceRegistry: 	at com.android.server.pm.PackageManagerService$IPackageManagerImpl.onTransact(PackageManagerService.java:6545)
04-04 10:57:15.652   542  1597 E SystemServiceRegistry: 	at android.os.Binder.execTransactInternal(Binder.java:1505)
04-04 10:57:15.652   542  1597 E SystemServiceRegistry: 	at android.os.Binder.execTransact(Binder.java:1444)
04-04 10:57:15.652   542  1597 E SystemServiceRegistry: Manager wrapper not available: persistent_data_block
04-04 10:57:15.817   542   705 E AppOps  : attributionTag VCN not declared in manifest of android
04-04 10:57:15.864   542   705 E AppOps  : attributionTag VCN not declared in manifest of android
04-04 10:57:15.866   942   942 E SmsApplication: com.google.android.apps.messaging lost android:read_cell_broadcasts:  (fixing)
04-04 10:57:15.905   942   942 E CellBroadcastUtils: getDefaultCellBroadcastReceiverPackageName: no package found
04-04 10:57:15.907   542   705 E AppOps  : attributionTag VCN not declared in manifest of android
04-04 10:57:16.066   942   942 E SmsApplication: com.google.android.apps.messaging lost android:read_cell_broadcasts:  (fixing)
04-04 10:57:16.089   942   942 E CellBroadcastUtils: getDefaultCellBroadcastReceiverPackageName: no package found
04-04 10:57:16.136   942   942 E SmsApplication: com.google.android.apps.messaging lost android:read_cell_broadcasts:  (fixing)
04-04 10:57:16.140   942   942 E CellBroadcastUtils: getDefaultCellBroadcastReceiverPackageName: no package found
04-04 10:57:16.647  1795  1972 E Finsky  : [51] [Counters] attempted to use a non-positive increment for: 4752
04-04 10:57:16.698  1795  1972 E Finsky  : [51] [Counters] attempted to use a non-positive increment for: 4753
04-04 10:57:16.774  1795  1991 E Finsky  : [53] [Counters] attempted to use a non-positive increment for: 4752
04-04 10:57:16.774  1795  1991 E Finsky  : [53] [Counters] attempted to use a non-positive increment for: 4753
04-04 10:57:17.187  1795  2000 E Finsky  : [55] ItemStore: getItems RPC failed for item de.gaffga.android.zazentimer
04-04 10:57:17.187  1795  2000 E Finsky  : [55] ItemStore: getItems RPC failed for item de.gaffga.android.zazentimer
04-04 10:57:19.626   542  1379 E TaskPersister: File error accessing recents directory (directory doesn't exist?).
04-04 10:58:00.471  5906  5906 E ndroid.settings: Not starting debugger since process cannot load the jdwp agent.
04-04 10:58:03.034   542   868 E RoleControllerServiceImpl: Default/fallback role holder package doesn't qualify for the role, package: com.google.android.gms.supervision, role: android.app.role.SYSTEM_SUPERVISION
04-04 10:58:03.142   942   942 E SmsApplication: com.google.android.apps.messaging lost android:read_cell_broadcasts:  (fixing)
04-04 10:58:03.181   942   942 E CellBroadcastUtils: getDefaultCellBroadcastReceiverPackageName: no package found
04-04 10:58:03.330   542   749 E system_server: No package ID 7f found for resource ID 0x7f08037b.
04-04 10:58:03.330   542   749 E system_server: No package ID 7f found for resource ID 0x7f1419d5.
04-04 10:58:03.330   542   749 E system_server: No package ID 7f found for resource ID 0x7f08037a.
04-04 10:58:03.330   542   749 E system_server: No package ID 7f found for resource ID 0x7f05005f.
04-04 10:58:03.330   542   749 E system_server: No package ID 7f found for resource ID 0x7f140822.
04-04 10:58:03.330   542   749 E ShortcutService: Ignoring excessive intent tag.
04-04 10:58:03.330   542   749 E system_server: No package ID 7f found for resource ID 0x7f080379.
04-04 10:58:03.330   542   749 E system_server: No package ID 7f found for resource ID 0x7f1410f0.
04-04 10:58:03.430   542   868 E RoleControllerServiceImpl: Default/fallback role holder package doesn't qualify for the role, package: com.google.android.gms, role: android.app.role.WALLET
04-04 10:58:03.539   542   868 E RoleControllerServiceImpl: Default/fallback role holder package doesn't qualify for the role, package: com.google.android.devicelockcontroller, role: android.app.role.SYSTEM_FINANCED_DEVICE_CONTROLLER
04-04 10:58:03.547   542  1379 E TaskPersister: File error accessing recents directory (directory doesn't exist?).
04-04 10:58:12.169   542  1379 E TaskPersister: File error accessing recents directory (directory doesn't exist?).
04-04 10:58:14.786   351  5959 E android.hardware.audio@7.1-impl.ranchu: pcmWrite:260 failure: -1
04-04 10:58:14.900   351  5959 E android.hardware.audio@7.1-impl.ranchu: pcmWrite:260 failure: -1
04-04 10:58:15.009   351  5959 E android.hardware.audio@7.1-impl.ranchu: pcmWrite:260 failure: -1
04-04 10:58:15.113   351  5959 E android.hardware.audio@7.1-impl.ranchu: pcmWrite:260 failure: -1
04-04 10:58:15.220   351  5959 E android.hardware.audio@7.1-impl.ranchu: pcmWrite:260 failure: -1
04-04 10:58:15.321   351  5959 E android.hardware.audio@7.1-impl.ranchu: pcmWrite:260 failure: -1
04-04 10:58:15.429   351  5959 E android.hardware.audio@7.1-impl.ranchu: pcmWrite:260 failure: -1
04-04 10:58:15.529   351  5959 E android.hardware.audio@7.1-impl.ranchu: pcmWrite:260 failure: -1
04-04 10:58:15.633   351  5959 E android.hardware.audio@7.1-impl.ranchu: pcmWrite:260 failure: -1
04-04 10:58:15.737   351  5959 E android.hardware.audio@7.1-impl.ranchu: pcmWrite:260 failure: -1
04-04 10:58:15.841   351  5959 E android.hardware.audio@7.1-impl.ranchu: pcmWrite:260 failure: -1
04-04 10:58:15.945   351  5959 E android.hardware.audio@7.1-impl.ranchu: pcmWrite:260 failure: -1
04-04 10:58:16.050   351  5959 E android.hardware.audio@7.1-impl.ranchu: pcmWrite:260 failure: -1
04-04 10:58:16.153   351  5959 E android.hardware.audio@7.1-impl.ranchu: pcmWrite:260 failure: -1
04-04 10:58:16.262   351  5959 E android.hardware.audio@7.1-impl.ranchu: pcmWrite:260 failure: -1
04-04 10:58:16.366   351  5959 E android.hardware.audio@7.1-impl.ranchu: pcmWrite:260 failure: -1
04-04 10:58:16.470   351  5959 E android.hardware.audio@7.1-impl.ranchu: pcmWrite:260 failure: -1
04-04 10:58:16.574   351  5959 E android.hardware.audio@7.1-impl.ranchu: pcmWrite:260 failure: -1
04-04 10:58:16.677   351  5959 E android.hardware.audio@7.1-impl.ranchu: pcmWrite:260 failure: -1
04-04 10:58:16.781   351  5959 E android.hardware.audio@7.1-impl.ranchu: pcmWrite:260 failure: -1
04-04 10:58:16.894   351  5959 E android.hardware.audio@7.1-impl.ranchu: pcmWrite:260 failure: -1
04-04 10:58:16.998   351  5959 E android.hardware.audio@7.1-impl.ranchu: pcmWrite:260 failure: -1
04-04 10:58:17.107   351  5959 E android.hardware.audio@7.1-impl.ranchu: pcmWrite:260 failure: -1
04-04 10:58:17.211   351  5959 E android.hardware.audio@7.1-impl.ranchu: pcmWrite:260 failure: -1
04-04 10:58:17.318   351  5959 E android.hardware.audio@7.1-impl.ranchu: pcmWrite:260 failure: -1
04-04 10:58:17.421   351  5959 E android.hardware.audio@7.1-impl.ranchu: pcmWrite:260 failure: -1
04-04 10:58:17.527   351  5959 E android.hardware.audio@7.1-impl.ranchu: pcmWrite:260 failure: -1
04-04 10:58:17.629   351  5959 E android.hardware.audio@7.1-impl.ranchu: pcmWrite:260 failure: -1
04-04 10:58:17.733   351  5959 E android.hardware.audio@7.1-impl.ranchu: pcmWrite:260 failure: -1
04-04 10:58:17.837   351  5959 E android.hardware.audio@7.1-impl.ranchu: pcmWrite:260 failure: -1
04-04 10:58:17.941   351  5959 E android.hardware.audio@7.1-impl.ranchu: pcmWrite:260 failure: -1
04-04 10:58:18.045   351  5959 E android.hardware.audio@7.1-impl.ranchu: pcmWrite:260 failure: -1
04-04 10:58:18.149   351  5959 E android.hardware.audio@7.1-impl.ranchu: pcmWrite:260 failure: -1
04-04 10:58:18.253   351  5959 E android.hardware.audio@7.1-impl.ranchu: pcmWrite:260 failure: -1
04-04 10:58:18.357   351  5959 E android.hardware.audio@7.1-impl.ranchu: pcmWrite:260 failure: -1
04-04 10:58:18.461   351  5959 E android.hardware.audio@7.1-impl.ranchu: pcmWrite:260 failure: -1
04-04 10:58:18.569   351  5959 E android.hardware.audio@7.1-impl.ranchu: pcmWrite:260 failure: -1
04-04 10:58:18.675   351  5959 E android.hardware.audio@7.1-impl.ranchu: pcmWrite:260 failure: -1
04-04 10:58:18.781   351  5959 E android.hardware.audio@7.1-impl.ranchu: pcmWrite:260 failure: -1
04-04 10:58:18.883   351  5959 E android.hardware.audio@7.1-impl.ranchu: pcmWrite:260 failure: -1
04-04 10:58:18.994   351  5959 E android.hardware.audio@7.1-impl.ranchu: pcmWrite:260 failure: -1
04-04 10:58:19.098   351  5959 E android.hardware.audio@7.1-impl.ranchu: pcmWrite:260 failure: -1
04-04 10:58:19.209   351  5959 E android.hardware.audio@7.1-impl.ranchu: pcmWrite:260 failure: -1
04-04 10:58:19.323   351  5959 E android.hardware.audio@7.1-impl.ranchu: pcmWrite:260 failure: -1
04-04 10:58:19.434   351  5959 E android.hardware.audio@7.1-impl.ranchu: pcmWrite:260 failure: -1
04-04 10:58:19.541   351  5959 E android.hardware.audio@7.1-impl.ranchu: pcmWrite:260 failure: -1
04-04 10:58:19.654   351  5959 E android.hardware.audio@7.1-impl.ranchu: pcmWrite:260 failure: -1
04-04 10:58:19.777   351  5959 E android.hardware.audio@7.1-impl.ranchu: pcmWrite:260 failure: -1
04-04 10:58:19.877   351  5959 E android.hardware.audio@7.1-impl.ranchu: pcmWrite:260 failure: -1
04-04 10:58:19.996   351  5959 E android.hardware.audio@7.1-impl.ranchu: pcmWrite:260 failure: -1
04-04 10:58:20.097   351  5959 E android.hardware.audio@7.1-impl.ranchu: pcmWrite:260 failure: -1
04-04 10:58:20.201   351  5959 E android.hardware.audio@7.1-impl.ranchu: pcmWrite:260 failure: -1
04-04 10:58:20.305   351  5959 E android.hardware.audio@7.1-impl.ranchu: pcmWrite:260 failure: -1
04-04 10:58:20.409   351  5959 E android.hardware.audio@7.1-impl.ranchu: pcmWrite:260 failure: -1
04-04 10:58:20.513   351  5959 E android.hardware.audio@7.1-impl.ranchu: pcmWrite:260 failure: -1
04-04 10:58:20.617   351  5959 E android.hardware.audio@7.1-impl.ranchu: pcmWrite:260 failure: -1
04-04 10:58:20.721   351  5959 E android.hardware.audio@7.1-impl.ranchu: pcmWrite:260 failure: -1
04-04 10:58:20.830   351  5959 E android.hardware.audio@7.1-impl.ranchu: pcmWrite:260 failure: -1
04-04 10:58:20.934   351  5959 E android.hardware.audio@7.1-impl.ranchu: pcmWrite:260 failure: -1
04-04 10:58:21.037   351  5959 E android.hardware.audio@7.1-impl.ranchu: pcmWrite:260 failure: -1
04-04 10:58:21.142   351  5959 E android.hardware.audio@7.1-impl.ranchu: pcmWrite:260 failure: -1
04-04 10:58:21.263   351  5959 E android.hardware.audio@7.1-impl.ranchu: pcmWrite:260 failure: -1
04-04 10:58:21.367   351  5959 E android.hardware.audio@7.1-impl.ranchu: pcmWrite:260 failure: -1
04-04 10:58:21.481   351  5959 E android.hardware.audio@7.1-impl.ranchu: pcmWrite:260 failure: -1
04-04 10:58:21.594   351  5959 E android.hardware.audio@7.1-impl.ranchu: pcmWrite:260 failure: -1
04-04 10:58:21.698   351  5959 E android.hardware.audio@7.1-impl.ranchu: pcmWrite:260 failure: -1
04-04 10:58:21.801   351  5959 E android.hardware.audio@7.1-impl.ranchu: pcmWrite:260 failure: -1
04-04 10:58:21.906   351  5959 E android.hardware.audio@7.1-impl.ranchu: pcmWrite:260 failure: -1
04-04 10:58:22.010   351  5959 E android.hardware.audio@7.1-impl.ranchu: pcmWrite:260 failure: -1
04-04 10:58:22.121   351  5959 E android.hardware.audio@7.1-impl.ranchu: pcmWrite:260 failure: -1
04-04 10:58:22.237   351  5959 E android.hardware.audio@7.1-impl.ranchu: pcmWrite:260 failure: -1
04-04 10:58:22.341   351  5959 E android.hardware.audio@7.1-impl.ranchu: pcmWrite:260 failure: -1
04-04 10:58:22.448   351  5959 E android.hardware.audio@7.1-impl.ranchu: pcmWrite:260 failure: -1
04-04 10:58:22.549   351  5959 E android.hardware.audio@7.1-impl.ranchu: pcmWrite:260 failure: -1
04-04 10:58:22.653   351  5959 E android.hardware.audio@7.1-impl.ranchu: pcmWrite:260 failure: -1
04-04 10:58:22.757   351  5959 E android.hardware.audio@7.1-impl.ranchu: pcmWrite:260 failure: -1
04-04 10:58:22.861   351  5959 E android.hardware.audio@7.1-impl.ranchu: pcmWrite:260 failure: -1
04-04 10:58:22.965   351  5959 E android.hardware.audio@7.1-impl.ranchu: pcmWrite:260 failure: -1
04-04 10:58:23.069   351  5959 E android.hardware.audio@7.1-impl.ranchu: pcmWrite:260 failure: -1
04-04 10:58:23.173   351  5959 E android.hardware.audio@7.1-impl.ranchu: pcmWrite:260 failure: -1
04-04 10:58:23.277   351  5959 E android.hardware.audio@7.1-impl.ranchu: pcmWrite:260 failure: -1
04-04 10:58:23.381   351  5959 E android.hardware.audio@7.1-impl.ranchu: pcmWrite:260 failure: -1
04-04 10:58:23.485   351  5959 E android.hardware.audio@7.1-impl.ranchu: pcmWrite:260 failure: -1
04-04 10:58:23.537   542  1379 E TaskPersister: File error accessing recents directory (directory doesn't exist?).
04-04 10:58:23.589   351  5959 E android.hardware.audio@7.1-impl.ranchu: pcmWrite:260 failure: -1
04-04 10:58:23.696   351  5959 E android.hardware.audio@7.1-impl.ranchu: pcmWrite:260 failure: -1
04-04 10:58:23.797   351  5959 E android.hardware.audio@7.1-impl.ranchu: pcmWrite:260 failure: -1
04-04 10:58:23.901   351  5959 E android.hardware.audio@7.1-impl.ranchu: pcmWrite:260 failure: -1
04-04 10:58:24.017   351  5959 E android.hardware.audio@7.1-impl.ranchu: pcmWrite:260 failure: -1
04-04 10:58:24.163   351  5959 E android.hardware.audio@7.1-impl.ranchu: pcmWrite:260 failure: -1
04-04 10:58:30.982  5810  5810 E AndroidRuntime: FATAL EXCEPTION: main
04-04 10:58:30.982  5810  5810 E AndroidRuntime: Process: de.gaffga.android.zazentimer, PID: 5810
04-04 10:58:30.982  5810  5810 E AndroidRuntime: java.lang.SecurityException: de.gaffga.android.zazentimer: One of RECEIVER_EXPORTED or RECEIVER_NOT_EXPORTED should be specified when a receiver isn't being registered exclusively for system broadcasts
04-04 10:58:30.982  5810  5810 E AndroidRuntime: 	at android.os.Parcel.createExceptionOrNull(Parcel.java:3242)
04-04 10:58:30.982  5810  5810 E AndroidRuntime: 	at android.os.Parcel.createException(Parcel.java:3226)
04-04 10:58:30.982  5810  5810 E AndroidRuntime: 	at android.os.Parcel.readException(Parcel.java:3209)
04-04 10:58:30.982  5810  5810 E AndroidRuntime: 	at android.os.Parcel.readException(Parcel.java:3151)
04-04 10:58:30.982  5810  5810 E AndroidRuntime: 	at android.app.IActivityManager$Stub$Proxy.registerReceiverWithFeature(IActivityManager.java:6092)
04-04 10:58:30.982  5810  5810 E AndroidRuntime: 	at android.app.ContextImpl.registerReceiverInternal(ContextImpl.java:1881)
04-04 10:58:30.982  5810  5810 E AndroidRuntime: 	at android.app.ContextImpl.registerReceiver(ContextImpl.java:1821)
04-04 10:58:30.982  5810  5810 E AndroidRuntime: 	at android.app.ContextImpl.registerReceiver(ContextImpl.java:1809)
04-04 10:58:30.982  5810  5810 E AndroidRuntime: 	at android.content.ContextWrapper.registerReceiver(ContextWrapper.java:757)
04-04 10:58:30.982  5810  5810 E AndroidRuntime: 	at de.gaffga.android.zazentimer.service.Meditation.installAlarmReceiver(Meditation.java:207)
04-04 10:58:30.982  5810  5810 E AndroidRuntime: 	at de.gaffga.android.zazentimer.service.Meditation.start(Meditation.java:91)
04-04 10:58:30.982  5810  5810 E AndroidRuntime: 	at de.gaffga.android.zazentimer.service.MeditationService.startMeditation(MeditationService.java:67)
04-04 10:58:30.982  5810  5810 E AndroidRuntime: 	at de.gaffga.android.zazentimer.service.ServCon.startMeditation(ServCon.java:44)
04-04 10:58:30.982  5810  5810 E AndroidRuntime: 	at de.gaffga.android.zazentimer.ZazenTimerActivity$6.run(ZazenTimerActivity.java:380)
04-04 10:58:30.982  5810  5810 E AndroidRuntime: 	at android.os.Handler.handleCallback(Handler.java:959)
04-04 10:58:30.982  5810  5810 E AndroidRuntime: 	at android.os.Handler.dispatchMessage(Handler.java:100)
04-04 10:58:30.982  5810  5810 E AndroidRuntime: 	at android.os.Looper.loopOnce(Looper.java:232)
04-04 10:58:30.982  5810  5810 E AndroidRuntime: 	at android.os.Looper.loop(Looper.java:317)
04-04 10:58:30.982  5810  5810 E AndroidRuntime: 	at android.app.ActivityThread.main(ActivityThread.java:8705)
04-04 10:58:30.982  5810  5810 E AndroidRuntime: 	at java.lang.reflect.Method.invoke(Native Method)
04-04 10:58:30.982  5810  5810 E AndroidRuntime: 	at com.android.internal.os.RuntimeInit$MethodAndArgsCaller.run(RuntimeInit.java:580)
04-04 10:58:30.982  5810  5810 E AndroidRuntime: 	at com.android.internal.os.ZygoteInit.main(ZygoteInit.java:886)
04-04 10:58:30.982  5810  5810 E AndroidRuntime: Caused by: android.os.RemoteException: Remote stack trace:
04-04 10:58:30.982  5810  5810 E AndroidRuntime: 	at com.android.server.am.ActivityManagerService.registerReceiverWithFeatureTraced(ActivityManagerService.java:14828)
04-04 10:58:30.982  5810  5810 E AndroidRuntime: 	at com.android.server.am.ActivityManagerService.registerReceiverWithFeature(ActivityManagerService.java:14630)
04-04 10:58:30.982  5810  5810 E AndroidRuntime: 	at android.app.IActivityManager$Stub.onTransact(IActivityManager.java:2757)
04-04 10:58:30.982  5810  5810 E AndroidRuntime: 	at com.android.server.am.ActivityManagerService.onTransact(ActivityManagerService.java:2812)
04-04 10:58:30.982  5810  5810 E AndroidRuntime: 	at android.os.Binder.execTransactInternal(Binder.java:1500)
04-04 10:58:30.982  5810  5810 E AndroidRuntime: 
04-04 10:58:32.364   542  1610 E IPCThreadState: Binder transaction failure. id: 552237, BR_*: 29189, error: -22 (Invalid argument)
04-04 10:58:32.547   351  5965 E android.hardware.audio@7.1-impl.ranchu: pcmWrite:260 failure: -1
04-04 10:58:32.656   413   413 E BpTransactionCompletedListener: Failed to transact (-32)
04-04 10:58:32.658   351  5965 E android.hardware.audio@7.1-impl.ranchu: pcmWrite:260 failure: -1
04-04 10:58:32.762   351  5965 E android.hardware.audio@7.1-impl.ranchu: pcmWrite:260 failure: -1
04-04 10:58:32.866   351  5965 E android.hardware.audio@7.1-impl.ranchu: pcmWrite:260 failure: -1
04-04 10:58:35.603   542  1379 E TaskPersister: File error accessing recents directory (directory doesn't exist?).
04-04 10:59:17.990   542  1589 E SystemServiceRegistry: No service published for: persistent_data_block
04-04 10:59:17.990   542  1589 E SystemServiceRegistry: android.os.ServiceManager$ServiceNotFoundException: No service published for: persistent_data_block
04-04 10:59:17.990   542  1589 E SystemServiceRegistry: 	at android.os.ServiceManager.getServiceOrThrow(ServiceManager.java:203)
04-04 10:59:17.990   542  1589 E SystemServiceRegistry: 	at android.app.SystemServiceRegistry$81.createService(SystemServiceRegistry.java:1071)
04-04 10:59:17.990   542  1589 E SystemServiceRegistry: 	at android.app.SystemServiceRegistry$81.createService(SystemServiceRegistry.java:1068)
04-04 10:59:17.990   542  1589 E SystemServiceRegistry: 	at android.app.SystemServiceRegistry$StaticServiceFetcher.getService(SystemServiceRegistry.java:2293)
04-04 10:59:17.990   542  1589 E SystemServiceRegistry: 	at android.app.SystemServiceRegistry.getSystemService(SystemServiceRegistry.java:1812)
04-04 10:59:17.990   542  1589 E SystemServiceRegistry: 	at android.app.ContextImpl.getSystemService(ContextImpl.java:2241)
04-04 10:59:17.990   542  1589 E SystemServiceRegistry: 	at android.content.Context.getSystemService(Context.java:4503)
04-04 10:59:17.990   542  1589 E SystemServiceRegistry: 	at com.android.server.pm.PackageInstallerSession.markAsSealed(PackageInstallerSession.java:2394)
04-04 10:59:17.990   542  1589 E SystemServiceRegistry: 	at com.android.server.pm.PackageInstallerSession.commit(PackageInstallerSession.java:2143)
04-04 10:59:17.990   542  1589 E SystemServiceRegistry: 	at android.content.pm.PackageInstaller$Session.commit(PackageInstaller.java:1977)
04-04 10:59:17.990   542  1589 E SystemServiceRegistry: 	at com.android.server.pm.PackageManagerShellCommand.doCommitSession(PackageManagerShellCommand.java:4298)
04-04 10:59:17.990   542  1589 E SystemServiceRegistry: 	at com.android.server.pm.PackageManagerShellCommand.doRunInstall(PackageManagerShellCommand.java:1634)
04-04 10:59:17.990   542  1589 E SystemServiceRegistry: 	at com.android.server.pm.PackageManagerShellCommand.runInstall(PackageManagerShellCommand.java:1561)
04-04 10:59:17.990   542  1589 E SystemServiceRegistry: 	at com.android.server.pm.PackageManagerShellCommand.onCommand(PackageManagerShellCommand.java:245)
04-04 10:59:17.990   542  1589 E SystemServiceRegistry: 	at com.android.modules.utils.BasicShellCommandHandler.exec(BasicShellCommandHandler.java:97)
04-04 10:59:17.990   542  1589 E SystemServiceRegistry: 	at android.os.ShellCommand.exec(ShellCommand.java:38)
04-04 10:59:17.990   542  1589 E SystemServiceRegistry: 	at com.android.server.pm.PackageManagerService$IPackageManagerImpl.onShellCommand(PackageManagerService.java:6561)
04-04 10:59:17.990   542  1589 E SystemServiceRegistry: 	at android.os.Binder.shellCommand(Binder.java:1230)
04-04 10:59:17.990   542  1589 E SystemServiceRegistry: 	at android.os.Binder.onTransact(Binder.java:1043)
04-04 10:59:17.990   542  1589 E SystemServiceRegistry: 	at android.content.pm.IPackageManager$Stub.onTransact(IPackageManager.java:4620)
04-04 10:59:17.990   542  1589 E SystemServiceRegistry: 	at com.android.server.pm.PackageManagerService$IPackageManagerImpl.onTransact(PackageManagerService.java:6545)
04-04 10:59:17.990   542  1589 E SystemServiceRegistry: 	at android.os.Binder.execTransactInternal(Binder.java:1505)
04-04 10:59:17.990   542  1589 E SystemServiceRegistry: 	at android.os.Binder.execTransact(Binder.java:1444)
04-04 10:59:17.991   542  1589 E SystemServiceRegistry: Manager wrapper not available: persistent_data_block
04-04 10:59:18.174   542   705 E AppOps  : attributionTag VCN not declared in manifest of android
04-04 10:59:18.228   542   705 E AppOps  : attributionTag VCN not declared in manifest of android
04-04 10:59:18.257   942   942 E SmsApplication: com.google.android.apps.messaging lost android:read_cell_broadcasts:  (fixing)
04-04 10:59:18.277   542   705 E AppOps  : attributionTag VCN not declared in manifest of android
04-04 10:59:18.294   942   942 E CellBroadcastUtils: getDefaultCellBroadcastReceiverPackageName: no package found
04-04 10:59:18.310   542   626 E AtomicFile: Failed to rename /data/system/install_sessions.xml.new to /data/system/install_sessions.xml
04-04 10:59:18.463   942   942 E SmsApplication: com.google.android.apps.messaging lost android:read_cell_broadcasts:  (fixing)
04-04 10:59:18.483   942   942 E CellBroadcastUtils: getDefaultCellBroadcastReceiverPackageName: no package found
04-04 10:59:18.542   942   942 E SmsApplication: com.google.android.apps.messaging lost android:read_cell_broadcasts:  (fixing)
04-04 10:59:18.546   942   942 E CellBroadcastUtils: getDefaultCellBroadcastReceiverPackageName: no package found
04-04 10:59:19.020  1795  1972 E Finsky  : [51] [Counters] attempted to use a non-positive increment for: 4752
04-04 10:59:19.203  1795  1972 E Finsky  : [51] [Counters] attempted to use a non-positive increment for: 4753
04-04 10:59:19.446  1795  1991 E Finsky  : [53] [Counters] attempted to use a non-positive increment for: 4752
04-04 10:59:19.446  1795  1991 E Finsky  : [53] [Counters] attempted to use a non-positive increment for: 4753
04-04 10:59:19.717  1795  2000 E Finsky  : [55] ItemStore: getItems RPC failed for item de.gaffga.android.zazentimer
04-04 10:59:19.717  1795  2000 E Finsky  : [55] ItemStore: getItems RPC failed for item de.gaffga.android.zazentimer
04-04 10:59:22.109   542  1379 E TaskPersister: File error accessing recents directory (directory doesn't exist?).
04-04 10:59:24.890  6033  6033 E AndroidRuntime: FATAL EXCEPTION: main
04-04 10:59:24.890  6033  6033 E AndroidRuntime: Process: de.gaffga.android.zazentimer, PID: 6033
04-04 10:59:24.890  6033  6033 E AndroidRuntime: java.lang.IllegalArgumentException: de.gaffga.android.zazentimer: Targeting S+ (version 31 and above) requires that one of FLAG_IMMUTABLE or FLAG_MUTABLE be specified when creating a PendingIntent.
04-04 10:59:24.890  6033  6033 E AndroidRuntime: Strongly consider using FLAG_IMMUTABLE, only use FLAG_MUTABLE if some functionality depends on the PendingIntent being mutable, e.g. if it needs to be used with inline replies or bubbles.
04-04 10:59:24.890  6033  6033 E AndroidRuntime: 	at android.app.PendingIntent.checkPendingIntent(PendingIntent.java:458)
04-04 10:59:24.890  6033  6033 E AndroidRuntime: 	at android.app.PendingIntent.getBroadcastAsUser(PendingIntent.java:761)
04-04 10:59:24.890  6033  6033 E AndroidRuntime: 	at android.app.PendingIntent.getBroadcast(PendingIntent.java:748)
04-04 10:59:24.890  6033  6033 E AndroidRuntime: 	at de.gaffga.android.zazentimer.service.Meditation.startSectionTimer(Meditation.java:196)
04-04 10:59:24.890  6033  6033 E AndroidRuntime: 	at de.gaffga.android.zazentimer.service.Meditation.start(Meditation.java:93)
04-04 10:59:24.890  6033  6033 E AndroidRuntime: 	at de.gaffga.android.zazentimer.service.MeditationService.startMeditation(MeditationService.java:67)
04-04 10:59:24.890  6033  6033 E AndroidRuntime: 	at de.gaffga.android.zazentimer.service.ServCon.startMeditation(ServCon.java:44)
04-04 10:59:24.890  6033  6033 E AndroidRuntime: 	at de.gaffga.android.zazentimer.ZazenTimerActivity$6.run(ZazenTimerActivity.java:380)
04-04 10:59:24.890  6033  6033 E AndroidRuntime: 	at android.os.Handler.handleCallback(Handler.java:959)
04-04 10:59:24.890  6033  6033 E AndroidRuntime: 	at android.os.Handler.dispatchMessage(Handler.java:100)
04-04 10:59:24.890  6033  6033 E AndroidRuntime: 	at android.os.Looper.loopOnce(Looper.java:232)
04-04 10:59:24.890  6033  6033 E AndroidRuntime: 	at android.os.Looper.loop(Looper.java:317)
04-04 10:59:24.890  6033  6033 E AndroidRuntime: 	at android.app.ActivityThread.main(ActivityThread.java:8705)
04-04 10:59:24.890  6033  6033 E AndroidRuntime: 	at java.lang.reflect.Method.invoke(Native Method)
04-04 10:59:24.890  6033  6033 E AndroidRuntime: 	at com.android.internal.os.RuntimeInit$MethodAndArgsCaller.run(RuntimeInit.java:580)
04-04 10:59:24.890  6033  6033 E AndroidRuntime: 	at com.android.internal.os.ZygoteInit.main(ZygoteInit.java:886)
04-04 10:59:29.996   542  6138 E system_server: Could not open /dev/binderfs/binder_logs/transactions. Likely a permissions issue. errno: 2
04-04 10:59:29.996   542  6138 E android.os.Debug: Failed to get binder state info for pid: 6033 status: -2: No such file or directory
04-04 10:59:37.508   542   561 E AppOps  : Operation not started: uid=10209 pkg=de.gaffga.android.zazentimer(null) op=WAKE_LOCK
04-04 10:59:37.517   413   413 E BpTransactionCompletedListener: Failed to transact (-32)
04-04 10:59:39.173   542  1379 E TaskPersister: File error accessing recents directory (directory doesn't exist?).
04-04 11:00:00.201  5906  5928 E DataProcessor: abnormal entry list in the timestamp:Apr 02, 2026, 13:00:00
04-04 11:00:00.201  5906  5928 E DataProcessor: abnormal entry list in the timestamp:Apr 02, 2026, 14:00:00
04-04 11:00:00.201  5906  5928 E DataProcessor: abnormal entry list in the timestamp:Apr 02, 2026, 15:00:00
04-04 11:00:00.202  5906  5928 E DataProcessor: abnormal entry list in the timestamp:Apr 02, 2026, 16:00:00
04-04 11:00:00.202  5906  5928 E DataProcessor: abnormal entry list in the timestamp:Apr 02, 2026, 17:00:00
04-04 11:00:00.202  5906  5928 E DataProcessor: abnormal entry list in the timestamp:Apr 02, 2026, 18:00:00
04-04 11:00:00.202  5906  5928 E DataProcessor: abnormal entry list in the timestamp:Apr 02, 2026, 19:00:00
04-04 11:00:00.202  5906  5928 E DataProcessor: abnormal entry list in the timestamp:Apr 02, 2026, 20:00:00
04-04 11:00:00.202  5906  5928 E DataProcessor: abnormal entry list in the timestamp:Apr 02, 2026, 21:00:00
04-04 11:00:00.202  5906  5928 E DataProcessor: abnormal entry list in the timestamp:Apr 02, 2026, 22:00:00
04-04 11:00:00.202  5906  5928 E DataProcessor: abnormal entry list in the timestamp:Apr 02, 2026, 23:00:00
04-04 11:00:00.203  5906  5928 E DataProcessor: abnormal entry list in the timestamp:Apr 03, 2026, 01:00:00
04-04 11:00:00.203  5906  5928 E DataProcessor: abnormal entry list in the timestamp:Apr 03, 2026, 02:00:00
04-04 11:00:00.203  5906  5928 E DataProcessor: abnormal entry list in the timestamp:Apr 03, 2026, 03:00:00
04-04 11:00:00.203  5906  5928 E DataProcessor: abnormal entry list in the timestamp:Apr 03, 2026, 04:00:00
04-04 11:00:00.203  5906  5928 E DataProcessor: abnormal entry list in the timestamp:Apr 03, 2026, 05:00:00
04-04 11:00:00.203  5906  5928 E DataProcessor: abnormal entry list in the timestamp:Apr 03, 2026, 06:00:00
04-04 11:00:00.203  5906  5928 E DataProcessor: abnormal entry list in the timestamp:Apr 03, 2026, 07:00:00
04-04 11:00:00.204  5906  5928 E DataProcessor: abnormal entry list in the timestamp:Apr 03, 2026, 08:00:00
04-04 11:00:00.204  5906  5928 E DataProcessor: abnormal entry list in the timestamp:Apr 03, 2026, 09:00:00
04-04 11:00:00.204  5906  5928 E DataProcessor: abnormal entry list in the timestamp:Apr 03, 2026, 10:00:00
04-04 11:00:00.204  5906  5928 E DataProcessor: abnormal entry list in the timestamp:Apr 03, 2026, 11:00:00
04-04 11:00:00.204  5906  5928 E DataProcessor: abnormal entry list in the timestamp:Apr 03, 2026, 12:00:00
04-04 11:00:00.204  5906  5928 E DataProcessor: abnormal entry list in the timestamp:Apr 03, 2026, 13:00:00
04-04 11:00:00.204  5906  5928 E DataProcessor: abnormal entry list in the timestamp:Apr 03, 2026, 14:00:00
04-04 11:00:00.204  5906  5928 E DataProcessor: abnormal entry list in the timestamp:Apr 03, 2026, 15:00:00
04-04 11:00:00.204  5906  5928 E DataProcessor: abnormal entry list in the timestamp:Apr 03, 2026, 16:00:00
04-04 11:00:00.205  5906  5928 E DataProcessor: abnormal entry list in the timestamp:Apr 03, 2026, 17:00:00
04-04 11:00:00.205  5906  5928 E DataProcessor: abnormal entry list in the timestamp:Apr 03, 2026, 18:00:00
04-04 11:00:00.205  5906  5928 E DataProcessor: abnormal entry list in the timestamp:Apr 03, 2026, 19:00:00
04-04 11:00:00.206  5906  5928 E DataProcessor: abnormal entry list in the timestamp:Apr 03, 2026, 20:00:00
04-04 11:00:00.206  5906  5928 E DataProcessor: abnormal entry list in the timestamp:Apr 03, 2026, 21:00:00
04-04 11:00:00.206  5906  5928 E DataProcessor: abnormal entry list in the timestamp:Apr 03, 2026, 22:00:00
04-04 11:00:00.207  5906  5928 E DataProcessor: abnormal entry list in the timestamp:Apr 03, 2026, 23:00:00
04-04 11:00:00.207  5906  5928 E DataProcessor: abnormal entry list in the timestamp:Apr 04, 2026, 01:00:00
04-04 11:00:00.208  5906  5928 E DataProcessor: abnormal entry list in the timestamp:Apr 04, 2026, 02:00:00
04-04 11:00:00.208  5906  5928 E DataProcessor: abnormal entry list in the timestamp:Apr 04, 2026, 03:00:00
04-04 11:00:00.208  5906  5928 E DataProcessor: abnormal entry list in the timestamp:Apr 04, 2026, 04:00:00
04-04 11:00:00.209  5906  5928 E DataProcessor: abnormal entry list in the timestamp:Apr 04, 2026, 05:00:00
04-04 11:00:00.209  5906  5928 E DataProcessor: abnormal entry list in the timestamp:Apr 04, 2026, 06:00:00
04-04 11:00:00.209  5906  5928 E DataProcessor: abnormal entry list in the timestamp:Apr 04, 2026, 07:00:00
04-04 11:00:00.210  5906  5928 E DataProcessor: abnormal entry list in the timestamp:Apr 04, 2026, 08:00:00
04-04 11:00:00.210  5906  5928 E DataProcessor: abnormal entry list in the timestamp:Apr 04, 2026, 09:00:00
04-04 11:00:00.210  5906  5928 E DataProcessor: abnormal entry list in the timestamp:Apr 04, 2026, 10:00:00
04-04 11:00:00.263  5906  5906 E SmsApplication: com.google.android.apps.messaging lost android:read_cell_broadcasts:  (fixing)
04-04 11:00:00.270  5906  5906 E SmsApplication: com.google.android.apps.messaging lost android:read_cell_broadcasts:  (fixing)
