04-04 10:52:00.033   413   413 E SurfaceFlinger: Out of order buffers detected for RequestedLayerState{com.google.android.apps.nexuslauncher/com.google.android.apps.nexuslauncher.NexusLauncherActivity#109 parentId=106} producedId=9 frameNumber=327 -> producedId=9 frameNumber=37
04-04 10:53:00.033   413   413 E SurfaceFlinger: Out of order buffers detected for RequestedLayerState{com.google.android.apps.nexuslauncher/com.google.android.apps.nexuslauncher.NexusLauncherActivity#109 parentId=106} producedId=9 frameNumber=327 -> producedId=9 frameNumber=38
04-04 10:53:33.983   413   413 E SurfaceFlinger: Out of order buffers detected for RequestedLayerState{com.google.android.apps.nexuslauncher/com.google.android.apps.nexuslauncher.NexusLauncherActivity#109 parentId=106} producedId=9 frameNumber=327 -> producedId=9 frameNumber=39
04-04 10:53:34.001   413   413 E SurfaceFlinger: Out of order buffers detected for RequestedLayerState{com.google.android.apps.nexuslauncher/com.google.android.apps.nexuslauncher.NexusLauncherActivity#109 parentId=106} producedId=9 frameNumber=327 -> producedId=9 frameNumber=40
04-04 10:53:34.016   413   413 E SurfaceFlinger: Out of order buffers detected for RequestedLayerState{com.google.android.apps.nexuslauncher/com.google.android.apps.nexuslauncher.NexusLauncherActivity#109 parentId=106} producedId=9 frameNumber=327 -> producedId=9 frameNumber=41
04-04 10:53:34.033   413   413 E SurfaceFlinger: Out of order buffers detected for RequestedLayerState{com.google.android.apps.nexuslauncher/com.google.android.apps.nexuslauncher.NexusLauncherActivity#109 parentId=106} producedId=9 frameNumber=327 -> producedId=9 frameNumber=42
04-04 10:53:34.049   413   413 E SurfaceFlinger: Out of order buffers detected for RequestedLayerState{com.google.android.apps.nexuslauncher/com.google.android.apps.nexuslauncher.NexusLauncherActivity#109 parentId=106} producedId=9 frameNumber=327 -> producedId=9 frameNumber=43
04-04 10:53:34.066   413   413 E SurfaceFlinger: Out of order buffers detected for RequestedLayerState{com.google.android.apps.nexuslauncher/com.google.android.apps.nexuslauncher.NexusLauncherActivity#109 parentId=106} producedId=9 frameNumber=327 -> producedId=9 frameNumber=44
04-04 10:53:34.083   413   413 E SurfaceFlinger: Out of order buffers detected for RequestedLayerState{com.google.android.apps.nexuslauncher/com.google.android.apps.nexuslauncher.NexusLauncherActivity#109 parentId=106} producedId=9 frameNumber=327 -> producedId=9 frameNumber=45
04-04 10:53:34.465  5572  5572 E TransactionExecutor: Failed to execute the transaction: tId:1452302695 ClientTransaction{
04-04 10:53:34.465  5572  5572 E TransactionExecutor: tId:1452302695   transactionItems=[
04-04 10:53:34.465  5572  5572 E TransactionExecutor: tId:1452302695     LaunchActivityItem{activityToken=android.os.BinderProxy@b45b418,intent=Intent { flg=0x10000000 cmp=de.gaffga.android.zazentimer/.ZazenTimerActivity },ident=260932322,info=ActivityInfo{28e69cb de.gaffga.android.zazentimer.ZazenTimerActivity},curConfig={1.0 310mcc260mnc [en_US] ldltr sw411dp w411dp h838dp 420dpi nrml long port finger qwerty/v/v -nav/h winConfig={ mBounds=Rect(0, 0 - 1080, 2400) mAppBounds=Rect(0, 136 - 1080, 2337) mMaxBounds=Rect(0, 0 - 1080, 2400) mDisplayRotation=ROTATION_0 mWindowingMode=fullscreen mActivityType=undefined mAlwaysOnTop=undefined mRotation=ROTATION_0} as.2 s.35 fontWeightAdjustment=0},overrideConfig={1.0 310mcc260mnc [en_US] ldltr sw411dp w411dp h838dp 420dpi nrml long port finger qwerty/v/v -nav/h winConfig={ mBounds=Rect(0, 0 - 1080, 2400) mAppBounds=Rect(0, 136 - 1080, 2337) mMaxBounds=Rect(0, 0 - 1080, 2400) mDisplayRotation=ROTATION_0 mWindowingMode=fullscreen mActivityType=standard mAlwaysOnTop=undefined mRotation=ROTATION_0} as.2 s.3 fontWeightAdjustment=0},deviceId=0,referrer=com.android.shell,procState=2,state=null,persistentState=null,pendingResults=null,pendingNewIntents=null,sceneTransitionInfo=null,profilerInfo=null,assistToken=android.os.BinderProxy@a6e19bc,shareableActivityToken=android.os.BinderProxy@206d45,activityWindowInfo=ActivityWindowInfo{isEmbedded=false, taskBounds=Rect(0, 0 - 1080, 2400), taskFragmentBounds=Rect(0, 0 - 1080, 2400)}}
04-04 10:53:34.465  5572  5572 E TransactionExecutor: tId:1452302695     ResumeActivityItem{mActivityToken=android.os.BinderProxy@b45b418,procState=-1,updateProcState=false,isForward=true,shouldSendCompatFakeFocus=false}
04-04 10:53:34.465  5572  5572 E TransactionExecutor: tId:1452302695     Target activity: de.gaffga.android.zazentimer.ZazenTimerActivity
04-04 10:53:34.465  5572  5572 E TransactionExecutor: tId:1452302695   ]
04-04 10:53:34.465  5572  5572 E TransactionExecutor: tId:1452302695 }
04-04 10:53:34.476  5572  5572 E AndroidRuntime: FATAL EXCEPTION: main
04-04 10:53:34.476  5572  5572 E AndroidRuntime: Process: de.gaffga.android.zazentimer, PID: 5572
04-04 10:53:34.476  5572  5572 E AndroidRuntime: java.lang.RuntimeException: Unable to start activity ComponentInfo{de.gaffga.android.zazentimer/de.gaffga.android.zazentimer.ZazenTimerActivity}: android.view.InflateException: Binary XML file line #5 in de.gaffga.android.zazentimer:layout/main: Binary XML file line #5 in de.gaffga.android.zazentimer:layout/main: Error inflating class android.support.design.widget.AppBarLayout
04-04 10:53:34.476  5572  5572 E AndroidRuntime: 	at android.app.ActivityThread.performLaunchActivity(ActivityThread.java:4048)
04-04 10:53:34.476  5572  5572 E AndroidRuntime: 	at android.app.ActivityThread.handleLaunchActivity(ActivityThread.java:4235)
04-04 10:53:34.476  5572  5572 E AndroidRuntime: 	at android.app.servertransaction.LaunchActivityItem.execute(LaunchActivityItem.java:112)
04-04 10:53:34.476  5572  5572 E AndroidRuntime: 	at android.app.servertransaction.TransactionExecutor.executeNonLifecycleItem(TransactionExecutor.java:174)
04-04 10:53:34.476  5572  5572 E AndroidRuntime: 	at android.app.servertransaction.TransactionExecutor.executeTransactionItems(TransactionExecutor.java:109)
04-04 10:53:34.476  5572  5572 E AndroidRuntime: 	at android.app.servertransaction.TransactionExecutor.execute(TransactionExecutor.java:81)
04-04 10:53:34.476  5572  5572 E AndroidRuntime: 	at android.app.ActivityThread$H.handleMessage(ActivityThread.java:2636)
04-04 10:53:34.476  5572  5572 E AndroidRuntime: 	at android.os.Handler.dispatchMessage(Handler.java:107)
04-04 10:53:34.476  5572  5572 E AndroidRuntime: 	at android.os.Looper.loopOnce(Looper.java:232)
04-04 10:53:34.476  5572  5572 E AndroidRuntime: 	at android.os.Looper.loop(Looper.java:317)
04-04 10:53:34.476  5572  5572 E AndroidRuntime: 	at android.app.ActivityThread.main(ActivityThread.java:8705)
04-04 10:53:34.476  5572  5572 E AndroidRuntime: 	at java.lang.reflect.Method.invoke(Native Method)
04-04 10:53:34.476  5572  5572 E AndroidRuntime: 	at com.android.internal.os.RuntimeInit$MethodAndArgsCaller.run(RuntimeInit.java:580)
04-04 10:53:34.476  5572  5572 E AndroidRuntime: 	at com.android.internal.os.ZygoteInit.main(ZygoteInit.java:886)
04-04 10:53:34.476  5572  5572 E AndroidRuntime: Caused by: android.view.InflateException: Binary XML file line #5 in de.gaffga.android.zazentimer:layout/main: Binary XML file line #5 in de.gaffga.android.zazentimer:layout/main: Error inflating class android.support.design.widget.AppBarLayout
04-04 10:53:34.476  5572  5572 E AndroidRuntime: Caused by: android.view.InflateException: Binary XML file line #5 in de.gaffga.android.zazentimer:layout/main: Error inflating class android.support.design.widget.AppBarLayout
04-04 10:53:34.476  5572  5572 E AndroidRuntime: Caused by: java.lang.ClassNotFoundException: android.support.design.widget.AppBarLayout
04-04 10:53:34.476  5572  5572 E AndroidRuntime: 	at java.lang.Class.classForName(Native Method)
04-04 10:53:34.476  5572  5572 E AndroidRuntime: 	at java.lang.Class.forName(Class.java:607)
04-04 10:53:34.476  5572  5572 E AndroidRuntime: 	at android.view.LayoutInflater.createView(LayoutInflater.java:703)
04-04 10:53:34.476  5572  5572 E AndroidRuntime: 	at android.view.LayoutInflater.createViewFromTag(LayoutInflater.java:894)
04-04 10:53:34.476  5572  5572 E AndroidRuntime: 	at android.view.LayoutInflater.createViewFromTag(LayoutInflater.java:849)
04-04 10:53:34.476  5572  5572 E AndroidRuntime: 	at android.view.LayoutInflater.inflate(LayoutInflater.java:543)
04-04 10:53:34.476  5572  5572 E AndroidRuntime: 	at android.view.LayoutInflater.inflate(LayoutInflater.java:462)
04-04 10:53:34.476  5572  5572 E AndroidRuntime: 	at android.view.LayoutInflater.inflate(LayoutInflater.java:413)
04-04 10:53:34.476  5572  5572 E AndroidRuntime: 	at androidx.appcompat.app.AppCompatDelegateImpl.setContentView(AppCompatDelegateImpl.java:775)
04-04 10:53:34.476  5572  5572 E AndroidRuntime: 	at androidx.appcompat.app.AppCompatActivity.setContentView(AppCompatActivity.java:197)
04-04 10:53:34.476  5572  5572 E AndroidRuntime: 	at de.gaffga.android.zazentimer.ZazenTimerActivity.initView(ZazenTimerActivity.java:224)
04-04 10:53:34.476  5572  5572 E AndroidRuntime: 	at de.gaffga.android.zazentimer.ZazenTimerActivity.onCreate(ZazenTimerActivity.java:150)
04-04 10:53:34.476  5572  5572 E AndroidRuntime: 	at android.app.Activity.performCreate(Activity.java:9002)
04-04 10:53:34.476  5572  5572 E AndroidRuntime: 	at android.app.Activity.performCreate(Activity.java:8980)
04-04 10:53:34.476  5572  5572 E AndroidRuntime: 	at android.app.Instrumentation.callActivityOnCreate(Instrumentation.java:1526)
04-04 10:53:34.476  5572  5572 E AndroidRuntime: 	at android.app.ActivityThread.performLaunchActivity(ActivityThread.java:4030)
04-04 10:53:34.476  5572  5572 E AndroidRuntime: 	at android.app.ActivityThread.handleLaunchActivity(ActivityThread.java:4235)
04-04 10:53:34.476  5572  5572 E AndroidRuntime: 	at android.app.servertransaction.LaunchActivityItem.execute(LaunchActivityItem.java:112)
04-04 10:53:34.476  5572  5572 E AndroidRuntime: 	at android.app.servertransaction.TransactionExecutor.executeNonLifecycleItem(TransactionExecutor.java:174)
04-04 10:53:34.476  5572  5572 E AndroidRuntime: 	at android.app.servertransaction.TransactionExecutor.executeTransactionItems(TransactionExecutor.java:109)
04-04 10:53:34.476  5572  5572 E AndroidRuntime: 	at android.app.servertransaction.TransactionExecutor.execute(TransactionExecutor.java:81)
04-04 10:53:34.476  5572  5572 E AndroidRuntime: 	at android.app.ActivityThread$H.handleMessage(ActivityThread.java:2636)
04-04 10:53:34.476  5572  5572 E AndroidRuntime: 	at android.os.Handler.dispatchMessage(Handler.java:107)
04-04 10:53:34.476  5572  5572 E AndroidRuntime: 	at android.os.Looper.loopOnce(Looper.java:232)
04-04 10:53:34.476  5572  5572 E AndroidRuntime: 	at android.os.Looper.loop(Looper.java:317)
04-04 10:53:34.476  5572  5572 E AndroidRuntime: 	at android.app.ActivityThread.main(ActivityThread.java:8705)
04-04 10:53:34.476  5572  5572 E AndroidRuntime: 	at java.lang.reflect.Method.invoke(Native Method)
04-04 10:53:34.478  5572  5572 E AndroidRuntime: 	at com.android.internal.os.RuntimeInit$MethodAndArgsCaller.run(RuntimeInit.java:580)
04-04 10:53:34.478  5572  5572 E AndroidRuntime: 	at com.android.internal.os.ZygoteInit.main(ZygoteInit.java:886)
04-04 10:53:34.478  5572  5572 E AndroidRuntime: Caused by: java.lang.ClassNotFoundException: Didn't find class "android.support.design.widget.AppBarLayout" on path: DexPathList[[zip file "/data/app/~~zEGqsd-cyRhmle5_pXA2CQ==/de.gaffga.android.zazentimer-dqqdVJ70KoAQ2nUlKRgMYA==/base.apk"],nativeLibraryDirectories=[/data/app/~~zEGqsd-cyRhmle5_pXA2CQ==/de.gaffga.android.zazentimer-dqqdVJ70KoAQ2nUlKRgMYA==/lib/x86_64, /system/lib64, /system_ext/lib64]]
04-04 10:53:34.478  5572  5572 E AndroidRuntime: 	at dalvik.system.BaseDexClassLoader.findClass(BaseDexClassLoader.java:259)
04-04 10:53:34.478  5572  5572 E AndroidRuntime: 	at java.lang.ClassLoader.loadClass(ClassLoader.java:637)
04-04 10:53:34.478  5572  5572 E AndroidRuntime: 	at java.lang.ClassLoader.loadClass(ClassLoader.java:573)
04-04 10:53:34.478  5572  5572 E AndroidRuntime: 	... 29 more
04-04 10:53:34.557  1034  1682 E FrameEvents: addRelease: Did not find frame.
04-04 10:53:34.616   413   413 E SurfaceFlinger: Out of order buffers detected for RequestedLayerState{com.google.android.apps.nexuslauncher/com.google.android.apps.nexuslauncher.NexusLauncherActivity#109 parentId=106} producedId=10 frameNumber=327 -> producedId=10 frameNumber=2
04-04 10:53:34.634  1451  1743 E A       : (REDACTED) Trace %s timed out after %d ms. Complete trace: %s
04-04 10:53:34.634  1451  1743 E A       : com.google.apps.tiktok.tracing.gc: 
04-04 10:53:34.634  1451  1743 E A       : 	at tk_trace.Query: SELECT observation_store_id, observation_batch FROM ObservationStore ORDER BY observation_store_id(Started After:60)
04-04 10:53:34.634  1451  1743 E A       : 	at tk_trace.Transaction(Started After:60)
04-04 10:53:34.634  1451  1743 E A       : 	at tk_trace.Synclet: MobaltLogUploader(Started After:21)
04-04 10:53:34.634  1451  1743 E A       : 	at tk_trace.NoAccountWorkerFactory startWork()(Started After:0)
04-04 10:53:34.634  1451  1743 E A       : 	at tk_trace.com.google.apps.tiktok.sync.impl.workmanager.SyncWorker startWork()(Started After:0)
04-04 10:53:34.634  1451  1743 E A       : 	at tk_trace.com.google.apps.tiktok.sync.impl.workmanager.SyncWorker startWork()(Started After:0)
04-04 10:53:34.634  1451  1743 E A       : 	at tk_trace.WorkManager:TikTokListenableWorker startWork(Started After:0)
04-04 10:53:34.649   413   413 E SurfaceFlinger: Out of order buffers detected for RequestedLayerState{com.google.android.apps.nexuslauncher/com.google.android.apps.nexuslauncher.NexusLauncherActivity#109 parentId=106} producedId=10 frameNumber=327 -> producedId=10 frameNumber=3
04-04 10:53:34.664  1451  1743 E A       : (REDACTED) Trace %s timed out after %d ms. Complete trace: %s
04-04 10:53:34.664  1451  1743 E A       : com.google.apps.tiktok.tracing.gc: 
04-04 10:53:34.664  1451  1743 E A       : 	at tk_trace.Read DataCollectionCacheDataStore(Started After:26)
04-04 10:53:34.664  1451  1743 E A       : 	at tk_trace.Get DataCollectionCacheDataStore(Started After:22)
04-04 10:53:34.664  1451  1743 E A       : 	at tk_trace.PropagatingContext(Started After:0)
04-04 10:53:34.664  1451  1743 E A       : 	at tk_trace.java.com.google.android.apps.search.assistant.surfaces.voice.robin.growthcohorts.CohortService/MaybeRefreshCohortDetails(Started After:0)
04-04 10:53:34.669  1451  1743 E A       : (REDACTED) Trace %s timed out after %d ms. Complete trace: %s
04-04 10:53:34.669  1451  1743 E A       : com.google.apps.tiktok.tracing.gc: 
04-04 10:53:34.669  1451  1743 E A       : 	at tk_trace.LocationUpdateRequester#isEnabled(Started After:23)
04-04 10:53:34.669  1451  1743 E A       : 	at tk_trace.LocationUpdateRequester#requestOrRemoveLocationUpdates(Started After:23)
04-04 10:53:34.669  1451  1743 E A       : 	at tk_trace.LocationUpdateRequestScheduler#scheduleLocationUpdateRequest(Started After:15)
04-04 10:53:34.669  1451  1743 E A       : 	at tk_trace.LocationUpdateApplicationStartupListener#onApplicationStartup(Started After:5)
04-04 10:53:34.669  1451  1743 E A       : 	at tk_trace.LocationUpdateApplicationStartupListener(Started After:5)
04-04 10:53:34.669  1451  1743 E A       : 	at tk_trace.Startup Listeners(Started After:4)
04-04 10:53:34.669  1451  1743 E A       : 	at tk_trace.Application.onCreate(Started After:4)
04-04 10:53:34.669  1451  1743 E A       : 	at tk_trace.Application creation(Started After:0)
04-04 10:53:34.683   413   413 E SurfaceFlinger: Out of order buffers detected for RequestedLayerState{com.google.android.apps.nexuslauncher/com.google.android.apps.nexuslauncher.NexusLauncherActivity#109 parentId=106} producedId=10 frameNumber=327 -> producedId=10 frameNumber=4
04-04 10:53:34.749   413   413 E SurfaceFlinger: Out of order buffers detected for RequestedLayerState{com.google.android.apps.nexuslauncher/com.google.android.apps.nexuslauncher.NexusLauncherActivity#109 parentId=106} producedId=10 frameNumber=327 -> producedId=10 frameNumber=5
04-04 10:53:34.750  1451  1987 E A       : (REDACTED) Trace %s timed out after %d ms. Complete trace: %s
04-04 10:53:34.750  1451  1987 E A       : com.google.apps.tiktok.tracing.gc: 
04-04 10:53:34.750  1451  1987 E A       : 	at tk_trace.OnOpNotedCallback#onAsyncNoted(Started After:0)
04-04 10:53:34.783   413   413 E SurfaceFlinger: Out of order buffers detected for RequestedLayerState{com.google.android.apps.nexuslauncher/com.google.android.apps.nexuslauncher.NexusLauncherActivity#109 parentId=106} producedId=10 frameNumber=327 -> producedId=10 frameNumber=6
04-04 10:53:34.818   413   413 E SurfaceFlinger: Out of order buffers detected for RequestedLayerState{com.google.android.apps.nexuslauncher/com.google.android.apps.nexuslauncher.NexusLauncherActivity#109 parentId=106} producedId=10 frameNumber=327 -> producedId=10 frameNumber=7
04-04 10:53:34.850   413   413 E SurfaceFlinger: Out of order buffers detected for RequestedLayerState{com.google.android.apps.nexuslauncher/com.google.android.apps.nexuslauncher.NexusLauncherActivity#109 parentId=106} producedId=10 frameNumber=327 -> producedId=10 frameNumber=8
04-04 10:53:34.900   413   413 E SurfaceFlinger: Out of order buffers detected for RequestedLayerState{com.google.android.apps.nexuslauncher/com.google.android.apps.nexuslauncher.NexusLauncherActivity#109 parentId=106} producedId=10 frameNumber=327 -> producedId=10 frameNumber=9
04-04 10:53:34.917   413   413 E SurfaceFlinger: Out of order buffers detected for RequestedLayerState{com.google.android.apps.nexuslauncher/com.google.android.apps.nexuslauncher.NexusLauncherActivity#109 parentId=106} producedId=10 frameNumber=327 -> producedId=10 frameNumber=10
04-04 10:53:34.933   413   413 E SurfaceFlinger: Out of order buffers detected for RequestedLayerState{com.google.android.apps.nexuslauncher/com.google.android.apps.nexuslauncher.NexusLauncherActivity#109 parentId=106} producedId=10 frameNumber=327 -> producedId=10 frameNumber=11
04-04 10:53:34.970   413   413 E SurfaceFlinger: Out of order buffers detected for RequestedLayerState{com.google.android.apps.nexuslauncher/com.google.android.apps.nexuslauncher.NexusLauncherActivity#109 parentId=106} producedId=10 frameNumber=327 -> producedId=10 frameNumber=12
04-04 10:53:34.984   413   413 E SurfaceFlinger: Out of order buffers detected for RequestedLayerState{com.google.android.apps.nexuslauncher/com.google.android.apps.nexuslauncher.NexusLauncherActivity#109 parentId=106} producedId=10 frameNumber=327 -> producedId=10 frameNumber=13
04-04 10:53:35.000   413   413 E SurfaceFlinger: Out of order buffers detected for RequestedLayerState{com.google.android.apps.nexuslauncher/com.google.android.apps.nexuslauncher.NexusLauncherActivity#109 parentId=106} producedId=10 frameNumber=327 -> producedId=10 frameNumber=14
04-04 10:53:35.033   413   413 E SurfaceFlinger: Out of order buffers detected for RequestedLayerState{com.google.android.apps.nexuslauncher/com.google.android.apps.nexuslauncher.NexusLauncherActivity#109 parentId=106} producedId=10 frameNumber=327 -> producedId=10 frameNumber=15
04-04 10:53:35.049   413   413 E SurfaceFlinger: Out of order buffers detected for RequestedLayerState{com.google.android.apps.nexuslauncher/com.google.android.apps.nexuslauncher.NexusLauncherActivity#109 parentId=106} producedId=10 frameNumber=327 -> producedId=10 frameNumber=16
04-04 10:53:35.083   413   413 E SurfaceFlinger: Out of order buffers detected for RequestedLayerState{com.google.android.apps.nexuslauncher/com.google.android.apps.nexuslauncher.NexusLauncherActivity#109 parentId=106} producedId=10 frameNumber=327 -> producedId=10 frameNumber=17
04-04 10:53:35.099   413   413 E SurfaceFlinger: Out of order buffers detected for RequestedLayerState{com.google.android.apps.nexuslauncher/com.google.android.apps.nexuslauncher.NexusLauncherActivity#109 parentId=106} producedId=10 frameNumber=327 -> producedId=10 frameNumber=18
04-04 10:53:35.116   413   413 E SurfaceFlinger: Out of order buffers detected for RequestedLayerState{com.google.android.apps.nexuslauncher/com.google.android.apps.nexuslauncher.NexusLauncherActivity#109 parentId=106} producedId=10 frameNumber=327 -> producedId=10 frameNumber=19
04-04 10:53:35.133   413   413 E SurfaceFlinger: Out of order buffers detected for RequestedLayerState{com.google.android.apps.nexuslauncher/com.google.android.apps.nexuslauncher.NexusLauncherActivity#109 parentId=106} producedId=10 frameNumber=327 -> producedId=10 frameNumber=20
04-04 10:53:35.149   413   413 E SurfaceFlinger: Out of order buffers detected for RequestedLayerState{com.google.android.apps.nexuslauncher/com.google.android.apps.nexuslauncher.NexusLauncherActivity#109 parentId=106} producedId=10 frameNumber=327 -> producedId=10 frameNumber=21
04-04 10:53:35.166   413   413 E SurfaceFlinger: Out of order buffers detected for RequestedLayerState{com.google.android.apps.nexuslauncher/com.google.android.apps.nexuslauncher.NexusLauncherActivity#109 parentId=106} producedId=10 frameNumber=327 -> producedId=10 frameNumber=22
04-04 10:53:35.185   413   413 E SurfaceFlinger: Out of order buffers detected for RequestedLayerState{com.google.android.apps.nexuslauncher/com.google.android.apps.nexuslauncher.NexusLauncherActivity#109 parentId=106} producedId=10 frameNumber=327 -> producedId=10 frameNumber=23
04-04 10:53:35.199   413   413 E SurfaceFlinger: Out of order buffers detected for RequestedLayerState{com.google.android.apps.nexuslauncher/com.google.android.apps.nexuslauncher.NexusLauncherActivity#109 parentId=106} producedId=10 frameNumber=327 -> producedId=10 frameNumber=24
04-04 10:53:35.216   413   413 E SurfaceFlinger: Out of order buffers detected for RequestedLayerState{com.google.android.apps.nexuslauncher/com.google.android.apps.nexuslauncher.NexusLauncherActivity#109 parentId=106} producedId=10 frameNumber=327 -> producedId=10 frameNumber=25
04-04 10:53:37.392   542  1379 E TaskPersister: File error accessing recents directory (directory doesn't exist?).
04-04 10:54:00.033   413   413 E SurfaceFlinger: Out of order buffers detected for RequestedLayerState{com.google.android.apps.nexuslauncher/com.google.android.apps.nexuslauncher.NexusLauncherActivity#109 parentId=106} producedId=10 frameNumber=327 -> producedId=10 frameNumber=26
04-04 10:55:00.033   413   413 E SurfaceFlinger: Out of order buffers detected for RequestedLayerState{com.google.android.apps.nexuslauncher/com.google.android.apps.nexuslauncher.NexusLauncherActivity#109 parentId=106} producedId=10 frameNumber=327 -> producedId=10 frameNumber=27
04-04 10:55:21.426   542  1544 E SystemServiceRegistry: No service published for: persistent_data_block
04-04 10:55:21.426   542  1544 E SystemServiceRegistry: android.os.ServiceManager$ServiceNotFoundException: No service published for: persistent_data_block
04-04 10:55:21.426   542  1544 E SystemServiceRegistry: 	at android.os.ServiceManager.getServiceOrThrow(ServiceManager.java:203)
04-04 10:55:21.426   542  1544 E SystemServiceRegistry: 	at android.app.SystemServiceRegistry$81.createService(SystemServiceRegistry.java:1071)
04-04 10:55:21.426   542  1544 E SystemServiceRegistry: 	at android.app.SystemServiceRegistry$81.createService(SystemServiceRegistry.java:1068)
04-04 10:55:21.426   542  1544 E SystemServiceRegistry: 	at android.app.SystemServiceRegistry$StaticServiceFetcher.getService(SystemServiceRegistry.java:2293)
04-04 10:55:21.426   542  1544 E SystemServiceRegistry: 	at android.app.SystemServiceRegistry.getSystemService(SystemServiceRegistry.java:1812)
04-04 10:55:21.426   542  1544 E SystemServiceRegistry: 	at android.app.ContextImpl.getSystemService(ContextImpl.java:2241)
04-04 10:55:21.426   542  1544 E SystemServiceRegistry: 	at android.content.Context.getSystemService(Context.java:4503)
04-04 10:55:21.426   542  1544 E SystemServiceRegistry: 	at com.android.server.pm.PackageInstallerSession.markAsSealed(PackageInstallerSession.java:2394)
04-04 10:55:21.426   542  1544 E SystemServiceRegistry: 	at com.android.server.pm.PackageInstallerSession.commit(PackageInstallerSession.java:2143)
04-04 10:55:21.426   542  1544 E SystemServiceRegistry: 	at android.content.pm.PackageInstaller$Session.commit(PackageInstaller.java:1977)
04-04 10:55:21.426   542  1544 E SystemServiceRegistry: 	at com.android.server.pm.PackageManagerShellCommand.doCommitSession(PackageManagerShellCommand.java:4298)
04-04 10:55:21.426   542  1544 E SystemServiceRegistry: 	at com.android.server.pm.PackageManagerShellCommand.doRunInstall(PackageManagerShellCommand.java:1634)
04-04 10:55:21.426   542  1544 E SystemServiceRegistry: 	at com.android.server.pm.PackageManagerShellCommand.runInstall(PackageManagerShellCommand.java:1561)
04-04 10:55:21.426   542  1544 E SystemServiceRegistry: 	at com.android.server.pm.PackageManagerShellCommand.onCommand(PackageManagerShellCommand.java:245)
04-04 10:55:21.426   542  1544 E SystemServiceRegistry: 	at com.android.modules.utils.BasicShellCommandHandler.exec(BasicShellCommandHandler.java:97)
04-04 10:55:21.426   542  1544 E SystemServiceRegistry: 	at android.os.ShellCommand.exec(ShellCommand.java:38)
04-04 10:55:21.426   542  1544 E SystemServiceRegistry: 	at com.android.server.pm.PackageManagerService$IPackageManagerImpl.onShellCommand(PackageManagerService.java:6561)
04-04 10:55:21.426   542  1544 E SystemServiceRegistry: 	at android.os.Binder.shellCommand(Binder.java:1230)
04-04 10:55:21.426   542  1544 E SystemServiceRegistry: 	at android.os.Binder.onTransact(Binder.java:1043)
04-04 10:55:21.426   542  1544 E SystemServiceRegistry: 	at android.content.pm.IPackageManager$Stub.onTransact(IPackageManager.java:4620)
04-04 10:55:21.426   542  1544 E SystemServiceRegistry: 	at com.android.server.pm.PackageManagerService$IPackageManagerImpl.onTransact(PackageManagerService.java:6545)
04-04 10:55:21.426   542  1544 E SystemServiceRegistry: 	at android.os.Binder.execTransactInternal(Binder.java:1505)
04-04 10:55:21.426   542  1544 E SystemServiceRegistry: 	at android.os.Binder.execTransact(Binder.java:1444)
04-04 10:55:21.426   542  1544 E SystemServiceRegistry: Manager wrapper not available: persistent_data_block
04-04 10:55:21.605   542   705 E AppOps  : attributionTag VCN not declared in manifest of android
04-04 10:55:21.615   542   705 E AppOps  : attributionTag VCN not declared in manifest of android
04-04 10:55:21.672   942   942 E SmsApplication: com.google.android.apps.messaging lost android:read_cell_broadcasts:  (fixing)
04-04 10:55:21.694   942   942 E CellBroadcastUtils: getDefaultCellBroadcastReceiverPackageName: no package found
04-04 10:55:21.718   542   705 E AppOps  : attributionTag VCN not declared in manifest of android
04-04 10:55:21.727   542   571 E AtomicFile: Failed to rename /data/system/install_sessions.xml.new to /data/system/install_sessions.xml
04-04 10:55:21.751   942   942 E SmsApplication: com.google.android.apps.messaging lost android:read_cell_broadcasts:  (fixing)
04-04 10:55:21.759   942   942 E CellBroadcastUtils: getDefaultCellBroadcastReceiverPackageName: no package found
04-04 10:55:21.777   942   942 E SmsApplication: com.google.android.apps.messaging lost android:read_cell_broadcasts:  (fixing)
04-04 10:55:21.779   942   942 E CellBroadcastUtils: getDefaultCellBroadcastReceiverPackageName: no package found
04-04 10:55:21.999   413   413 E SurfaceFlinger: Out of order buffers detected for RequestedLayerState{com.google.android.apps.nexuslauncher/com.google.android.apps.nexuslauncher.NexusLauncherActivity#109 parentId=106} producedId=10 frameNumber=327 -> producedId=10 frameNumber=28
04-04 10:55:22.016   413   413 E SurfaceFlinger: Out of order buffers detected for RequestedLayerState{com.google.android.apps.nexuslauncher/com.google.android.apps.nexuslauncher.NexusLauncherActivity#109 parentId=106} producedId=10 frameNumber=327 -> producedId=10 frameNumber=29
04-04 10:55:22.033   413   413 E SurfaceFlinger: Out of order buffers detected for RequestedLayerState{com.google.android.apps.nexuslauncher/com.google.android.apps.nexuslauncher.NexusLauncherActivity#109 parentId=106} producedId=10 frameNumber=327 -> producedId=10 frameNumber=30
04-04 10:55:22.049   413   413 E SurfaceFlinger: Out of order buffers detected for RequestedLayerState{com.google.android.apps.nexuslauncher/com.google.android.apps.nexuslauncher.NexusLauncherActivity#109 parentId=106} producedId=10 frameNumber=327 -> producedId=10 frameNumber=31
04-04 10:55:22.083   413   413 E SurfaceFlinger: Out of order buffers detected for RequestedLayerState{com.google.android.apps.nexuslauncher/com.google.android.apps.nexuslauncher.NexusLauncherActivity#109 parentId=106} producedId=10 frameNumber=327 -> producedId=10 frameNumber=32
04-04 10:55:22.099   413   413 E SurfaceFlinger: Out of order buffers detected for RequestedLayerState{com.google.android.apps.nexuslauncher/com.google.android.apps.nexuslauncher.NexusLauncherActivity#109 parentId=106} producedId=10 frameNumber=327 -> producedId=10 frameNumber=33
04-04 10:55:22.149   413   413 E SurfaceFlinger: Out of order buffers detected for RequestedLayerState{com.google.android.apps.nexuslauncher/com.google.android.apps.nexuslauncher.NexusLauncherActivity#109 parentId=106} producedId=10 frameNumber=327 -> producedId=10 frameNumber=34
04-04 10:55:22.603  1795  1972 E Finsky  : [51] [Counters] attempted to use a non-positive increment for: 4752
04-04 10:55:22.604  1795  1972 E Finsky  : [51] [Counters] attempted to use a non-positive increment for: 4753
04-04 10:55:22.929  1795  1991 E Finsky  : [53] [Counters] attempted to use a non-positive increment for: 4752
04-04 10:55:22.933  1795  1972 E Finsky  : [51] [Counters] attempted to use a non-positive increment for: 4753
04-04 10:55:23.168  1795  1972 E Finsky  : [51] ItemStore: getItems RPC failed for item de.gaffga.android.zazentimer
04-04 10:55:23.168  1795  1972 E Finsky  : [51] ItemStore: getItems RPC failed for item de.gaffga.android.zazentimer
04-04 10:55:23.640  5623  5623 E TransactionExecutor: Failed to execute the transaction: tId:1582060619 ClientTransaction{
04-04 10:55:23.640  5623  5623 E TransactionExecutor: tId:1582060619   transactionItems=[
04-04 10:55:23.640  5623  5623 E TransactionExecutor: tId:1582060619     LaunchActivityItem{activityToken=android.os.BinderProxy@b45b418,intent=Intent { flg=0x10000000 cmp=de.gaffga.android.zazentimer/.ZazenTimerActivity },ident=60289974,info=ActivityInfo{d7ff629 de.gaffga.android.zazentimer.ZazenTimerActivity},curConfig={1.0 310mcc260mnc [en_US] ldltr sw411dp w411dp h838dp 420dpi nrml long port finger qwerty/v/v -nav/h winConfig={ mBounds=Rect(0, 0 - 1080, 2400) mAppBounds=Rect(0, 136 - 1080, 2337) mMaxBounds=Rect(0, 0 - 1080, 2400) mDisplayRotation=ROTATION_0 mWindowingMode=fullscreen mActivityType=undefined mAlwaysOnTop=undefined mRotation=ROTATION_0} as.2 s.35 fontWeightAdjustment=0},overrideConfig={1.0 310mcc260mnc [en_US] ldltr sw411dp w411dp h838dp 420dpi nrml long port finger qwerty/v/v -nav/h winConfig={ mBounds=Rect(0, 0 - 1080, 2400) mAppBounds=Rect(0, 136 - 1080, 2337) mMaxBounds=Rect(0, 0 - 1080, 2400) mDisplayRotation=ROTATION_0 mWindowingMode=fullscreen mActivityType=standard mAlwaysOnTop=undefined mRotation=ROTATION_0} as.2 s.3 fontWeightAdjustment=0},deviceId=0,referrer=com.android.shell,procState=2,state=null,persistentState=null,pendingResults=null,pendingNewIntents=null,sceneTransitionInfo=null,profilerInfo=null,assistToken=android.os.BinderProxy@1ceed62,shareableActivityToken=android.os.BinderProxy@d3b1ef3,activityWindowInfo=ActivityWindowInfo{isEmbedded=false, taskBounds=Rect(0, 0 - 1080, 2400), taskFragmentBounds=Rect(0, 0 - 1080, 2400)}}
04-04 10:55:23.640  5623  5623 E TransactionExecutor: tId:1582060619     ResumeActivityItem{mActivityToken=android.os.BinderProxy@b45b418,procState=-1,updateProcState=false,isForward=true,shouldSendCompatFakeFocus=false}
04-04 10:55:23.640  5623  5623 E TransactionExecutor: tId:1582060619     Target activity: de.gaffga.android.zazentimer.ZazenTimerActivity
04-04 10:55:23.640  5623  5623 E TransactionExecutor: tId:1582060619   ]
04-04 10:55:23.640  5623  5623 E TransactionExecutor: tId:1582060619 }
04-04 10:55:23.647  5623  5623 E AndroidRuntime: FATAL EXCEPTION: main
04-04 10:55:23.647  5623  5623 E AndroidRuntime: Process: de.gaffga.android.zazentimer, PID: 5623
04-04 10:55:23.647  5623  5623 E AndroidRuntime: java.lang.RuntimeException: Unable to resume activity {de.gaffga.android.zazentimer/de.gaffga.android.zazentimer.ZazenTimerActivity}: java.lang.SecurityException: de.gaffga.android.zazentimer: One of RECEIVER_EXPORTED or RECEIVER_NOT_EXPORTED should be specified when a receiver isn't being registered exclusively for system broadcasts
04-04 10:55:23.647  5623  5623 E AndroidRuntime: 	at android.app.ActivityThread.performResumeActivity(ActivityThread.java:5309)
04-04 10:55:23.647  5623  5623 E AndroidRuntime: 	at android.app.ActivityThread.handleResumeActivity(ActivityThread.java:5342)
04-04 10:55:23.647  5623  5623 E AndroidRuntime: 	at android.app.servertransaction.ResumeActivityItem.execute(ResumeActivityItem.java:57)
04-04 10:55:23.647  5623  5623 E AndroidRuntime: 	at android.app.servertransaction.ActivityTransactionItem.execute(ActivityTransactionItem.java:60)
04-04 10:55:23.647  5623  5623 E AndroidRuntime: 	at android.app.servertransaction.TransactionExecutor.executeLifecycleItem(TransactionExecutor.java:225)
04-04 10:55:23.647  5623  5623 E AndroidRuntime: 	at android.app.servertransaction.TransactionExecutor.executeTransactionItems(TransactionExecutor.java:107)
04-04 10:55:23.647  5623  5623 E AndroidRuntime: 	at android.app.servertransaction.TransactionExecutor.execute(TransactionExecutor.java:81)
04-04 10:55:23.647  5623  5623 E AndroidRuntime: 	at android.app.ActivityThread$H.handleMessage(ActivityThread.java:2636)
04-04 10:55:23.647  5623  5623 E AndroidRuntime: 	at android.os.Handler.dispatchMessage(Handler.java:107)
04-04 10:55:23.647  5623  5623 E AndroidRuntime: 	at android.os.Looper.loopOnce(Looper.java:232)
04-04 10:55:23.647  5623  5623 E AndroidRuntime: 	at android.os.Looper.loop(Looper.java:317)
04-04 10:55:23.647  5623  5623 E AndroidRuntime: 	at android.app.ActivityThread.main(ActivityThread.java:8705)
04-04 10:55:23.647  5623  5623 E AndroidRuntime: 	at java.lang.reflect.Method.invoke(Native Method)
04-04 10:55:23.647  5623  5623 E AndroidRuntime: 	at com.android.internal.os.RuntimeInit$MethodAndArgsCaller.run(RuntimeInit.java:580)
04-04 10:55:23.647  5623  5623 E AndroidRuntime: 	at com.android.internal.os.ZygoteInit.main(ZygoteInit.java:886)
04-04 10:55:23.647  5623  5623 E AndroidRuntime: Caused by: java.lang.SecurityException: de.gaffga.android.zazentimer: One of RECEIVER_EXPORTED or RECEIVER_NOT_EXPORTED should be specified when a receiver isn't being registered exclusively for system broadcasts
04-04 10:55:23.647  5623  5623 E AndroidRuntime: 	at android.os.Parcel.createExceptionOrNull(Parcel.java:3242)
04-04 10:55:23.647  5623  5623 E AndroidRuntime: 	at android.os.Parcel.createException(Parcel.java:3226)
04-04 10:55:23.647  5623  5623 E AndroidRuntime: 	at android.os.Parcel.readException(Parcel.java:3209)
04-04 10:55:23.647  5623  5623 E AndroidRuntime: 	at android.os.Parcel.readException(Parcel.java:3151)
04-04 10:55:23.647  5623  5623 E AndroidRuntime: 	at android.app.IActivityManager$Stub$Proxy.registerReceiverWithFeature(IActivityManager.java:6092)
04-04 10:55:23.647  5623  5623 E AndroidRuntime: 	at android.app.ContextImpl.registerReceiverInternal(ContextImpl.java:1881)
04-04 10:55:23.647  5623  5623 E AndroidRuntime: 	at android.app.ContextImpl.registerReceiver(ContextImpl.java:1821)
04-04 10:55:23.647  5623  5623 E AndroidRuntime: 	at android.app.ContextImpl.registerReceiver(ContextImpl.java:1809)
04-04 10:55:23.647  5623  5623 E AndroidRuntime: 	at android.content.ContextWrapper.registerReceiver(ContextWrapper.java:757)
04-04 10:55:23.647  5623  5623 E AndroidRuntime: 	at android.content.ContextWrapper.registerReceiver(ContextWrapper.java:757)
04-04 10:55:23.647  5623  5623 E AndroidRuntime: 	at de.gaffga.android.zazentimer.ZazenTimerActivity.onResume(ZazenTimerActivity.java:175)
04-04 10:55:23.647  5623  5623 E AndroidRuntime: 	at android.app.Instrumentation.callActivityOnResume(Instrumentation.java:1722)
04-04 10:55:23.647  5623  5623 E AndroidRuntime: 	at android.app.Activity.performResume(Activity.java:9160)
04-04 10:55:23.647  5623  5623 E AndroidRuntime: 	at android.app.ActivityThread.performResumeActivity(ActivityThread.java:5299)
04-04 10:55:23.647  5623  5623 E AndroidRuntime: 	... 14 more
04-04 10:55:23.647  5623  5623 E AndroidRuntime: Caused by: android.os.RemoteException: Remote stack trace:
04-04 10:55:23.647  5623  5623 E AndroidRuntime: 	at com.android.server.am.ActivityManagerService.registerReceiverWithFeatureTraced(ActivityManagerService.java:14828)
04-04 10:55:23.647  5623  5623 E AndroidRuntime: 	at com.android.server.am.ActivityManagerService.registerReceiverWithFeature(ActivityManagerService.java:14630)
04-04 10:55:23.647  5623  5623 E AndroidRuntime: 	at android.app.IActivityManager$Stub.onTransact(IActivityManager.java:2757)
04-04 10:55:23.647  5623  5623 E AndroidRuntime: 	at com.android.server.am.ActivityManagerService.onTransact(ActivityManagerService.java:2812)
04-04 10:55:23.647  5623  5623 E AndroidRuntime: 	at android.os.Binder.execTransactInternal(Binder.java:1500)
04-04 10:55:23.647  5623  5623 E AndroidRuntime: 
04-04 10:55:23.754  1034  1078 E FrameEvents: addRelease: Did not find frame.
04-04 10:55:24.266   413   413 E SurfaceFlinger: Out of order buffers detected for RequestedLayerState{com.google.android.apps.nexuslauncher/com.google.android.apps.nexuslauncher.NexusLauncherActivity#109 parentId=106} producedId=11 frameNumber=327 -> producedId=11 frameNumber=2
04-04 10:55:24.333   413   413 E SurfaceFlinger: Out of order buffers detected for RequestedLayerState{com.google.android.apps.nexuslauncher/com.google.android.apps.nexuslauncher.NexusLauncherActivity#109 parentId=106} producedId=11 frameNumber=327 -> producedId=11 frameNumber=3
04-04 10:55:24.383   413   413 E SurfaceFlinger: Out of order buffers detected for RequestedLayerState{com.google.android.apps.nexuslauncher/com.google.android.apps.nexuslauncher.NexusLauncherActivity#109 parentId=106} producedId=11 frameNumber=327 -> producedId=11 frameNumber=4
04-04 10:55:24.416   413   413 E SurfaceFlinger: Out of order buffers detected for RequestedLayerState{com.google.android.apps.nexuslauncher/com.google.android.apps.nexuslauncher.NexusLauncherActivity#109 parentId=106} producedId=11 frameNumber=327 -> producedId=11 frameNumber=5
04-04 10:55:24.433   413   413 E SurfaceFlinger: Out of order buffers detected for RequestedLayerState{com.google.android.apps.nexuslauncher/com.google.android.apps.nexuslauncher.NexusLauncherActivity#109 parentId=106} producedId=11 frameNumber=327 -> producedId=11 frameNumber=6
04-04 10:55:24.466   413   413 E SurfaceFlinger: Out of order buffers detected for RequestedLayerState{com.google.android.apps.nexuslauncher/com.google.android.apps.nexuslauncher.NexusLauncherActivity#109 parentId=106} producedId=11 frameNumber=327 -> producedId=11 frameNumber=7
04-04 10:55:24.500   413   413 E SurfaceFlinger: Out of order buffers detected for RequestedLayerState{com.google.android.apps.nexuslauncher/com.google.android.apps.nexuslauncher.NexusLauncherActivity#109 parentId=106} producedId=11 frameNumber=327 -> producedId=11 frameNumber=8
04-04 10:55:24.533   413   413 E SurfaceFlinger: Out of order buffers detected for RequestedLayerState{com.google.android.apps.nexuslauncher/com.google.android.apps.nexuslauncher.NexusLauncherActivity#109 parentId=106} producedId=11 frameNumber=327 -> producedId=11 frameNumber=9
04-04 10:55:24.566   413   413 E SurfaceFlinger: Out of order buffers detected for RequestedLayerState{com.google.android.apps.nexuslauncher/com.google.android.apps.nexuslauncher.NexusLauncherActivity#109 parentId=106} producedId=11 frameNumber=327 -> producedId=11 frameNumber=10
04-04 10:55:24.599   413   413 E SurfaceFlinger: Out of order buffers detected for RequestedLayerState{com.google.android.apps.nexuslauncher/com.google.android.apps.nexuslauncher.NexusLauncherActivity#109 parentId=106} producedId=11 frameNumber=327 -> producedId=11 frameNumber=11
04-04 10:55:24.616   413   413 E SurfaceFlinger: Out of order buffers detected for RequestedLayerState{com.google.android.apps.nexuslauncher/com.google.android.apps.nexuslauncher.NexusLauncherActivity#109 parentId=106} producedId=11 frameNumber=327 -> producedId=11 frameNumber=12
04-04 10:55:24.633   413   413 E SurfaceFlinger: Out of order buffers detected for RequestedLayerState{com.google.android.apps.nexuslauncher/com.google.android.apps.nexuslauncher.NexusLauncherActivity#109 parentId=106} producedId=11 frameNumber=327 -> producedId=11 frameNumber=13
04-04 10:55:24.649   413   413 E SurfaceFlinger: Out of order buffers detected for RequestedLayerState{com.google.android.apps.nexuslauncher/com.google.android.apps.nexuslauncher.NexusLauncherActivity#109 parentId=106} producedId=11 frameNumber=327 -> producedId=11 frameNumber=14
04-04 10:55:24.666   413   413 E SurfaceFlinger: Out of order buffers detected for RequestedLayerState{com.google.android.apps.nexuslauncher/com.google.android.apps.nexuslauncher.NexusLauncherActivity#109 parentId=106} producedId=11 frameNumber=327 -> producedId=11 frameNumber=15
04-04 10:55:24.699   413   413 E SurfaceFlinger: Out of order buffers detected for RequestedLayerState{com.google.android.apps.nexuslauncher/com.google.android.apps.nexuslauncher.NexusLauncherActivity#109 parentId=106} producedId=11 frameNumber=327 -> producedId=11 frameNumber=16
04-04 10:55:24.716   413   413 E SurfaceFlinger: Out of order buffers detected for RequestedLayerState{com.google.android.apps.nexuslauncher/com.google.android.apps.nexuslauncher.NexusLauncherActivity#109 parentId=106} producedId=11 frameNumber=327 -> producedId=11 frameNumber=17
04-04 10:55:24.733   413   413 E SurfaceFlinger: Out of order buffers detected for RequestedLayerState{com.google.android.apps.nexuslauncher/com.google.android.apps.nexuslauncher.NexusLauncherActivity#109 parentId=106} producedId=11 frameNumber=327 -> producedId=11 frameNumber=18
04-04 10:55:24.750   413   413 E SurfaceFlinger: Out of order buffers detected for RequestedLayerState{com.google.android.apps.nexuslauncher/com.google.android.apps.nexuslauncher.NexusLauncherActivity#109 parentId=106} producedId=11 frameNumber=327 -> producedId=11 frameNumber=19
04-04 10:55:24.766   413   413 E SurfaceFlinger: Out of order buffers detected for RequestedLayerState{com.google.android.apps.nexuslauncher/com.google.android.apps.nexuslauncher.NexusLauncherActivity#109 parentId=106} producedId=11 frameNumber=327 -> producedId=11 frameNumber=20
04-04 10:55:24.783   413   413 E SurfaceFlinger: Out of order buffers detected for RequestedLayerState{com.google.android.apps.nexuslauncher/com.google.android.apps.nexuslauncher.NexusLauncherActivity#109 parentId=106} producedId=11 frameNumber=327 -> producedId=11 frameNumber=21
04-04 10:55:24.800   413   413 E SurfaceFlinger: Out of order buffers detected for RequestedLayerState{com.google.android.apps.nexuslauncher/com.google.android.apps.nexuslauncher.NexusLauncherActivity#109 parentId=106} producedId=11 frameNumber=327 -> producedId=11 frameNumber=22
04-04 10:55:24.816   413   413 E SurfaceFlinger: Out of order buffers detected for RequestedLayerState{com.google.android.apps.nexuslauncher/com.google.android.apps.nexuslauncher.NexusLauncherActivity#109 parentId=106} producedId=11 frameNumber=327 -> producedId=11 frameNumber=23
04-04 10:55:24.833   413   413 E SurfaceFlinger: Out of order buffers detected for RequestedLayerState{com.google.android.apps.nexuslauncher/com.google.android.apps.nexuslauncher.NexusLauncherActivity#109 parentId=106} producedId=11 frameNumber=327 -> producedId=11 frameNumber=24
04-04 10:55:24.854   413   413 E SurfaceFlinger: Out of order buffers detected for RequestedLayerState{com.google.android.apps.nexuslauncher/com.google.android.apps.nexuslauncher.NexusLauncherActivity#109 parentId=106} producedId=11 frameNumber=327 -> producedId=11 frameNumber=25
04-04 10:55:24.866   413   413 E SurfaceFlinger: Out of order buffers detected for RequestedLayerState{com.google.android.apps.nexuslauncher/com.google.android.apps.nexuslauncher.NexusLauncherActivity#109 parentId=106} producedId=11 frameNumber=327 -> producedId=11 frameNumber=26
04-04 10:55:24.883   413   413 E SurfaceFlinger: Out of order buffers detected for RequestedLayerState{com.google.android.apps.nexuslauncher/com.google.android.apps.nexuslauncher.NexusLauncherActivity#109 parentId=106} producedId=11 frameNumber=327 -> producedId=11 frameNumber=27
04-04 10:55:24.899   413   413 E SurfaceFlinger: Out of order buffers detected for RequestedLayerState{com.google.android.apps.nexuslauncher/com.google.android.apps.nexuslauncher.NexusLauncherActivity#109 parentId=106} producedId=11 frameNumber=327 -> producedId=11 frameNumber=28
04-04 10:55:24.916   413   413 E SurfaceFlinger: Out of order buffers detected for RequestedLayerState{com.google.android.apps.nexuslauncher/com.google.android.apps.nexuslauncher.NexusLauncherActivity#109 parentId=106} producedId=11 frameNumber=327 -> producedId=11 frameNumber=29
04-04 10:55:24.933   413   413 E SurfaceFlinger: Out of order buffers detected for RequestedLayerState{com.google.android.apps.nexuslauncher/com.google.android.apps.nexuslauncher.NexusLauncherActivity#109 parentId=106} producedId=11 frameNumber=327 -> producedId=11 frameNumber=30
04-04 10:55:25.358   542  1379 E TaskPersister: File error accessing recents directory (directory doesn't exist?).
04-04 10:55:33.483   413   413 E SurfaceFlinger: Out of order buffers detected for RequestedLayerState{com.google.android.apps.nexuslauncher/com.google.android.apps.nexuslauncher.NexusLauncherActivity#109 parentId=106} producedId=11 frameNumber=327 -> producedId=11 frameNumber=31
04-04 10:55:37.264   542  1379 E TaskPersister: File error accessing recents directory (directory doesn't exist?).
04-04 10:55:46.970   542  1597 E ActivityManager: Unable to freeze binder for 5623: -11
04-04 10:55:48.236  5762  5762 E TransactionExecutor: Failed to execute the transaction: tId:-226588305 ClientTransaction{
04-04 10:55:48.236  5762  5762 E TransactionExecutor: tId:-226588305   transactionItems=[
04-04 10:55:48.236  5762  5762 E TransactionExecutor: tId:-226588305     LaunchActivityItem{activityToken=android.os.BinderProxy@b45b418,intent=Intent { flg=0x10000000 cmp=de.gaffga.android.zazentimer/.ZazenTimerActivity },ident=6332808,info=ActivityInfo{d7ff629 de.gaffga.android.zazentimer.ZazenTimerActivity},curConfig={1.0 310mcc260mnc [en_US] ldltr sw411dp w411dp h838dp 420dpi nrml long port finger qwerty/v/v -nav/h winConfig={ mBounds=Rect(0, 0 - 1080, 2400) mAppBounds=Rect(0, 136 - 1080, 2337) mMaxBounds=Rect(0, 0 - 1080, 2400) mDisplayRotation=ROTATION_0 mWindowingMode=fullscreen mActivityType=undefined mAlwaysOnTop=undefined mRotation=ROTATION_0} as.2 s.35 fontWeightAdjustment=0},overrideConfig={1.0 310mcc260mnc [en_US] ldltr sw411dp w411dp h838dp 420dpi nrml long port finger qwerty/v/v -nav/h winConfig={ mBounds=Rect(0, 0 - 1080, 2400) mAppBounds=Rect(0, 136 - 1080, 2337) mMaxBounds=Rect(0, 0 - 1080, 2400) mDisplayRotation=ROTATION_0 mWindowingMode=fullscreen mActivityType=standard mAlwaysOnTop=undefined mRotation=ROTATION_0} as.2 s.3 fontWeightAdjustment=0},deviceId=0,referrer=com.android.shell,procState=2,state=null,persistentState=null,pendingResults=null,pendingNewIntents=null,sceneTransitionInfo=null,profilerInfo=null,assistToken=android.os.BinderProxy@1ceed62,shareableActivityToken=android.os.BinderProxy@d3b1ef3,activityWindowInfo=ActivityWindowInfo{isEmbedded=false, taskBounds=Rect(0, 0 - 1080, 2400), taskFragmentBounds=Rect(0, 0 - 1080, 2400)}}
04-04 10:55:48.236  5762  5762 E TransactionExecutor: tId:-226588305     ResumeActivityItem{mActivityToken=android.os.BinderProxy@b45b418,procState=-1,updateProcState=false,isForward=true,shouldSendCompatFakeFocus=false}
04-04 10:55:48.236  5762  5762 E TransactionExecutor: tId:-226588305     Target activity: de.gaffga.android.zazentimer.ZazenTimerActivity
04-04 10:55:48.236  5762  5762 E TransactionExecutor: tId:-226588305   ]
04-04 10:55:48.236  5762  5762 E TransactionExecutor: tId:-226588305 }
04-04 10:55:48.241  5762  5762 E AndroidRuntime: FATAL EXCEPTION: main
04-04 10:55:48.241  5762  5762 E AndroidRuntime: Process: de.gaffga.android.zazentimer, PID: 5762
04-04 10:55:48.241  5762  5762 E AndroidRuntime: java.lang.RuntimeException: Unable to resume activity {de.gaffga.android.zazentimer/de.gaffga.android.zazentimer.ZazenTimerActivity}: java.lang.SecurityException: de.gaffga.android.zazentimer: One of RECEIVER_EXPORTED or RECEIVER_NOT_EXPORTED should be specified when a receiver isn't being registered exclusively for system broadcasts
04-04 10:55:48.241  5762  5762 E AndroidRuntime: 	at android.app.ActivityThread.performResumeActivity(ActivityThread.java:5309)
04-04 10:55:48.241  5762  5762 E AndroidRuntime: 	at android.app.ActivityThread.handleResumeActivity(ActivityThread.java:5342)
04-04 10:55:48.241  5762  5762 E AndroidRuntime: 	at android.app.servertransaction.ResumeActivityItem.execute(ResumeActivityItem.java:57)
04-04 10:55:48.241  5762  5762 E AndroidRuntime: 	at android.app.servertransaction.ActivityTransactionItem.execute(ActivityTransactionItem.java:60)
04-04 10:55:48.241  5762  5762 E AndroidRuntime: 	at android.app.servertransaction.TransactionExecutor.executeLifecycleItem(TransactionExecutor.java:225)
